
 Start Length Name Class
 0001:00401000 000158914H _TEXT                  CODE
 0002:0055A000 000164258H _DATA                  DATA
 0003:006BE258 000003E28H _BSS                   BSS
 0004:00000000 00000009CH _TLS                   TLS


Detailed map of segments
 0001:000003D8 0000014F C=CODE    S=_TEXT    G=(none)   M=C:\BCC582\LIB\C0W32.OBJ ACBP=A9
 0001:00000528 0000014D C=CODE    S=_TEXT    G=(none)   M=C:\DES\FIVEWIN\DBFQUERY\PRINCIPAL.OBJ ACBP=A9
 0001:00000678 00001421 C=CODE    S=_TEXT    G=(none)   M=C:\DES\FIVEWIN\DBFQUERY\XBROWSE.OBJ ACBP=A9
 0001:00001A9C 0000036D C=CODE    S=_TEXT    G=(none)   M=C:\FWH1312\LIB\FIVEH.LIB|ADOFUNCS ACBP=A9
 0001:00001E0C 0000006A C=CODE    S=_TEXT    G=(none)   M=C:\FWH1312\LIB\FIVEH.LIB|ALERT ACBP=A9
 0001:00001E78 0000036D C=CODE    S=_TEXT    G=(none)   M=C:\FWH1312\LIB\FIVEH.LIB|BITMAP ACBP=A9
 0001:000021E8 000001ED C=CODE    S=_TEXT    G=(none)   M=C:\FWH1312\LIB\FIVEH.LIB|BRUSH ACBP=A9
 0001:000023D8 0000015A C=CODE    S=_TEXT    G=(none)   M=C:\FWH1312\LIB\FIVEH.LIB|BUTTON ACBP=A9
 0001:00002534 000000E2 C=CODE    S=_TEXT    G=(none)   M=C:\FWH1312\LIB\FIVEH.LIB|BUTTONB ACBP=A9
 0001:00002618 000001A2 C=CODE    S=_TEXT    G=(none)   M=C:\FWH1312\LIB\FIVEH.LIB|CHECKBOX ACBP=A9
 0001:000027BC 00000148 C=CODE    S=_TEXT    G=(none)   M=C:\FWH1312\LIB\FIVEH.LIB|CHECKRES ACBP=A9
 0001:00002904 00000112 C=CODE    S=_TEXT    G=(none)   M=C:\FWH1312\LIB\FIVEH.LIB|CLIPBRD ACBP=A9
 0001:00002A18 000002DD C=CODE    S=_TEXT    G=(none)   M=C:\FWH1312\LIB\FIVEH.LIB|COMBOBOX ACBP=A9
 0001:00002CF8 0000045D C=CODE    S=_TEXT    G=(none)   M=C:\FWH1312\LIB\FIVEH.LIB|CONTROL ACBP=A9
 0001:00003158 00000082 C=CODE    S=_TEXT    G=(none)   M=C:\FWH1312\LIB\FIVEH.LIB|CURSOR ACBP=A9
 0001:000031DC 0000054D C=CODE    S=_TEXT    G=(none)   M=C:\FWH1312\LIB\FIVEH.LIB|DATABASE ACBP=A9
 0001:0000372C 000002DD C=CODE    S=_TEXT    G=(none)   M=C:\FWH1312\LIB\FIVEH.LIB|DATAROW ACBP=A9
 0001:00003A0C 00000082 C=CODE    S=_TEXT    G=(none)   M=C:\FWH1312\LIB\FIVEH.LIB|DBTOOLS ACBP=A9
 0001:00003A90 000000CA C=CODE    S=_TEXT    G=(none)   M=C:\FWH1312\LIB\FIVEH.LIB|DDE ACBP=A9
 0001:00003B5C 0000030D C=CODE    S=_TEXT    G=(none)   M=C:\FWH1312\LIB\FIVEH.LIB|DIALOG ACBP=A9
 0001:00003E6C 00000082 C=CODE    S=_TEXT    G=(none)   M=C:\FWH1312\LIB\FIVEH.LIB|DLGFIND ACBP=A9
 0001:00003EF0 00000082 C=CODE    S=_TEXT    G=(none)   M=C:\FWH1312\LIB\FIVEH.LIB|DLGS32 ACBP=A9
 0001:00003F74 0000006A C=CODE    S=_TEXT    G=(none)   M=C:\FWH1312\LIB\FIVEH.LIB|DRAWBMP ACBP=A9
 0001:00003FE0 0000015A C=CODE    S=_TEXT    G=(none)   M=C:\FWH1312\LIB\FIVEH.LIB|ERRSYSW ACBP=A9
 0001:0000413C 00000AED C=CODE    S=_TEXT    G=(none)   M=C:\FWH1312\LIB\FIVEH.LIB|FGET ACBP=A9
 0001:00004C2C 00000232 C=CODE    S=_TEXT    G=(none)   M=C:\FWH1312\LIB\FIVEH.LIB|FILENAME ACBP=A9
 0001:00004E60 00000082 C=CODE    S=_TEXT    G=(none)   M=C:\FWH1312\LIB\FIVEH.LIB|FLINE ACBP=A9
 0001:00004EE4 0000024A C=CODE    S=_TEXT    G=(none)   M=C:\FWH1312\LIB\FIVEH.LIB|FONT ACBP=A9
 0001:00005130 0000006A C=CODE    S=_TEXT    G=(none)   M=C:\FWH1312\LIB\FIVEH.LIB|FWDECODE ACBP=A9
 0001:0000519C 00000052 C=CODE    S=_TEXT    G=(none)   M=C:\FWH1312\LIB\FIVEH.LIB|FWERROR ACBP=A9
 0001:000051F0 000000E2 C=CODE    S=_TEXT    G=(none)   M=C:\FWH1312\LIB\FIVEH.LIB|GETTASKS ACBP=A9
 0001:000052D4 000001A2 C=CODE    S=_TEXT    G=(none)   M=C:\FWH1312\LIB\FIVEH.LIB|GETSYSIN ACBP=A9
 0001:00005478 000000CA C=CODE    S=_TEXT    G=(none)   M=C:\FWH1312\LIB\FIVEH.LIB|GTF ACBP=A9
 0001:00005544 00000112 C=CODE    S=_TEXT    G=(none)   M=C:\FWH1312\LIB\FIVEH.LIB|HELP32 ACBP=A9
 0001:00005658 0000035B C=CODE    S=_TEXT    G=(none)   M=C:\FWH1312\LIB\FIVEH.LIB|HELPCHM ACBP=A9
 0001:000059B4 000000FA C=CODE    S=_TEXT    G=(none)   M=C:\FWH1312\LIB\FIVEH.LIB|GROUP ACBP=A9
 0001:00005AB0 00000112 C=CODE    S=_TEXT    G=(none)   M=C:\FWH1312\LIB\FIVEH.LIB|ICON ACBP=A9
 0001:00005BC4 0000036A C=CODE    S=_TEXT    G=(none)   M=C:\FWH1312\LIB\FIVEH.LIB|IMAGE ACBP=A9
 0001:00005F30 000000CA C=CODE    S=_TEXT    G=(none)   M=C:\FWH1312\LIB\FIVEH.LIB|INI ACBP=A9
 0001:00005FFC 00000265 C=CODE    S=_TEXT    G=(none)   M=C:\FWH1312\LIB\FIVEH.LIB|LISTBOX ACBP=A9
 0001:00006264 0000018A C=CODE    S=_TEXT    G=(none)   M=C:\FWH1312\LIB\FIVEH.LIB|LINKLIST ACBP=A9
 0001:000063F0 00000115 C=CODE    S=_TEXT    G=(none)   M=C:\FWH1312\LIB\FIVEH.LIB|MDICHILD ACBP=A9
 0001:00006508 00000112 C=CODE    S=_TEXT    G=(none)   M=C:\FWH1312\LIB\FIVEH.LIB|MDICLIEN ACBP=A9
 0001:0000661C 000000FA C=CODE    S=_TEXT    G=(none)   M=C:\FWH1312\LIB\FIVEH.LIB|MDIFRAME ACBP=A9
 0001:00006718 000000CA C=CODE    S=_TEXT    G=(none)   M=C:\FWH1312\LIB\FIVEH.LIB|MEMOEDIT ACBP=A9
 0001:000067E4 00000325 C=CODE    S=_TEXT    G=(none)   M=C:\FWH1312\LIB\FIVEH.LIB|MENU ACBP=A9
 0001:00006B0C 0000015A C=CODE    S=_TEXT    G=(none)   M=C:\FWH1312\LIB\FIVEH.LIB|MENUITEM ACBP=A9
 0001:00006C68 000000E2 C=CODE    S=_TEXT    G=(none)   M=C:\FWH1312\LIB\FIVEH.LIB|METER ACBP=A9
 0001:00006D4C 0000030D C=CODE    S=_TEXT    G=(none)   M=C:\FWH1312\LIB\FIVEH.LIB|MGET ACBP=A9
 0001:0000705C 000002C5 C=CODE    S=_TEXT    G=(none)   M=C:\FWH1312\LIB\FIVEH.LIB|MSGBAR ACBP=A9
 0001:00007324 000000B2 C=CODE    S=_TEXT    G=(none)   M=C:\FWH1312\LIB\FIVEH.LIB|MSGMETER ACBP=A9
 0001:000073D8 00000082 C=CODE    S=_TEXT    G=(none)   M=C:\FWH1312\LIB\FIVEH.LIB|MSGRUN ACBP=A9
 0001:0000745C 0000003A C=CODE    S=_TEXT    G=(none)   M=C:\FWH1312\LIB\FIVEH.LIB|ODATA ACBP=A9
 0001:00007498 0000015A C=CODE    S=_TEXT    G=(none)   M=C:\FWH1312\LIB\FIVEH.LIB|OLEFUNCS ACBP=A9
 0001:000075F4 000000B2 C=CODE    S=_TEXT    G=(none)   M=C:\FWH1312\LIB\FIVEH.LIB|PDMENU ACBP=A9
 0001:000076A8 0000009A C=CODE    S=_TEXT    G=(none)   M=C:\FWH1312\LIB\FIVEH.LIB|PDREPORT ACBP=A9
 0001:00007744 0000006A C=CODE    S=_TEXT    G=(none)   M=C:\FWH1312\LIB\FIVEH.LIB|PEN ACBP=A9
 0001:000077B0 0000033D C=CODE    S=_TEXT    G=(none)   M=C:\FWH1312\LIB\FIVEH.LIB|PRINTER ACBP=A9
 0001:00007AF0 00000542 C=CODE    S=_TEXT    G=(none)   M=C:\FWH1312\LIB\FIVEH.LIB|PRV2PDF ACBP=A9
 0001:00008034 00000172 C=CODE    S=_TEXT    G=(none)   M=C:\FWH1312\LIB\FIVEH.LIB|RADIO ACBP=A9
 0001:000081A8 00000142 C=CODE    S=_TEXT    G=(none)   M=C:\FWH1312\LIB\FIVEH.LIB|RADMENU ACBP=A9
 0001:000082EC 00000112 C=CODE    S=_TEXT    G=(none)   M=C:\FWH1312\LIB\FIVEH.LIB|RCOLUMN ACBP=A9
 0001:00008400 00000082 C=CODE    S=_TEXT    G=(none)   M=C:\FWH1312\LIB\FIVEH.LIB|REBAR ACBP=A9
 0001:00008484 0000009A C=CODE    S=_TEXT    G=(none)   M=C:\FWH1312\LIB\FIVEH.LIB|RFILE ACBP=A9
 0001:00008520 000000E2 C=CODE    S=_TEXT    G=(none)   M=C:\FWH1312\LIB\FIVEH.LIB|RGROUP ACBP=A9
 0001:00008604 000000E2 C=CODE    S=_TEXT    G=(none)   M=C:\FWH1312\LIB\FIVEH.LIB|RLINE ACBP=A9
 0001:000086E8 000000B2 C=CODE    S=_TEXT    G=(none)   M=C:\FWH1312\LIB\FIVEH.LIB|RECT ACBP=A9
 0001:0000879C 000000CA C=CODE    S=_TEXT    G=(none)   M=C:\FWH1312\LIB\FIVEH.LIB|REG32 ACBP=A9
 0001:00008868 00000325 C=CODE    S=_TEXT    G=(none)   M=C:\FWH1312\LIB\FIVEH.LIB|REPORT ACBP=A9
 0001:00008B90 000003E5 C=CODE    S=_TEXT    G=(none)   M=C:\FWH1312\LIB\FIVEH.LIB|RPREVIEW ACBP=A9
 0001:00008F78 00000142 C=CODE    S=_TEXT    G=(none)   M=C:\FWH1312\LIB\FIVEH.LIB|SAY ACBP=A9
 0001:000090BC 000007D6 C=CODE    S=_TEXT    G=(none)   M=C:\FWH1312\LIB\FIVEH.LIB|SCINTILA ACBP=A9
 0001:00009894 000000FA C=CODE    S=_TEXT    G=(none)   M=C:\FWH1312\LIB\FIVEH.LIB|SCRLLBAR ACBP=A9
 0001:00009990 0000015A C=CODE    S=_TEXT    G=(none)   M=C:\FWH1312\LIB\FIVEH.LIB|STATUSBA ACBP=A9
 0001:00009AEC 0000012A C=CODE    S=_TEXT    G=(none)   M=C:\FWH1312\LIB\FIVEH.LIB|STRINGS ACBP=A9
 0001:00009C18 000000CA C=CODE    S=_TEXT    G=(none)   M=C:\FWH1312\LIB\FIVEH.LIB|TACCTBL ACBP=A9
 0001:00009CE4 0000006A C=CODE    S=_TEXT    G=(none)   M=C:\FWH1312\LIB\FIVEH.LIB|TCLIPGET ACBP=A9
 0001:00009D50 0000012A C=CODE    S=_TEXT    G=(none)   M=C:\FWH1312\LIB\FIVEH.LIB|TDTPICKE ACBP=A9
 0001:00009E7C 0000048D C=CODE    S=_TEXT    G=(none)   M=C:\FWH1312\LIB\FIVEH.LIB|TGET ACBP=A9
 0001:0000A30C 0000012A C=CODE    S=_TEXT    G=(none)   M=C:\FWH1312\LIB\FIVEH.LIB|TOOLBAR ACBP=A9
 0001:0000A438 000000B2 C=CODE    S=_TEXT    G=(none)   M=C:\FWH1312\LIB\FIVEH.LIB|TIMAGLST ACBP=A9
 0001:0000A4EC 000000B2 C=CODE    S=_TEXT    G=(none)   M=C:\FWH1312\LIB\FIVEH.LIB|TIMER ACBP=A9
 0001:0000A5A0 00000202 C=CODE    S=_TEXT    G=(none)   M=C:\FWH1312\LIB\FIVEH.LIB|TLISTVIE ACBP=A9
 0001:0000A7A4 00000082 C=CODE    S=_TEXT    G=(none)   M=C:\FWH1312\LIB\FIVEH.LIB|TMAIL ACBP=A9
 0001:0000A828 000001BA C=CODE    S=_TEXT    G=(none)   M=C:\FWH1312\LIB\FIVEH.LIB|TMETAFIL ACBP=A9
 0001:0000A9E4 00000142 C=CODE    S=_TEXT    G=(none)   M=C:\FWH1312\LIB\FIVEH.LIB|TMSGITEM ACBP=A9
 0001:0000AB28 0000021A C=CODE    S=_TEXT    G=(none)   M=C:\FWH1312\LIB\FIVEH.LIB|TREEITEM ACBP=A9
 0001:0000AD44 000000B2 C=CODE    S=_TEXT    G=(none)   M=C:\FWH1312\LIB\FIVEH.LIB|TREES ACBP=A9
 0001:0000ADF8 0000057D C=CODE    S=_TEXT    G=(none)   M=C:\FWH1312\LIB\FIVEH.LIB|TRICHEDI ACBP=A9
 0001:0000B378 000000E2 C=CODE    S=_TEXT    G=(none)   M=C:\FWH1312\LIB\FIVEH.LIB|TSTRUCT ACBP=A9
 0001:0000B45C 0000012A C=CODE    S=_TEXT    G=(none)   M=C:\FWH1312\LIB\FIVEH.LIB|TTMPICKE ACBP=A9
 0001:0000B588 000000FA C=CODE    S=_TEXT    G=(none)   M=C:\FWH1312\LIB\FIVEH.LIB|VALBLANK ACBP=A9
 0001:0000B684 0000021C C=CODE    S=_TEXT    G=(none)   M=C:\FWH1312\LIB\FIVEH.LIB|VALTOSTR ACBP=A9
 0001:0000B8A0 00000AD5 C=CODE    S=_TEXT    G=(none)   M=C:\FWH1312\LIB\FIVEH.LIB|WINDOW ACBP=A9
 0001:0000C378 0000003A C=CODE    S=_TEXT    G=(none)   M=C:\FWH1312\LIB\FIVEH.LIB|WQOUT ACBP=A9
 0001:0000C3B4 00000085 C=CODE    S=_TEXT    G=(none)   M=C:\FWH1312\LIB\FIVEH.LIB|XBROWSER ACBP=A9
 0001:0000C43C 00000082 C=CODE    S=_TEXT    G=(none)   M=C:\FWH1312\LIB\FIVEH.LIB|XPAD ACBP=A9
 0001:0000C4C0 0000024D C=CODE    S=_TEXT    G=(none)   M=C:\FWH1312\LIB\FIVEH.LIB|BAR ACBP=A9
 0001:0000C710 000002C5 C=CODE    S=_TEXT    G=(none)   M=C:\FWH1312\LIB\FIVEH.LIB|BTNBMP ACBP=A9
 0001:0000C9D8 00000421 C=CODE    S=_TEXT    G=(none)   M=C:\FWH1312\LIB\FIVEH.LIB|HARBOUR ACBP=A9
 0001:0000CDFC 0000007D C=CODE    S=_TEXT    G=(none)   M=C:\FWH1312\LIB\FIVEHC.LIB|__WNDPRO ACBP=A9
 0001:0000CE7C 00000157 C=CODE    S=_TEXT    G=(none)   M=C:\FWH1312\LIB\FIVEHC.LIB|BMPREAD ACBP=A9
 0001:0000CFD4 0000018F C=CODE    S=_TEXT    G=(none)   M=C:\FWH1312\LIB\FIVEHC.LIB|FFDLGPRC ACBP=A9
 0001:0000D164 0000010C C=CODE    S=_TEXT    G=(none)   M=C:\FWH1312\LIB\FIVEHC.LIB|FFWNDRUN ACBP=A9
 0001:0000D270 000001D1 C=CODE    S=_TEXT    G=(none)   M=C:\FWH1312\LIB\FIVEHC.LIB|HARBOURC ACBP=A9
 0001:0000D444 000000D3 C=CODE    S=_TEXT    G=(none)   M=C:\FWH1312\LIB\FIVEHC.LIB|REBARS ACBP=A9
 0001:0000D518 0000014D C=CODE    S=_TEXT    G=(none)   M=C:\FWH1312\LIB\FIVEHC.LIB|SYSREFRE ACBP=A9
 0001:0000D668 000003B6 C=CODE    S=_TEXT    G=(none)   M=C:\FWH1312\LIB\FIVEHC.LIB|TOOLBARS ACBP=A9
 0001:0000DA20 0000012C C=CODE    S=_TEXT    G=(none)   M=C:\FWH1312\LIB\FIVEHC.LIB|TOOLTIP ACBP=A9
 0001:0000DB4C 0000020C C=CODE    S=_TEXT    G=(none)   M=C:\FWH1312\LIB\FIVEHC.LIB|WNDRUN ACBP=A9
 0001:0000DD58 000005BA C=CODE    S=_TEXT    G=(none)   M=C:\FWH1312\LIB\FIVEHC.LIB|DLGBOX ACBP=A9
 0001:0000E314 0000005D C=CODE    S=_TEXT    G=(none)   M=C:\FWH1312\LIB\FIVEHC.LIB|XPROC ACBP=A9
 0001:0000E374 00002BBB C=CODE    S=_TEXT    G=(none)   M=C:\FWH1312\LIB\FIVEHC.LIB|CTLHDLEH ACBP=A9
 0001:00010F30 000000D7 C=CODE    S=_TEXT    G=(none)   M=C:\FWH1312\LIB\FIVEHC.LIB|AAT ACBP=A9
 0001:00011008 000001B4 C=CODE    S=_TEXT    G=(none)   M=C:\FWH1312\LIB\FIVEHC.LIB|ACCELERA ACBP=A9
 0001:000111BC 000000F4 C=CODE    S=_TEXT    G=(none)   M=C:\FWH1312\LIB\FIVEHC.LIB|ANSIUP ACBP=A9
 0001:000112B0 00000071 C=CODE    S=_TEXT    G=(none)   M=C:\FWH1312\LIB\FIVEHC.LIB|ATOM ACBP=A9
 0001:00011324 00000391 C=CODE    S=_TEXT    G=(none)   M=C:\FWH1312\LIB\FIVEHC.LIB|BARTOOLS ACBP=A9
 0001:000116B8 00000413 C=CODE    S=_TEXT    G=(none)   M=C:\FWH1312\LIB\FIVEHC.LIB|BITMAPS ACBP=A9
 0001:00011ACC 00000E5C C=CODE    S=_TEXT    G=(none)   M=C:\FWH1312\LIB\FIVEHC.LIB|BMPDRAW ACBP=A9
 0001:00012928 0000012F C=CODE    S=_TEXT    G=(none)   M=C:\FWH1312\LIB\FIVEHC.LIB|BMPS ACBP=A9
 0001:00012A58 0000237B C=CODE    S=_TEXT    G=(none)   M=C:\FWH1312\LIB\FIVEHC.LIB|BRUSHES ACBP=A9
 0001:00014DD4 00000567 C=CODE    S=_TEXT    G=(none)   M=C:\FWH1312\LIB\FIVEHC.LIB|CALLDLL ACBP=A9
 0001:0001533C 000001CB C=CODE    S=_TEXT    G=(none)   M=C:\FWH1312\LIB\FIVEHC.LIB|CALDLL32 ACBP=A9
 0001:00015508 000000B3 C=CODE    S=_TEXT    G=(none)   M=C:\FWH1312\LIB\FIVEHC.LIB|CARET ACBP=A9
 0001:000155BC 00000068 C=CODE    S=_TEXT    G=(none)   M=C:\FWH1312\LIB\FIVEHC.LIB|CHANGEPR ACBP=A9
 0001:00015624 000001CC C=CODE    S=_TEXT    G=(none)   M=C:\FWH1312\LIB\FIVEHC.LIB|CLPBRD ACBP=A9
 0001:000157F0 0000012E C=CODE    S=_TEXT    G=(none)   M=C:\FWH1312\LIB\FIVEHC.LIB|CLRCHOOS ACBP=A9
 0001:00015920 00000104 C=CODE    S=_TEXT    G=(none)   M=C:\FWH1312\LIB\FIVEHC.LIB|CLT2SCR ACBP=A9
 0001:00015A24 00000298 C=CODE    S=_TEXT    G=(none)   M=C:\FWH1312\LIB\FIVEHC.LIB|CODEGTF ACBP=A9
 0001:00015CBC 000000F7 C=CODE    S=_TEXT    G=(none)   M=C:\FWH1312\LIB\FIVEHC.LIB|COLOR ACBP=A9
 0001:00015DB4 0000036F C=CODE    S=_TEXT    G=(none)   M=C:\FWH1312\LIB\FIVEHC.LIB|COLORTON ACBP=A9
 0001:00016124 0000002C C=CODE    S=_TEXT    G=(none)   M=C:\FWH1312\LIB\FIVEHC.LIB|CREATEPA ACBP=A9
 0001:00016150 0000002C C=CODE    S=_TEXT    G=(none)   M=C:\FWH1312\LIB\FIVEHC.LIB|CREATEPE ACBP=A9
 0001:0001617C 00000061 C=CODE    S=_TEXT    G=(none)   M=C:\FWH1312\LIB\FIVEHC.LIB|CREATESO ACBP=A9
 0001:000161E0 000000BF C=CODE    S=_TEXT    G=(none)   M=C:\FWH1312\LIB\FIVEHC.LIB|CREATWND ACBP=A9
 0001:000162A0 000002FE C=CODE    S=_TEXT    G=(none)   M=C:\FWH1312\LIB\FIVEHC.LIB|CTL3D ACBP=A9
 0001:000165A0 00000729 C=CODE    S=_TEXT    G=(none)   M=C:\FWH1312\LIB\FIVEHC.LIB|CTRLDRAW ACBP=A9
 0001:00016CCC 000001E0 C=CODE    S=_TEXT    G=(none)   M=C:\FWH1312\LIB\FIVEHC.LIB|CTRL2CHR ACBP=A9
 0001:00016EAC 00000ACC C=CODE    S=_TEXT    G=(none)   M=C:\FWH1312\LIB\FIVEHC.LIB|CURSORS ACBP=A9
 0001:00017978 00000113 C=CODE    S=_TEXT    G=(none)   M=C:\FWH1312\LIB\FIVEHC.LIB|DATEPICK ACBP=A9
 0001:00017A8C 0000072E C=CODE    S=_TEXT    G=(none)   M=C:\FWH1312\LIB\FIVEHC.LIB|DC ACBP=A9
 0001:000181BC 0000007A C=CODE    S=_TEXT    G=(none)   M=C:\FWH1312\LIB\FIVEHC.LIB|DDEXC ACBP=A9
 0001:00018238 00000070 C=CODE    S=_TEXT    G=(none)   M=C:\FWH1312\LIB\FIVEHC.LIB|DELOBJEC ACBP=A9
 0001:000182A8 00000219 C=CODE    S=_TEXT    G=(none)   M=C:\FWH1312\LIB\FIVEHC.LIB|DEVICE ACBP=A9
 0001:000184C4 00000044 C=CODE    S=_TEXT    G=(none)   M=C:\FWH1312\LIB\FIVEHC.LIB|DESKTOP ACBP=A9
 0001:00018508 00000558 C=CODE    S=_TEXT    G=(none)   M=C:\FWH1312\LIB\FIVEHC.LIB|DIB ACBP=A9
 0001:00018A60 000003A1 C=CODE    S=_TEXT    G=(none)   M=C:\FWH1312\LIB\FIVEHC.LIB|DIBBMP ACBP=A9
 0001:00018E04 000001DE C=CODE    S=_TEXT    G=(none)   M=C:\FWH1312\LIB\FIVEHC.LIB|DLG2CHR ACBP=A9
 0001:00018FE4 000001CD C=CODE    S=_TEXT    G=(none)   M=C:\FWH1312\LIB\FIVEHC.LIB|DLOGBOX ACBP=A9
 0001:000191B4 00000034 C=CODE    S=_TEXT    G=(none)   M=C:\FWH1312\LIB\FIVEHC.LIB|DLL ACBP=A9
 0001:000191E8 000002B5 C=CODE    S=_TEXT    G=(none)   M=C:\FWH1312\LIB\FIVEHC.LIB|DOTS ACBP=A9
 0001:000194A0 00000661 C=CODE    S=_TEXT    G=(none)   M=C:\FWH1312\LIB\FIVEHC.LIB|DRAWING ACBP=A9
 0001:00019B04 00000103 C=CODE    S=_TEXT    G=(none)   M=C:\FWH1312\LIB\FIVEHC.LIB|DRAWITEM ACBP=A9
 0001:00019C08 000002FF C=CODE    S=_TEXT    G=(none)   M=C:\FWH1312\LIB\FIVEHC.LIB|DRIVES ACBP=A9
 0001:00019F08 000000D0 C=CODE    S=_TEXT    G=(none)   M=C:\FWH1312\LIB\FIVEHC.LIB|DROPFILE ACBP=A9
 0001:00019FD8 00000244 C=CODE    S=_TEXT    G=(none)   M=C:\FWH1312\LIB\FIVEHC.LIB|FGETCLIP ACBP=A9
 0001:0001A21C 00001398 C=CODE    S=_TEXT    G=(none)   M=C:\FWH1312\LIB\FIVEHC.LIB|FGETLINE ACBP=A9
 0001:0001B5B4 000000A9 C=CODE    S=_TEXT    G=(none)   M=C:\FWH1312\LIB\FIVEHC.LIB|FINDTEXT ACBP=A9
 0001:0001B660 000007BB C=CODE    S=_TEXT    G=(none)   M=C:\FWH1312\LIB\FIVEHC.LIB|FONTS ACBP=A9
 0001:0001BE1C 000002D1 C=CODE    S=_TEXT    G=(none)   M=C:\FWH1312\LIB\FIVEHC.LIB|FTEXT ACBP=A9
 0001:0001C0F0 00000552 C=CODE    S=_TEXT    G=(none)   M=C:\FWH1312\LIB\FIVEHC.LIB|FWARRAY ACBP=A9
 0001:0001C644 00001354 C=CODE    S=_TEXT    G=(none)   M=C:\FWH1312\LIB\FIVEHC.LIB|FWBMP ACBP=A9
 0001:0001D998 0000051B C=CODE    S=_TEXT    G=(none)   M=C:\FWH1312\LIB\FIVEHC.LIB|FWPALCTL ACBP=A9
 0001:0001DEB4 00000B52 C=CODE    S=_TEXT    G=(none)   M=C:\FWH1312\LIB\FIVEHC.LIB|FWPNG ACBP=A9
 0001:0001EA08 0000011A C=CODE    S=_TEXT    G=(none)   M=C:\FWH1312\LIB\FIVEHC.LIB|GETDIR ACBP=A9
 0001:0001EB24 0000006C C=CODE    S=_TEXT    G=(none)   M=C:\FWH1312\LIB\FIVEHC.LIB|GETDLGIT ACBP=A9
 0001:0001EB90 000004CE C=CODE    S=_TEXT    G=(none)   M=C:\FWH1312\LIB\FIVEHC.LIB|GETFILE ACBP=A9
 0001:0001F060 000000DE C=CODE    S=_TEXT    G=(none)   M=C:\FWH1312\LIB\FIVEHC.LIB|GETPROCA ACBP=A9
 0001:0001F140 0000005E C=CODE    S=_TEXT    G=(none)   M=C:\FWH1312\LIB\FIVEHC.LIB|GETSTKOB ACBP=A9
 0001:0001F1A0 000000F4 C=CODE    S=_TEXT    G=(none)   M=C:\FWH1312\LIB\FIVEHC.LIB|GETTEXT ACBP=A9
 0001:0001F294 00000100 C=CODE    S=_TEXT    G=(none)   M=C:\FWH1312\LIB\FIVEHC.LIB|GETTEXTW ACBP=A9
 0001:0001F394 000000C4 C=CODE    S=_TEXT    G=(none)   M=C:\FWH1312\LIB\FIVEHC.LIB|GETWND ACBP=A9
 0001:0001F458 000004AA C=CODE    S=_TEXT    G=(none)   M=C:\FWH1312\LIB\FIVEHC.LIB|HANDLIST ACBP=A9
 0001:0001F904 00000270 C=CODE    S=_TEXT    G=(none)   M=C:\FWH1312\LIB\FIVEHC.LIB|HELP ACBP=A9
 0001:0001FB74 000000B8 C=CODE    S=_TEXT    G=(none)   M=C:\FWH1312\LIB\FIVEHC.LIB|HILOWORD ACBP=A9
 0001:0001FC2C 00000619 C=CODE    S=_TEXT    G=(none)   M=C:\FWH1312\LIB\FIVEHC.LIB|ICONS ACBP=A9
 0001:00020248 000001FF C=CODE    S=_TEXT    G=(none)   M=C:\FWH1312\LIB\FIVEHC.LIB|IMAGELIS ACBP=A9
 0001:00020448 00000119 C=CODE    S=_TEXT    G=(none)   M=C:\FWH1312\LIB\FIVEHC.LIB|INSTANCE ACBP=A9
 0001:00020564 000001B0 C=CODE    S=_TEXT    G=(none)   M=C:\FWH1312\LIB\FIVEHC.LIB|KEYBRD ACBP=A9
 0001:00020714 0000011F C=CODE    S=_TEXT    G=(none)   M=C:\FWH1312\LIB\FIVEHC.LIB|LBX ACBP=A9
 0001:00020834 000004B4 C=CODE    S=_TEXT    G=(none)   M=C:\FWH1312\LIB\FIVEHC.LIB|LISTVIEW ACBP=A9
 0001:00020CE8 0000008D C=CODE    S=_TEXT    G=(none)   M=C:\FWH1312\LIB\FIVEHC.LIB|LOADBMP ACBP=A9
 0001:00020D78 00000034 C=CODE    S=_TEXT    G=(none)   M=C:\FWH1312\LIB\FIVEHC.LIB|MAKELONG ACBP=A9
 0001:00020DAC 00000F15 C=CODE    S=_TEXT    G=(none)   M=C:\FWH1312\LIB\FIVEHC.LIB|MAPI ACBP=A9
 0001:00021CC4 00000245 C=CODE    S=_TEXT    G=(none)   M=C:\FWH1312\LIB\FIVEHC.LIB|MDI ACBP=A9
 0001:00021F0C 000001E8 C=CODE    S=_TEXT    G=(none)   M=C:\FWH1312\LIB\FIVEHC.LIB|MEM ACBP=A9
 0001:000220F4 00000730 C=CODE    S=_TEXT    G=(none)   M=C:\FWH1312\LIB\FIVEHC.LIB|MENUS ACBP=A9
 0001:00022824 0000032C C=CODE    S=_TEXT    G=(none)   M=C:\FWH1312\LIB\FIVEHC.LIB|METAFILE ACBP=A9
 0001:00022B50 000002B8 C=CODE    S=_TEXT    G=(none)   M=C:\FWH1312\LIB\FIVEHC.LIB|METAFI32 ACBP=A9
 0001:00022E08 00000253 C=CODE    S=_TEXT    G=(none)   M=C:\FWH1312\LIB\FIVEHC.LIB|METPAINT ACBP=A9
 0001:0002305C 000000A1 C=CODE    S=_TEXT    G=(none)   M=C:\FWH1312\LIB\FIVEHC.LIB|MGETCREA ACBP=A9
 0001:00023100 000000A3 C=CODE    S=_TEXT    G=(none)   M=C:\FWH1312\LIB\FIVEHC.LIB|MKDIR ACBP=A9
 0001:000231A4 0000006A C=CODE    S=_TEXT    G=(none)   M=C:\FWH1312\LIB\FIVEHC.LIB|MOVETO ACBP=A9
 0001:00023210 0000001F C=CODE    S=_TEXT    G=(none)   M=C:\FWH1312\LIB\FIVEHC.LIB|MSGBEEP ACBP=A9
 0001:00023230 000008EA C=CODE    S=_TEXT    G=(none)   M=C:\FWH1312\LIB\FIVEHC.LIB|MSGS ACBP=A9
 0001:00023B1C 00000159 C=CODE    S=_TEXT    G=(none)   M=C:\FWH1312\LIB\FIVEHC.LIB|MSGSAPI ACBP=A9
 0001:00023C78 00000406 C=CODE    S=_TEXT    G=(none)   M=C:\FWH1312\LIB\FIVEHC.LIB|MSGTOOLS ACBP=A9
 0001:00024080 0000006D C=CODE    S=_TEXT    G=(none)   M=C:\FWH1312\LIB\FIVEHC.LIB|NOTIFY ACBP=A9
 0001:000240F0 000001BD C=CODE    S=_TEXT    G=(none)   M=C:\FWH1312\LIB\FIVEHC.LIB|OEMANSI ACBP=A9
 0001:000242B0 00000079 C=CODE    S=_TEXT    G=(none)   M=C:\FWH1312\LIB\FIVEHC.LIB|ONOFFBMP ACBP=A9
 0001:0002432C 000001E9 C=CODE    S=_TEXT    G=(none)   M=C:\FWH1312\LIB\FIVEHC.LIB|OR ACBP=A9
 0001:00024518 00000058 C=CODE    S=_TEXT    G=(none)   M=C:\FWH1312\LIB\FIVEHC.LIB|PAINT ACBP=A9
 0001:00024570 0000005C C=CODE    S=_TEXT    G=(none)   M=C:\FWH1312\LIB\FIVEHC.LIB|PEEKMSG ACBP=A9
 0001:000245CC 00000C54 C=CODE    S=_TEXT    G=(none)   M=C:\FWH1312\LIB\FIVEHC.LIB|PRINTDC ACBP=A9
 0001:00025220 0000020F C=CODE    S=_TEXT    G=(none)   M=C:\FWH1312\LIB\FIVEHC.LIB|PROFILE ACBP=A9
 0001:00025430 0000074F C=CODE    S=_TEXT    G=(none)   M=C:\FWH1312\LIB\FIVEHC.LIB|RECTS ACBP=A9
 0001:00025B80 0000010D C=CODE    S=_TEXT    G=(none)   M=C:\FWH1312\LIB\FIVEHC.LIB|REGCLASS ACBP=A9
 0001:00025C90 00000391 C=CODE    S=_TEXT    G=(none)   M=C:\FWH1312\LIB\FIVEHC.LIB|REGEDIT ACBP=A9
 0001:00026024 0000039C C=CODE    S=_TEXT    G=(none)   M=C:\FWH1312\LIB\FIVEHC.LIB|REGIONS ACBP=A9
 0001:000263C0 000002AD C=CODE    S=_TEXT    G=(none)   M=C:\FWH1312\LIB\FIVEHC.LIB|RESOURCE ACBP=A9
 0001:00026670 000019FD C=CODE    S=_TEXT    G=(none)   M=C:\FWH1312\LIB\FIVEHC.LIB|RIBBON ACBP=A9
 0001:00028070 00002128 C=CODE    S=_TEXT    G=(none)   M=C:\FWH1312\LIB\FIVEHC.LIB|RICHEDIT ACBP=A9
 0001:0002A198 000001BA C=CODE    S=_TEXT    G=(none)   M=C:\FWH1312\LIB\FIVEHC.LIB|SCROLL ACBP=A9
 0001:0002A354 00000023 C=CODE    S=_TEXT    G=(none)   M=C:\FWH1312\LIB\FIVEHC.LIB|SELOBJEC ACBP=A9
 0001:0002A378 00000057 C=CODE    S=_TEXT    G=(none)   M=C:\FWH1312\LIB\FIVEHC.LIB|SETMAPMO ACBP=A9
 0001:0002A3D0 00000048 C=CODE    S=_TEXT    G=(none)   M=C:\FWH1312\LIB\FIVEHC.LIB|SETTEXT ACBP=A9
 0001:0002A418 000002BE C=CODE    S=_TEXT    G=(none)   M=C:\FWH1312\LIB\FIVEHC.LIB|STRTOKEN ACBP=A9
 0001:0002A6D8 00000303 C=CODE    S=_TEXT    G=(none)   M=C:\FWH1312\LIB\FIVEHC.LIB|TEXT ACBP=A9
 0001:0002A9DC 00000FF1 C=CODE    S=_TEXT    G=(none)   M=C:\FWH1312\LIB\FIVEHC.LIB|THEMES ACBP=A9
 0001:0002B9D0 000000CB C=CODE    S=_TEXT    G=(none)   M=C:\FWH1312\LIB\FIVEHC.LIB|TIMEPICK ACBP=A9
 0001:0002BA9C 00000069 C=CODE    S=_TEXT    G=(none)   M=C:\FWH1312\LIB\FIVEHC.LIB|TIMERS ACBP=A9
 0001:0002BB08 00000178 C=CODE    S=_TEXT    G=(none)   M=C:\FWH1312\LIB\FIVEHC.LIB|WINDOWS ACBP=A9
 0001:0002BC80 0000021C C=CODE    S=_TEXT    G=(none)   M=C:\FWH1312\LIB\FIVEHC.LIB|WINEXEC ACBP=A9
 0001:0002BE9C 00000035 C=CODE    S=_TEXT    G=(none)   M=C:\FWH1312\LIB\FIVEHC.LIB|WIN2000 ACBP=A9
 0001:0002BED4 000000A9 C=CODE    S=_TEXT    G=(none)   M=C:\FWH1312\LIB\FIVEHC.LIB|WMOUSE ACBP=A9
 0001:0002BF80 00000731 C=CODE    S=_TEXT    G=(none)   M=C:\FWH1312\LIB\FIVEHC.LIB|WNDBOXES ACBP=A9
 0001:0002C6B4 000001AB C=CODE    S=_TEXT    G=(none)   M=C:\FWH1312\LIB\FIVEHC.LIB|WNDCENTE ACBP=A9
 0001:0002C860 00000033 C=CODE    S=_TEXT    G=(none)   M=C:\FWH1312\LIB\FIVEHC.LIB|WNDDESTR ACBP=A9
 0001:0002C894 000004F6 C=CODE    S=_TEXT    G=(none)   M=C:\FWH1312\LIB\FIVEHC.LIB|WNDIS ACBP=A9
 0001:0002CD8C 0000007B C=CODE    S=_TEXT    G=(none)   M=C:\FWH1312\LIB\FIVEHC.LIB|WNDISOVE ACBP=A9
 0001:0002CE08 00000B7F C=CODE    S=_TEXT    G=(none)   M=C:\FWH1312\LIB\FIVEHC.LIB|WNDMOVE ACBP=A9
 0001:0002D988 00000050 C=CODE    S=_TEXT    G=(none)   M=C:\FWH1312\LIB\FIVEHC.LIB|WNDPOS ACBP=A9
 0001:0002D9D8 000001F7 C=CODE    S=_TEXT    G=(none)   M=C:\FWH1312\LIB\FIVEHC.LIB|WNDPRINT ACBP=A9
 0001:0002DBD0 000002F8 C=CODE    S=_TEXT    G=(none)   M=C:\FWH1312\LIB\FIVEHC.LIB|WNDSAY ACBP=A9
 0001:0002DEC8 00000240 C=CODE    S=_TEXT    G=(none)   M=C:\FWH1312\LIB\FIVEHC.LIB|WNDSCROL ACBP=A9
 0001:0002E108 0000003B C=CODE    S=_TEXT    G=(none)   M=C:\FWH1312\LIB\FIVEHC.LIB|WNDUPDAT ACBP=A9
 0001:0002E144 0000029A C=CODE    S=_TEXT    G=(none)   M=C:\FWH1312\LIB\FIVEHC.LIB|XBROWSEC ACBP=A9
 0001:0002E3E0 0000005C C=CODE    S=_TEXT    G=(none)   M=C:\HBFW\LIB\XHB.LIB|decode ACBP=A9
 0001:0002E43C 00000200 C=CODE    S=_TEXT    G=(none)   M=C:\HBFW\LIB\XHB.LIB|xhbole ACBP=A9
 0001:0002E63C 00000036 C=CODE    S=_TEXT    G=(none)   M=C:\HBFW\LIB\XHB.LIB|xhbdate ACBP=A9
 0001:0002E674 000004B2 C=CODE    S=_TEXT    G=(none)   M=C:\HBFW\LIB\XHB.LIB|xhbfunc ACBP=A9
 0001:0002EB28 00000106 C=CODE    S=_TEXT    G=(none)   M=C:\HBFW\LIB\XHB.LIB|xhbhash ACBP=A9
 0001:0002EC30 00000051 C=CODE    S=_TEXT    G=(none)   M=C:\HBFW\LIB\XHB.LIB|xhbmtc ACBP=A9
 0001:0002EC84 00000034 C=CODE    S=_TEXT    G=(none)   M=C:\HBFW\LIB\XHB.LIB|xhbolec ACBP=A9
 0001:0002ECB8 00000091 C=CODE    S=_TEXT    G=(none)   M=C:\HBFW\LIB\XHB.LIB|xhbwin ACBP=A9
 0001:0002ED4C 0000004F C=CODE    S=_TEXT    G=(none)   M=C:\HBFW\LIB\XHB.LIB|xthrow ACBP=A9
 0001:0002ED9C 0000016C C=CODE    S=_TEXT    G=(none)   M=C:\HBFW\LIB\HBRTL.LIB|abs ACBP=A9
 0001:0002EF08 00000228 C=CODE    S=_TEXT    G=(none)   M=C:\HBFW\LIB\HBRTL.LIB|at ACBP=A9
 0001:0002F130 0000010A C=CODE    S=_TEXT    G=(none)   M=C:\HBFW\LIB\HBRTL.LIB|binnum ACBP=A9
 0001:0002F23C 00004662 C=CODE    S=_TEXT    G=(none)   M=C:\HBFW\LIB\HBRTL.LIB|cdpapi ACBP=A9
 0001:000338A0 00000C76 C=CODE    S=_TEXT    G=(none)   M=C:\HBFW\LIB\HBRTL.LIB|cdpapihb ACBP=A9
 0001:00034518 000000E3 C=CODE    S=_TEXT    G=(none)   M=C:\HBFW\LIB\HBRTL.LIB|chrasc ACBP=A9
 0001:000345FC 000000AB C=CODE    S=_TEXT    G=(none)   M=C:\HBFW\LIB\HBRTL.LIB|colorind ACBP=A9
 0001:000346A8 00000B49 C=CODE    S=_TEXT    G=(none)   M=C:\HBFW\LIB\HBRTL.LIB|console ACBP=A9
 0001:000351F4 000000EC C=CODE    S=_TEXT    G=(none)   M=C:\HBFW\LIB\HBRTL.LIB|cputime ACBP=A9
 0001:000352E0 00000131 C=CODE    S=_TEXT    G=(none)   M=C:\HBFW\LIB\HBRTL.LIB|datec ACBP=A9
 0001:00035414 00000B82 C=CODE    S=_TEXT    G=(none)   M=C:\HBFW\LIB\HBRTL.LIB|dates ACBP=A9
 0001:00035F98 00000B9B C=CODE    S=_TEXT    G=(none)   M=C:\HBFW\LIB\HBRTL.LIB|dateshb ACBP=A9
 0001:00036B34 00000032 C=CODE    S=_TEXT    G=(none)   M=C:\HBFW\LIB\HBRTL.LIB|datesx ACBP=A9
 0001:00036B68 0000016E C=CODE    S=_TEXT    G=(none)   M=C:\HBFW\LIB\HBRTL.LIB|direct ACBP=A9
 0001:00036CD8 00000394 C=CODE    S=_TEXT    G=(none)   M=C:\HBFW\LIB\HBRTL.LIB|disksphb ACBP=A9
 0001:0003706C 000000F2 C=CODE    S=_TEXT    G=(none)   M=C:\HBFW\LIB\HBRTL.LIB|do ACBP=A9
 0001:00037160 0000022C C=CODE    S=_TEXT    G=(none)   M=C:\HBFW\LIB\HBRTL.LIB|empty ACBP=A9
 0001:0003738C 0000151F C=CODE    S=_TEXT    G=(none)   M=C:\HBFW\LIB\HBRTL.LIB|errapi ACBP=A9
 0001:000388AC 00000046 C=CODE    S=_TEXT    G=(none)   M=C:\HBFW\LIB\HBRTL.LIB|errint ACBP=A9
 0001:000388F4 000002D1 C=CODE    S=_TEXT    G=(none)   M=C:\HBFW\LIB\HBRTL.LIB|errintlo ACBP=A9
 0001:00038BC8 000000E1 C=CODE    S=_TEXT    G=(none)   M=C:\HBFW\LIB\HBRTL.LIB|file ACBP=A9
 0001:00038CAC 000012F5 C=CODE    S=_TEXT    G=(none)   M=C:\HBFW\LIB\HBRTL.LIB|filebuf ACBP=A9
 0001:00039FA4 00000027 C=CODE    S=_TEXT    G=(none)   M=C:\HBFW\LIB\HBRTL.LIB|filehb ACBP=A9
 0001:00039FCC 000021DF C=CODE    S=_TEXT    G=(none)   M=C:\HBFW\LIB\HBRTL.LIB|filesys ACBP=A9
 0001:0003C1AC 00000017 C=CODE    S=_TEXT    G=(none)   M=C:\HBFW\LIB\HBRTL.LIB|fmhb ACBP=A9
 0001:0003C1C4 00000164 C=CODE    S=_TEXT    G=(none)   M=C:\HBFW\LIB\HBRTL.LIB|fscopy ACBP=A9
 0001:0003C328 000000CA C=CODE    S=_TEXT    G=(none)   M=C:\HBFW\LIB\HBRTL.LIB|fserr ACBP=A9
 0001:0003C3F4 000003EA C=CODE    S=_TEXT    G=(none)   M=C:\HBFW\LIB\HBRTL.LIB|fslink ACBP=A9
 0001:0003C7E0 000003FF C=CODE    S=_TEXT    G=(none)   M=C:\HBFW\LIB\HBRTL.LIB|fstemp ACBP=A9
 0001:0003CBE0 000000DC C=CODE    S=_TEXT    G=(none)   M=C:\HBFW\LIB\HBRTL.LIB|gete ACBP=A9
 0001:0003CCBC 000011D2 C=CODE    S=_TEXT    G=(none)   M=C:\HBFW\LIB\HBRTL.LIB|gtapi ACBP=A9
 0001:0003DE90 00000355 C=CODE    S=_TEXT    G=(none)   M=C:\HBFW\LIB\HBRTL.LIB|gtclip ACBP=A9
 0001:0003E1E8 00000234 C=CODE    S=_TEXT    G=(none)   M=C:\HBFW\LIB\HBRTL.LIB|gtkbstat ACBP=A9
 0001:0003E41C 0000024C C=CODE    S=_TEXT    G=(none)   M=C:\HBFW\LIB\HBRTL.LIB|gttone ACBP=A9
 0001:0003E668 0000017F C=CODE    S=_TEXT    G=(none)   M=C:\HBFW\LIB\HBRTL.LIB|hbadler ACBP=A9
 0001:0003E7E8 000001F1 C=CODE    S=_TEXT    G=(none)   M=C:\HBFW\LIB\HBRTL.LIB|hbascii ACBP=A9
 0001:0003E9DC 0000030F C=CODE    S=_TEXT    G=(none)   M=C:\HBFW\LIB\HBRTL.LIB|hbbit ACBP=A9
 0001:0003ECEC 0000050A C=CODE    S=_TEXT    G=(none)   M=C:\HBFW\LIB\HBRTL.LIB|hbcrc ACBP=A9
 0001:0003F1F8 0000019A C=CODE    S=_TEXT    G=(none)   M=C:\HBFW\LIB\HBRTL.LIB|hbdef ACBP=A9
 0001:0003F394 0000508C C=CODE    S=_TEXT    G=(none)   M=C:\HBFW\LIB\HBRTL.LIB|hbgtcore ACBP=A9
 0001:00044420 000003D0 C=CODE    S=_TEXT    G=(none)   M=C:\HBFW\LIB\HBRTL.LIB|hbhex ACBP=A9
 0001:000447F0 0000177E C=CODE    S=_TEXT    G=(none)   M=C:\HBFW\LIB\HBRTL.LIB|hbi18n1 ACBP=A9
 0001:00045F70 00000060 C=CODE    S=_TEXT    G=(none)   M=C:\HBFW\LIB\HBRTL.LIB|hbntos ACBP=A9
 0001:00045FD0 000002D4 C=CODE    S=_TEXT    G=(none)   M=C:\HBFW\LIB\HBRTL.LIB|hbrandom ACBP=A9
 0001:000462A4 000001D1 C=CODE    S=_TEXT    G=(none)   M=C:\HBFW\LIB\HBRTL.LIB|hbregexc ACBP=A9
 0001:00046478 000000AB C=CODE    S=_TEXT    G=(none)   M=C:\HBFW\LIB\HBRTL.LIB|hbstrsh ACBP=A9
 0001:00046524 0000063B C=CODE    S=_TEXT    G=(none)   M=C:\HBFW\LIB\HBRTL.LIB|hbtoken ACBP=A9
 0001:00046B60 000000BE C=CODE    S=_TEXT    G=(none)   M=C:\HBFW\LIB\HBRTL.LIB|hbzlibc ACBP=A9
 0001:00046C20 000002EA C=CODE    S=_TEXT    G=(none)   M=C:\HBFW\LIB\HBRTL.LIB|idle ACBP=A9
 0001:00046F0C 000004E7 C=CODE    S=_TEXT    G=(none)   M=C:\HBFW\LIB\HBRTL.LIB|inkey ACBP=A9
 0001:000473F4 0000053A C=CODE    S=_TEXT    G=(none)   M=C:\HBFW\LIB\HBRTL.LIB|inkeyapi ACBP=A9
 0001:00047930 000000B0 C=CODE    S=_TEXT    G=(none)   M=C:\HBFW\LIB\HBRTL.LIB|is ACBP=A9
 0001:000479E0 00002FC6 C=CODE    S=_TEXT    G=(none)   M=C:\HBFW\LIB\HBRTL.LIB|itemseri ACBP=A9
 0001:0004A9A8 000004C1 C=CODE    S=_TEXT    G=(none)   M=C:\HBFW\LIB\HBRTL.LIB|langapi ACBP=A9
 0001:0004AE6C 000001BA C=CODE    S=_TEXT    G=(none)   M=C:\HBFW\LIB\HBRTL.LIB|left ACBP=A9
 0001:0004B028 00000096 C=CODE    S=_TEXT    G=(none)   M=C:\HBFW\LIB\HBRTL.LIB|len ACBP=A9
 0001:0004B0C0 0000097C C=CODE    S=_TEXT    G=(none)   M=C:\HBFW\LIB\HBRTL.LIB|math ACBP=A9
 0001:0004BA3C 00000178 C=CODE    S=_TEXT    G=(none)   M=C:\HBFW\LIB\HBRTL.LIB|memofile ACBP=A9
 0001:0004BBB4 00000390 C=CODE    S=_TEXT    G=(none)   M=C:\HBFW\LIB\HBRTL.LIB|minmax ACBP=A9
 0001:0004BF44 00000807 C=CODE    S=_TEXT    G=(none)   M=C:\HBFW\LIB\HBRTL.LIB|mlcfunc ACBP=A9
 0001:0004C74C 000000B7 C=CODE    S=_TEXT    G=(none)   M=C:\HBFW\LIB\HBRTL.LIB|net ACBP=A9
 0001:0004C804 00000006 C=CODE    S=_TEXT    G=(none)   M=C:\HBFW\LIB\HBRTL.LIB|pad ACBP=A9
 0001:0004C80C 00000296 C=CODE    S=_TEXT    G=(none)   M=C:\HBFW\LIB\HBRTL.LIB|padc ACBP=A9
 0001:0004CAA4 00000236 C=CODE    S=_TEXT    G=(none)   M=C:\HBFW\LIB\HBRTL.LIB|padl ACBP=A9
 0001:0004CCDC 00000222 C=CODE    S=_TEXT    G=(none)   M=C:\HBFW\LIB\HBRTL.LIB|padr ACBP=A9
 0001:0004CF00 00000AEC C=CODE    S=_TEXT    G=(none)   M=C:\HBFW\LIB\HBRTL.LIB|philes ACBP=A9
 0001:0004D9EC 000001EF C=CODE    S=_TEXT    G=(none)   M=C:\HBFW\LIB\HBRTL.LIB|rat ACBP=A9
 0001:0004DBDC 00000104 C=CODE    S=_TEXT    G=(none)   M=C:\HBFW\LIB\HBRTL.LIB|replic ACBP=A9
 0001:0004DCE0 000000D1 C=CODE    S=_TEXT    G=(none)   M=C:\HBFW\LIB\HBRTL.LIB|right ACBP=A9
 0001:0004DDB4 0000010E C=CODE    S=_TEXT    G=(none)   M=C:\HBFW\LIB\HBRTL.LIB|round ACBP=A9
 0001:0004DEC4 000001DC C=CODE    S=_TEXT    G=(none)   M=C:\HBFW\LIB\HBRTL.LIB|samples ACBP=A9
 0001:0004E0A0 00000080 C=CODE    S=_TEXT    G=(none)   M=C:\HBFW\LIB\HBRTL.LIB|seconds ACBP=A9
 0001:0004E120 00000119 C=CODE    S=_TEXT    G=(none)   M=C:\HBFW\LIB\HBRTL.LIB|setcolor ACBP=A9
 0001:0004E23C 00000057 C=CODE    S=_TEXT    G=(none)   M=C:\HBFW\LIB\HBRTL.LIB|setcurs ACBP=A9
 0001:0004E294 000005F1 C=CODE    S=_TEXT    G=(none)   M=C:\HBFW\LIB\HBRTL.LIB|setkey ACBP=A9
 0001:0004E888 00000097 C=CODE    S=_TEXT    G=(none)   M=C:\HBFW\LIB\HBRTL.LIB|setpos ACBP=A9
 0001:0004E920 0000002B C=CODE    S=_TEXT    G=(none)   M=C:\HBFW\LIB\HBRTL.LIB|setposbs ACBP=A9
 0001:0004E94C 00000066 C=CODE    S=_TEXT    G=(none)   M=C:\HBFW\LIB\HBRTL.LIB|space ACBP=A9
 0001:0004E9B4 000002FA C=CODE    S=_TEXT    G=(none)   M=C:\HBFW\LIB\HBRTL.LIB|spfiles ACBP=A9
 0001:0004ECB0 0000008E C=CODE    S=_TEXT    G=(none)   M=C:\HBFW\LIB\HBRTL.LIB|str ACBP=A9
 0001:0004ED40 000000C0 C=CODE    S=_TEXT    G=(none)   M=C:\HBFW\LIB\HBRTL.LIB|strcase ACBP=A9
 0001:0004EE00 0000012F C=CODE    S=_TEXT    G=(none)   M=C:\HBFW\LIB\HBRTL.LIB|strmatch ACBP=A9
 0001:0004EF30 00000338 C=CODE    S=_TEXT    G=(none)   M=C:\HBFW\LIB\HBRTL.LIB|strrepl ACBP=A9
 0001:0004F268 00000185 C=CODE    S=_TEXT    G=(none)   M=C:\HBFW\LIB\HBRTL.LIB|strtoexp ACBP=A9
 0001:0004F3F0 00000264 C=CODE    S=_TEXT    G=(none)   M=C:\HBFW\LIB\HBRTL.LIB|strtran ACBP=A9
 0001:0004F654 000000EA C=CODE    S=_TEXT    G=(none)   M=C:\HBFW\LIB\HBRTL.LIB|strzero ACBP=A9
 0001:0004F740 0000019A C=CODE    S=_TEXT    G=(none)   M=C:\HBFW\LIB\HBRTL.LIB|stuff ACBP=A9
 0001:0004F8DC 00000156 C=CODE    S=_TEXT    G=(none)   M=C:\HBFW\LIB\HBRTL.LIB|substr ACBP=A9
 0001:0004FA34 000014FC C=CODE    S=_TEXT    G=(none)   M=C:\HBFW\LIB\HBRTL.LIB|transfrm ACBP=A9
 0001:00050F30 000001D1 C=CODE    S=_TEXT    G=(none)   M=C:\HBFW\LIB\HBRTL.LIB|trim ACBP=A9
 0001:00051104 00000042 C=CODE    S=_TEXT    G=(none)   M=C:\HBFW\LIB\HBRTL.LIB|type ACBP=A9
 0001:00051148 00000095 C=CODE    S=_TEXT    G=(none)   M=C:\HBFW\LIB\HBRTL.LIB|val ACBP=A9
 0001:000511E0 0000027B C=CODE    S=_TEXT    G=(none)   M=C:\HBFW\LIB\HBRTL.LIB|valtype ACBP=A9
 0001:0005145C 00000389 C=CODE    S=_TEXT    G=(none)   M=C:\HBFW\LIB\HBRTL.LIB|version ACBP=A9
 0001:000517E8 00000036 C=CODE    S=_TEXT    G=(none)   M=C:\HBFW\LIB\HBRTL.LIB|word ACBP=A9
 0001:00051820 00000069 C=CODE    S=_TEXT    G=(none)   M=C:\HBFW\LIB\HBRTL.LIB|xhelp ACBP=A9
 0001:0005188C 0000066B C=CODE    S=_TEXT    G=(none)   M=C:\HBFW\LIB\HBRTL.LIB|gui ACBP=A9
 0001:00051EF8 00004285 C=CODE    S=_TEXT    G=(none)   M=C:\HBFW\LIB\HBRTL.LIB|langcomp ACBP=A9
 0001:00056180 00001AA3 C=CODE    S=_TEXT    G=(none)   M=C:\HBFW\LIB\HBRTL.LIB|objfunc ACBP=A9
 0001:00057C24 000031E2 C=CODE    S=_TEXT    G=(none)   M=C:\HBFW\LIB\HBRTL.LIB|tclass ACBP=A9
 0001:0005AE08 000120DA C=CODE    S=_TEXT    G=(none)   M=C:\HBFW\LIB\HBRTL.LIB|tget ACBP=A9
 0001:0006CEE4 00000552 C=CODE    S=_TEXT    G=(none)   M=C:\HBFW\LIB\HBRTL.LIB|tobject ACBP=A9
 0001:0006D438 00001DE1 C=CODE    S=_TEXT    G=(none)   M=C:\HBFW\LIB\HBRTL.LIB|valtoexp ACBP=A9
 0001:0006F21C 0000DB52 C=CODE    S=_TEXT    G=(none)   M=C:\HBFW\LIB\HBVM.LIB|hvm ACBP=A9
 0001:0007CD70 00001C7A C=CODE    S=_TEXT    G=(none)   M=C:\HBFW\LIB\HBVM.LIB|arrays ACBP=A9
 0001:0007E9EC 00006470 C=CODE    S=_TEXT    G=(none)   M=C:\HBFW\LIB\HBVM.LIB|classes ACBP=A9
 0001:00084E5C 000008A0 C=CODE    S=_TEXT    G=(none)   M=C:\HBFW\LIB\HBVM.LIB|dynsym ACBP=A9
 0001:000856FC 000002E9 C=CODE    S=_TEXT    G=(none)   M=C:\HBFW\LIB\HBVM.LIB|codebloc ACBP=A9
 0001:000859E8 00000BE9 C=CODE    S=_TEXT    G=(none)   M=C:\HBFW\LIB\HBVM.LIB|estack ACBP=A9
 0001:000865D4 000029EC C=CODE    S=_TEXT    G=(none)   M=C:\HBFW\LIB\HBVM.LIB|extend ACBP=A9
 0001:00088FC0 000041D2 C=CODE    S=_TEXT    G=(none)   M=C:\HBFW\LIB\HBVM.LIB|fm ACBP=A9
 0001:0008D194 00000742 C=CODE    S=_TEXT    G=(none)   M=C:\HBFW\LIB\HBVM.LIB|garbage ACBP=A9
 0001:0008D8D8 0000174F C=CODE    S=_TEXT    G=(none)   M=C:\HBFW\LIB\HBVM.LIB|hashes ACBP=A9
 0001:0008F028 00002D90 C=CODE    S=_TEXT    G=(none)   M=C:\HBFW\LIB\HBVM.LIB|itemapi ACBP=A9
 0001:00091DB8 00001264 C=CODE    S=_TEXT    G=(none)   M=C:\HBFW\LIB\HBVM.LIB|strapi ACBP=A9
 0001:0009301C 00001D06 C=CODE    S=_TEXT    G=(none)   M=C:\HBFW\LIB\HBVM.LIB|macro ACBP=A9
 0001:00094D24 000016F7 C=CODE    S=_TEXT    G=(none)   M=C:\HBFW\LIB\HBVM.LIB|memvars ACBP=A9
 0001:0009641C 00003EDF C=CODE    S=_TEXT    G=(none)   M=C:\HBFW\LIB\HBVM.LIB|set ACBP=A9
 0001:0009A2FC 00000DF4 C=CODE    S=_TEXT    G=(none)   M=C:\HBFW\LIB\HBVM.LIB|thread ACBP=A9
 0001:0009B0F0 000007B0 C=CODE    S=_TEXT    G=(none)   M=C:\HBFW\LIB\HBVM.LIB|arrayshb ACBP=A9
 0001:0009B8A0 000004E9 C=CODE    S=_TEXT    G=(none)   M=C:\HBFW\LIB\HBVM.LIB|asort ACBP=A9
 0001:0009BD8C 00000014 C=CODE    S=_TEXT    G=(none)   M=C:\HBFW\LIB\HBVM.LIB|break ACBP=A9
 0001:0009BDA0 00000BD6 C=CODE    S=_TEXT    G=(none)   M=C:\HBFW\LIB\HBVM.LIB|cmdarg ACBP=A9
 0001:0009C978 00000494 C=CODE    S=_TEXT    G=(none)   M=C:\HBFW\LIB\HBVM.LIB|debug ACBP=A9
 0001:0009CE0C 00000287 C=CODE    S=_TEXT    G=(none)   M=C:\HBFW\LIB\HBVM.LIB|dynlibhb ACBP=A9
 0001:0009D094 0000081C C=CODE    S=_TEXT    G=(none)   M=C:\HBFW\LIB\HBVM.LIB|eval ACBP=A9
 0001:0009D8B0 00000461 C=CODE    S=_TEXT    G=(none)   M=C:\HBFW\LIB\HBVM.LIB|extrap ACBP=A9
 0001:0009DD14 00001209 C=CODE    S=_TEXT    G=(none)   M=C:\HBFW\LIB\HBVM.LIB|hashfunc ACBP=A9
 0001:0009EF20 00000006 C=CODE    S=_TEXT    G=(none)   M=C:\HBFW\LIB\HBVM.LIB|initexit ACBP=A9
 0001:0009EF28 00000019 C=CODE    S=_TEXT    G=(none)   M=C:\HBFW\LIB\HBVM.LIB|initsymb ACBP=A9
 0001:0009EF44 0000001D C=CODE    S=_TEXT    G=(none)   M=C:\HBFW\LIB\HBVM.LIB|pcount ACBP=A9
 0001:0009EF64 00000508 C=CODE    S=_TEXT    G=(none)   M=C:\HBFW\LIB\HBVM.LIB|proc ACBP=A9
 0001:0009F46C 00000F68 C=CODE    S=_TEXT    G=(none)   M=C:\HBFW\LIB\HBVM.LIB|runner ACBP=A9
 0001:000A03D4 00000028 C=CODE    S=_TEXT    G=(none)   M=C:\HBFW\LIB\HBVM.LIB|mainwin ACBP=A9
 0001:000A03FC 00000084 C=CODE    S=_TEXT    G=(none)   M=C:\HBFW\LIB\HBVM.LIB|harbinit ACBP=A9
 0001:000A0480 000003C0 C=CODE    S=_TEXT    G=(none)   M=C:\HBFW\LIB\GTGUI.LIB|gtgui ACBP=A9
 0001:000A0840 00001A97 C=CODE    S=_TEXT    G=(none)   M=C:\HBFW\LIB\HBMACRO.LIB|macroy ACBP=A9
 0001:000A22D8 00000535 C=CODE    S=_TEXT    G=(none)   M=C:\HBFW\LIB\HBMACRO.LIB|macroa ACBP=A9
 0001:000A2810 00005FCC C=CODE    S=_TEXT    G=(none)   M=C:\HBFW\LIB\HBMACRO.LIB|macrob ACBP=A9
 0001:000A87DC 000011B8 C=CODE    S=_TEXT    G=(none)   M=C:\HBFW\LIB\HBMACRO.LIB|macrolex ACBP=A9
 0001:000A9994 00003166 C=CODE    S=_TEXT    G=(none)   M=C:\HBFW\LIB\HBRDD.LIB|dbcmd ACBP=A9
 0001:000ACAFC 00000AAB C=CODE    S=_TEXT    G=(none)   M=C:\HBFW\LIB\HBRDD.LIB|dbcmd53 ACBP=A9
 0001:000AD5A8 00008970 C=CODE    S=_TEXT    G=(none)   M=C:\HBFW\LIB\HBRDD.LIB|dbf1 ACBP=A9
 0001:000B5F18 00000016 C=CODE    S=_TEXT    G=(none)   M=C:\HBFW\LIB\HBRDD.LIB|fieldhb ACBP=A9
 0001:000B5F30 0000063B C=CODE    S=_TEXT    G=(none)   M=C:\HBFW\LIB\HBRDD.LIB|hbdbsort ACBP=A9
 0001:000B656C 00000076 C=CODE    S=_TEXT    G=(none)   M=C:\HBFW\LIB\HBRDD.LIB|ordcount ACBP=A9
 0001:000B65E4 00000148 C=CODE    S=_TEXT    G=(none)   M=C:\HBFW\LIB\HBRDD.LIB|ordwldsk ACBP=A9
 0001:000B672C 0000242A C=CODE    S=_TEXT    G=(none)   M=C:\HBFW\LIB\HBRDD.LIB|workarea ACBP=A9
 0001:000B8B58 00000AF7 C=CODE    S=_TEXT    G=(none)   M=C:\HBFW\LIB\HBRDD.LIB|wacore ACBP=A9
 0001:000B9650 0000150F C=CODE    S=_TEXT    G=(none)   M=C:\HBFW\LIB\HBRDD.LIB|wafunc ACBP=A9
 0001:000BAB60 0000031C C=CODE    S=_TEXT    G=(none)   M=C:\HBFW\LIB\HBRDD.LIB|rddord ACBP=A9
 0001:000BAE7C 00000021 C=CODE    S=_TEXT    G=(none)   M=C:\HBFW\LIB\HBRDD.LIB|rddsys ACBP=A9
 0001:000BAEA0 0000002C C=CODE    S=_TEXT    G=(none)   M=C:\HBFW\LIB\HBCPAGE.LIB|cpcs852 ACBP=A9
 0001:000BAECC 0000002C C=CODE    S=_TEXT    G=(none)   M=C:\HBFW\LIB\HBCPAGE.LIB|cpde850 ACBP=A9
 0001:000BAEF8 0000002C C=CODE    S=_TEXT    G=(none)   M=C:\HBFW\LIB\HBCPAGE.LIB|cpel737 ACBP=A9
 0001:000BAF24 0000ADEC C=CODE    S=_TEXT    G=(none)   M=C:\HBFW\LIB\RDDNTX.LIB|dbfntx1 ACBP=A9
 0001:000C5D10 0000DBD8 C=CODE    S=_TEXT    G=(none)   M=C:\HBFW\LIB\RDDCDX.LIB|dbfcdx1 ACBP=A9
 0001:000D38E8 00007B78 C=CODE    S=_TEXT    G=(none)   M=C:\HBFW\LIB\RDDFPT.LIB|dbffpt1 ACBP=A9
 0001:000DB460 000003A6 C=CODE    S=_TEXT    G=(none)   M=C:\HBFW\LIB\HBSIX.LIB|sxcrypt ACBP=A9
 0001:000DB808 000000E8 C=CODE    S=_TEXT    G=(none)   M=C:\HBFW\LIB\HBSIX.LIB|sxdate ACBP=A9
 0001:000DB8F0 00000EBD C=CODE    S=_TEXT    G=(none)   M=C:\HBFW\LIB\HBCOMMON.LIB|expropt1 ACBP=A9
 0001:000DC7B0 00003289 C=CODE    S=_TEXT    G=(none)   M=C:\HBFW\LIB\HBCOMMON.LIB|expropt2 ACBP=A9
 0001:000DFA3C 000001C5 C=CODE    S=_TEXT    G=(none)   M=C:\HBFW\LIB\HBCOMMON.LIB|funcid ACBP=A9
 0001:000DFC04 00001574 C=CODE    S=_TEXT    G=(none)   M=C:\HBFW\LIB\HBCOMMON.LIB|hbdate ACBP=A9
 0001:000E1178 000006DF C=CODE    S=_TEXT    G=(none)   M=C:\HBFW\LIB\HBCOMMON.LIB|hbffind ACBP=A9
 0001:000E1858 0000005B C=CODE    S=_TEXT    G=(none)   M=C:\HBFW\LIB\HBCOMMON.LIB|hbfopen ACBP=A9
 0001:000E18B4 000003D3 C=CODE    S=_TEXT    G=(none)   M=C:\HBFW\LIB\HBCOMMON.LIB|hbfsapi ACBP=A9
 0001:000E1C88 00000150 C=CODE    S=_TEXT    G=(none)   M=C:\HBFW\LIB\HBCOMMON.LIB|hbgete ACBP=A9
 0001:000E1DD8 00000333 C=CODE    S=_TEXT    G=(none)   M=C:\HBFW\LIB\HBCOMMON.LIB|hbhash ACBP=A9
 0001:000E210C 00001C0D C=CODE    S=_TEXT    G=(none)   M=C:\HBFW\LIB\HBCOMMON.LIB|hbprintf ACBP=A9
 0001:000E3D1C 00001064 C=CODE    S=_TEXT    G=(none)   M=C:\HBFW\LIB\HBCOMMON.LIB|hbstr ACBP=A9
 0001:000E4D80 000005AD C=CODE    S=_TEXT    G=(none)   M=C:\HBFW\LIB\HBCOMMON.LIB|hbver ACBP=A9
 0001:000E5330 000002D9 C=CODE    S=_TEXT    G=(none)   M=C:\HBFW\LIB\HBCOMMON.LIB|hbverdsp ACBP=A9
 0001:000E560C 000001CF C=CODE    S=_TEXT    G=(none)   M=C:\HBFW\LIB\HBCOMMON.LIB|hbwin ACBP=A9
 0001:000E57DC 00000611 C=CODE    S=_TEXT    G=(none)   M=C:\HBFW\LIB\HBCOMMON.LIB|strwild ACBP=A9
 0001:000E5DF0 0000004F C=CODE    S=_TEXT    G=(none)   M=C:\HBFW\LIB\HBPP.LIB|pptable ACBP=A9
 0001:000E5E40 0000A4F8 C=CODE    S=_TEXT    G=(none)   M=C:\HBFW\LIB\HBPP.LIB|ppcore ACBP=A9
 0001:000F0338 000003C5 C=CODE    S=_TEXT    G=(none)   M=C:\HBFW\LIB\HBCT.LIB|atnum ACBP=A9
 0001:000F0700 000001BF C=CODE    S=_TEXT    G=(none)   M=C:\HBFW\LIB\HBCT.LIB|blank ACBP=A9
 0001:000F08C0 00000251 C=CODE    S=_TEXT    G=(none)   M=C:\HBFW\LIB\HBCT.LIB|charonly ACBP=A9
 0001:000F0B14 000002DB C=CODE    S=_TEXT    G=(none)   M=C:\HBFW\LIB\HBCT.LIB|ctc ACBP=A9
 0001:000F0DF0 000000AA C=CODE    S=_TEXT    G=(none)   M=C:\HBFW\LIB\HBCT.LIB|ctmath ACBP=A9
 0001:000F0E9C 00000471 C=CODE    S=_TEXT    G=(none)   M=C:\HBFW\LIB\HBCT.LIB|ctmath2 ACBP=A9
 0001:000F1310 000004C4 C=CODE    S=_TEXT    G=(none)   M=C:\HBFW\LIB\HBCT.LIB|ctstr ACBP=A9
 0001:000F17D4 00000962 C=CODE    S=_TEXT    G=(none)   M=C:\HBFW\LIB\HBCT.LIB|dattime2 ACBP=A9
 0001:000F2138 00000477 C=CODE    S=_TEXT    G=(none)   M=C:\HBFW\LIB\HBCT.LIB|range ACBP=A9
 0001:000F25B0 00000744 C=CODE    S=_TEXT    G=(none)   M=C:\HBFW\LIB\HBCT.LIB|token1 ACBP=A9
 0001:000F2CF4 000000AC C=CODE    S=_TEXT    G=(none)   M=C:\HBFW\LIB\HBWIN.LIB|oleauto ACBP=A9
 0001:000F2DA0 00002E50 C=CODE    S=_TEXT    G=(none)   M=C:\HBFW\LIB\HBWIN.LIB|olecore ACBP=A9
 0001:000F5BF0 0000025E C=CODE    S=_TEXT    G=(none)   M=C:\HBFW\LIB\HBWIN.LIB|wapi_alloc ACBP=A9
 0001:000F5E50 00000026 C=CODE    S=_TEXT    G=(none)   M=C:\HBFW\LIB\HBWIN.LIB|wapi_err ACBP=A9
 0001:000F5E78 00001685 C=CODE    S=_TEXT    G=(none)   M=C:\HBFW\LIB\HBWIN.LIB|wapi_wingdi ACBP=A9
 0001:000F7500 00001047 C=CODE    S=_TEXT    G=(none)   M=C:\HBFW\LIB\HBWIN.LIB|wapi_winuser ACBP=A9
 0001:000F8548 0000050C C=CODE    S=_TEXT    G=(none)   M=C:\HBFW\LIB\HBWIN.LIB|win_misc ACBP=A9
 0001:000F8A54 00005F64 C=CODE    S=_TEXT    G=(none)   M=C:\HBFW\LIB\HBCPLR.LIB|harboury ACBP=A9
 0001:000FE9B8 0000162E C=CODE    S=_TEXT    G=(none)   M=C:\HBFW\LIB\HBCPLR.LIB|cmdcheck ACBP=A9
 0001:000FFFE8 000006DC C=CODE    S=_TEXT    G=(none)   M=C:\HBFW\LIB\HBCPLR.LIB|compi18n ACBP=A9
 0001:001006C4 00002B5D C=CODE    S=_TEXT    G=(none)   M=C:\HBFW\LIB\HBCPLR.LIB|complex ACBP=A9
 0001:00103224 0000089B C=CODE    S=_TEXT    G=(none)   M=C:\HBFW\LIB\HBCPLR.LIB|expropta ACBP=A9
 0001:00103AC0 00006CEC C=CODE    S=_TEXT    G=(none)   M=C:\HBFW\LIB\HBCPLR.LIB|exproptb ACBP=A9
 0001:0010A7AC 000044D8 C=CODE    S=_TEXT    G=(none)   M=C:\HBFW\LIB\HBCPLR.LIB|genc ACBP=A9
 0001:0010EC84 00004B1C C=CODE    S=_TEXT    G=(none)   M=C:\HBFW\LIB\HBCPLR.LIB|gencc ACBP=A9
 0001:001137A0 0000028F C=CODE    S=_TEXT    G=(none)   M=C:\HBFW\LIB\HBCPLR.LIB|genhrb ACBP=A9
 0001:00113A30 00000490 C=CODE    S=_TEXT    G=(none)   M=C:\HBFW\LIB\HBCPLR.LIB|hbcmplib ACBP=A9
 0001:00113EC0 000005DA C=CODE    S=_TEXT    G=(none)   M=C:\HBFW\LIB\HBCPLR.LIB|hbcomp ACBP=A9
 0001:0011449C 00000254 C=CODE    S=_TEXT    G=(none)   M=C:\HBFW\LIB\HBCPLR.LIB|hbdbginf ACBP=A9
 0001:001146F0 0000088F C=CODE    S=_TEXT    G=(none)   M=C:\HBFW\LIB\HBCPLR.LIB|hbdead ACBP=A9
 0001:00114F80 00000137 C=CODE    S=_TEXT    G=(none)   M=C:\HBFW\LIB\HBCPLR.LIB|hbfix ACBP=A9
 0001:001150B8 0000016E C=CODE    S=_TEXT    G=(none)   M=C:\HBFW\LIB\HBCPLR.LIB|hbfunchk ACBP=A9
 0001:00115228 000002B4 C=CODE    S=_TEXT    G=(none)   M=C:\HBFW\LIB\HBCPLR.LIB|hbgenerr ACBP=A9
 0001:001154DC 0000010D C=CODE    S=_TEXT    G=(none)   M=C:\HBFW\LIB\HBCPLR.LIB|hbident ACBP=A9
 0001:001155EC 000003DD C=CODE    S=_TEXT    G=(none)   M=C:\HBFW\LIB\HBCPLR.LIB|hblbl ACBP=A9
 0001:001159CC 00005767 C=CODE    S=_TEXT    G=(none)   M=C:\HBFW\LIB\HBCPLR.LIB|hbmain ACBP=A9
 0001:0011B134 00001F88 C=CODE    S=_TEXT    G=(none)   M=C:\HBFW\LIB\HBCPLR.LIB|hbopt ACBP=A9
 0001:0011D0BC 00000585 C=CODE    S=_TEXT    G=(none)   M=C:\HBFW\LIB\HBCPLR.LIB|hbpcode ACBP=A9
 0001:0011D644 000000FE C=CODE    S=_TEXT    G=(none)   M=C:\HBFW\LIB\HBCPLR.LIB|hbstripl ACBP=A9
 0001:0011D744 0000014E C=CODE    S=_TEXT    G=(none)   M=C:\HBFW\LIB\HBCPLR.LIB|hbusage ACBP=A9
 0001:0011D894 0000084A C=CODE    S=_TEXT    G=(none)   M=C:\HBFW\LIB\HBCPLR.LIB|ppcomp ACBP=A9
 0001:0011E0E0 00000377 C=CODE    S=_TEXT    G=(none)   M=C:\HBFW\LIB\HBZLIB.LIB|adler32 ACBP=A9
 0001:0011E458 000002D7 C=CODE    S=_TEXT    G=(none)   M=C:\HBFW\LIB\HBZLIB.LIB|crc32 ACBP=A9
 0001:0011E730 0000258F C=CODE    S=_TEXT    G=(none)   M=C:\HBFW\LIB\HBZLIB.LIB|deflate ACBP=A9
 0001:00120CC0 00000493 C=CODE    S=_TEXT    G=(none)   M=C:\HBFW\LIB\HBZLIB.LIB|inffast ACBP=A9
 0001:00121154 00001D7D C=CODE    S=_TEXT    G=(none)   M=C:\HBFW\LIB\HBZLIB.LIB|inflate ACBP=A9
 0001:00122ED4 00000429 C=CODE    S=_TEXT    G=(none)   M=C:\HBFW\LIB\HBZLIB.LIB|inftrees ACBP=A9
 0001:00123300 00001CCB C=CODE    S=_TEXT    G=(none)   M=C:\HBFW\LIB\HBZLIB.LIB|trees ACBP=A9
 0001:00124FCC 000000EF C=CODE    S=_TEXT    G=(none)   M=C:\HBFW\LIB\HBZLIB.LIB|zutil ACBP=A9
 0001:001250BC 000039B7 C=CODE    S=_TEXT    G=(none)   M=C:\HBFW\LIB\PNG.LIB|png ACBP=A9
 0001:00128A74 0000088E C=CODE    S=_TEXT    G=(none)   M=C:\HBFW\LIB\PNG.LIB|pngerror ACBP=A9
 0001:00129304 00000FB9 C=CODE    S=_TEXT    G=(none)   M=C:\HBFW\LIB\PNG.LIB|pngget ACBP=A9
 0001:0012A2C0 000002F2 C=CODE    S=_TEXT    G=(none)   M=C:\HBFW\LIB\PNG.LIB|pngmem ACBP=A9
 0001:0012A5B4 00004210 C=CODE    S=_TEXT    G=(none)   M=C:\HBFW\LIB\PNG.LIB|pngread ACBP=A9
 0001:0012E7C4 000000B0 C=CODE    S=_TEXT    G=(none)   M=C:\HBFW\LIB\PNG.LIB|pngrio ACBP=A9
 0001:0012E874 00005C4B C=CODE    S=_TEXT    G=(none)   M=C:\HBFW\LIB\PNG.LIB|pngrtran ACBP=A9
 0001:001344C0 000040C8 C=CODE    S=_TEXT    G=(none)   M=C:\HBFW\LIB\PNG.LIB|pngrutil ACBP=A9
 0001:00138588 000018D6 C=CODE    S=_TEXT    G=(none)   M=C:\HBFW\LIB\PNG.LIB|pngset ACBP=A9
 0001:00139E60 0000069E C=CODE    S=_TEXT    G=(none)   M=C:\HBFW\LIB\PNG.LIB|pngtrans ACBP=A9
 0001:0013A500 000000F5 C=CODE    S=_TEXT    G=(none)   M=C:\HBFW\LIB\PNG.LIB|pngwio ACBP=A9
 0001:0013A5F8 000021F9 C=CODE    S=_TEXT    G=(none)   M=C:\HBFW\LIB\PNG.LIB|pngwrite ACBP=A9
 0001:0013C7F4 0000083B C=CODE    S=_TEXT    G=(none)   M=C:\HBFW\LIB\PNG.LIB|pngwtran ACBP=A9
 0001:0013D030 000034BB C=CODE    S=_TEXT    G=(none)   M=C:\HBFW\LIB\PNG.LIB|pngwutil ACBP=A9
 0001:001404EC 00000028 C=CODE    S=_TEXT    G=(none)   M=C:\BCC582\LIB\CW32.LIB|delaop ACBP=A9
 0001:00140514 0000002E C=CODE    S=_TEXT    G=(none)   M=C:\BCC582\LIB\CW32.LIB|delop ACBP=A9
 0001:00140544 000000E3 C=CODE    S=_TEXT    G=(none)   M=C:\BCC582\LIB\CW32.LIB|exceptio ACBP=A9
 0001:00140627 00000079 C=CODE    S=_TEXT    G=(none)   M=C:\BCC582\LIB\CW32.LIB|gccex ACBP=A9
 0001:001406A0 000019E8 C=CODE    S=_TEXT    G=(none)   M=C:\BCC582\LIB\CW32.LIB|ios ACBP=A9
 0001:00142088 00003492 C=CODE    S=_TEXT    G=(none)   M=C:\BCC582\LIB\CW32.LIB|iostream ACBP=A9
 0001:001454F4 00000323 C=CODE    S=_TEXT    G=(none)   M=C:\BCC582\LIB\CW32.LIB|dwlocale ACBP=A9
 0001:001457F0 00001A78 C=CODE    S=_TEXT    G=(none)   M=C:\BCC582\LIB\CW32.LIB|locale0 ACBP=A9
 0001:00147268 0000001B C=CODE    S=_TEXT    G=(none)   M=C:\BCC582\LIB\CW32.LIB|new ACBP=A9
 0001:00147268 0000011E C=CODE    S=_TEXT    G=(none)   M=C:\BCC582\LIB\CW32.LIB|newop ACBP=A9
 0001:00147363 000005AA C=CODE    S=_TEXT    G=(none)   M=C:\BCC582\LIB\CW32.LIB|string ACBP=A9
 0001:001478E8 00002FD6 C=CODE    S=_TEXT    G=(none)   M=C:\BCC582\LIB\CW32.LIB|wiostrea ACBP=A9
 0001:0014A898 0000019D C=CODE    S=_TEXT    G=(none)   M=C:\BCC582\LIB\CW32.LIB|wlocale ACBP=A9
 0001:0014AA0D 000000D4 C=CODE    S=_TEXT    G=(none)   M=C:\BCC582\LIB\CW32.LIB|xlocinfo ACBP=A9
 0001:0014AAE4 00000110 C=CODE    S=_TEXT    G=(none)   M=C:\BCC582\LIB\CW32.LIB|xstart ACBP=A9
 0001:0014ABF4 00000057 C=CODE    S=_TEXT    G=(none)   M=C:\BCC582\LIB\CW32.LIB|wchar ACBP=A9
 0001:0014AC4C 00000111 C=CODE    S=_TEXT    G=(none)   M=C:\BCC582\LIB\CW32.LIB|virtmem ACBP=A9
 0001:0014AD60 0000014B C=CODE    S=_TEXT    G=(none)   M=C:\BCC582\LIB\CW32.LIB|hrdir_b ACBP=A9
 0001:0014AEAC 00000020 C=CODE    S=_TEXT    G=(none)   M=C:\BCC582\LIB\CW32.LIB|hrdir_mf ACBP=A9
 0001:0014AECC 000000B8 C=CODE    S=_TEXT    G=(none)   M=C:\BCC582\LIB\CW32.LIB|hrdir_s ACBP=A9
 0001:0014AF84 00000001 C=CODE    S=_TEXT    G=(none)   M=C:\BCC582\LIB\CW32.LIB|hrdir_us ACBP=A9
 0001:0014AF88 000009E4 C=CODE    S=_TEXT    G=(none)   M=C:\BCC582\LIB\CW32.LIB|heap ACBP=A9
 0001:0014B96C 00000292 C=CODE    S=_TEXT    G=(none)   M=C:\BCC582\LIB\CW32.LIB|realloc ACBP=A9
 0001:0014BC00 00000001 C=CODE    S=_TEXT    G=(none)   M=C:\BCC582\LIB\CW32.LIB|crtlst_i ACBP=A9
 0001:0014BC04 00000001 C=CODE    S=_TEXT    G=(none)   M=C:\BCC582\LIB\CW32.LIB|crtlst_l ACBP=A9
 0001:0014BC08 0000001E C=CODE    S=_TEXT    G=(none)   M=C:\BCC582\LIB\CW32.LIB|memchr ACBP=A9
 0001:0014BC28 00000024 C=CODE    S=_TEXT    G=(none)   M=C:\BCC582\LIB\CW32.LIB|memcpy ACBP=A9
 0001:0014BC4C 00000024 C=CODE    S=_TEXT    G=(none)   M=C:\BCC582\LIB\CW32.LIB|wmemcpy ACBP=A9
 0001:0014BC70 0000004A C=CODE    S=_TEXT    G=(none)   M=C:\BCC582\LIB\CW32.LIB|memmove ACBP=A9
 0001:0014BCBC 0000008F C=CODE    S=_TEXT    G=(none)   M=C:\BCC582\LIB\CW32.LIB|memset ACBP=A9
 0001:0014BD4C 00000018 C=CODE    S=_TEXT    G=(none)   M=C:\BCC582\LIB\CW32.LIB|wmemset ACBP=A9
 0001:0014BD64 0000003C C=CODE    S=_TEXT    G=(none)   M=C:\BCC582\LIB\CW32.LIB|strcat ACBP=A9
 0001:0014BDA0 00000053 C=CODE    S=_TEXT    G=(none)   M=C:\BCC582\LIB\CW32.LIB|strchr ACBP=A9
 0001:0014BDF4 0000004D C=CODE    S=_TEXT    G=(none)   M=C:\BCC582\LIB\CW32.LIB|strcmp ACBP=A9
 0001:0014BE44 00000035 C=CODE    S=_TEXT    G=(none)   M=C:\BCC582\LIB\CW32.LIB|strcpy ACBP=A9
 0001:0014BE7C 0000005A C=CODE    S=_TEXT    G=(none)   M=C:\BCC582\LIB\CW32.LIB|strlen ACBP=A9
 0001:0014BED8 0000006E C=CODE    S=_TEXT    G=(none)   M=C:\BCC582\LIB\CW32.LIB|strncat ACBP=A9
 0001:0014BF48 00000027 C=CODE    S=_TEXT    G=(none)   M=C:\BCC582\LIB\CW32.LIB|strncmp ACBP=A9
 0001:0014BF70 0000006C C=CODE    S=_TEXT    G=(none)   M=C:\BCC582\LIB\CW32.LIB|memcmp ACBP=A9
 0001:0014BFDC 00000032 C=CODE    S=_TEXT    G=(none)   M=C:\BCC582\LIB\CW32.LIB|strdup ACBP=A9
 0001:0014C010 0000009F C=CODE    S=_TEXT    G=(none)   M=C:\BCC582\LIB\CW32.LIB|strerror ACBP=A9
 0001:0014C0B0 0000004F C=CODE    S=_TEXT    G=(none)   M=C:\BCC582\LIB\CW32.LIB|strncpy ACBP=A9
 0001:0014C100 00000029 C=CODE    S=_TEXT    G=(none)   M=C:\BCC582\LIB\CW32.LIB|strrchr ACBP=A9
 0001:0014C12C 00000054 C=CODE    S=_TEXT    G=(none)   M=C:\BCC582\LIB\CW32.LIB|strstr ACBP=A9
 0001:0014C180 00000037 C=CODE    S=_TEXT    G=(none)   M=C:\BCC582\LIB\CW32.LIB|_stpcpy ACBP=A9
 0001:0014C1B8 00000018 C=CODE    S=_TEXT    G=(none)   M=C:\BCC582\LIB\CW32.LIB|wcslen ACBP=A9
 0001:0014C1D0 0000003F C=CODE    S=_TEXT    G=(none)   M=C:\BCC582\LIB\CW32.LIB|wcscpy ACBP=A9
 0001:0014C210 00000070 C=CODE    S=_TEXT    G=(none)   M=C:\BCC582\LIB\CW32.LIB|xxa ACBP=A9
 0001:0014C280 00000844 C=CODE    S=_TEXT    G=(none)   M=C:\BCC582\LIB\CW32.LIB|xxtype ACBP=A9
 0001:0014CA9E 0000005B C=CODE    S=_TEXT    G=(none)   M=C:\BCC582\LIB\CW32.LIB|xxut ACBP=A9
 0001:0014CAC8 0000014F C=CODE    S=_TEXT    G=(none)   M=C:\BCC582\LIB\CW32.LIB|xxv ACBP=A9
 0001:0014CC18 0000000A C=CODE    S=_TEXT    G=(none)   M=C:\BCC582\LIB\CW32.LIB|defhandl ACBP=A9
 0001:0014CC24 00000199 C=CODE    S=_TEXT    G=(none)   M=C:\BCC582\LIB\CW32.LIB|except ACBP=A9
 0001:0014CDC0 00000046 C=CODE    S=_TEXT    G=(none)   M=C:\BCC582\LIB\CW32.LIB|setexc ACBP=A9
 0001:0014CE08 00000022 C=CODE    S=_TEXT    G=(none)   M=C:\BCC582\LIB\CW32.LIB|ta ACBP=A9
 0001:0014CE2C 0000003F C=CODE    S=_TEXT    G=(none)   M=C:\BCC582\LIB\CW32.LIB|__access ACBP=A9
 0001:0014CE6C 00000063 C=CODE    S=_TEXT    G=(none)   M=C:\BCC582\LIB\CW32.LIB|__close ACBP=A9
 0001:0014CED0 00000086 C=CODE    S=_TEXT    G=(none)   M=C:\BCC582\LIB\CW32.LIB|__eof ACBP=A9
 0001:0014CF58 00000047 C=CODE    S=_TEXT    G=(none)   M=C:\BCC582\LIB\CW32.LIB|__isatty ACBP=A9
 0001:0014CFA0 00000076 C=CODE    S=_TEXT    G=(none)   M=C:\BCC582\LIB\CW32.LIB|__lseek ACBP=A9
 0001:0014D018 000001FA C=CODE    S=_TEXT    G=(none)   M=C:\BCC582\LIB\CW32.LIB|__open ACBP=A9
 0001:0014D214 0000019A C=CODE    S=_TEXT    G=(none)   M=C:\BCC582\LIB\CW32.LIB|__read ACBP=A9
 0001:0014D3B0 000001FA C=CODE    S=_TEXT    G=(none)   M=C:\BCC582\LIB\CW32.LIB|__wopen ACBP=A9
 0001:0014D5AC 000001DA C=CODE    S=_TEXT    G=(none)   M=C:\BCC582\LIB\CW32.LIB|__wread ACBP=A9
 0001:0014D788 0000011C C=CODE    S=_TEXT    G=(none)   M=C:\BCC582\LIB\CW32.LIB|__write ACBP=A9
 0001:0014D8A4 00000011 C=CODE    S=_TEXT    G=(none)   M=C:\BCC582\LIB\CW32.LIB|_cfinfo ACBP=A9
 0001:0014D8B8 00000075 C=CODE    S=_TEXT    G=(none)   M=C:\BCC582\LIB\CW32.LIB|_read ACBP=A9
 0001:0014D92D 00000017 C=CODE    S=_TEXT    G=(none)   M=C:\BCC582\LIB\CW32.LIB|_umask ACBP=A9
 0001:0014D930 00000061 C=CODE    S=_TEXT    G=(none)   M=C:\BCC582\LIB\CW32.LIB|_write ACBP=A9
 0001:0014D994 0000007D C=CODE    S=_TEXT    G=(none)   M=C:\BCC582\LIB\CW32.LIB|allocbuf ACBP=A9
 0001:0014DA14 0000008E C=CODE    S=_TEXT    G=(none)   M=C:\BCC582\LIB\CW32.LIB|fclose ACBP=A9
 0001:0014DAA4 0000007F C=CODE    S=_TEXT    G=(none)   M=C:\BCC582\LIB\CW32.LIB|fflush ACBP=A9
 0001:0014DB24 0000001E C=CODE    S=_TEXT    G=(none)   M=C:\BCC582\LIB\CW32.LIB|fgetpos ACBP=A9
 0001:0014DB44 0000005A C=CODE    S=_TEXT    G=(none)   M=C:\BCC582\LIB\CW32.LIB|flushout ACBP=A9
 0001:0014DBA0 00000023 C=CODE    S=_TEXT    G=(none)   M=C:\BCC582\LIB\CW32.LIB|fmodeptr ACBP=A9
 0001:0014DBC4 000001DD C=CODE    S=_TEXT    G=(none)   M=C:\BCC582\LIB\CW32.LIB|fopen ACBP=A9
 0001:0014DDA4 00000022 C=CODE    S=_TEXT    G=(none)   M=C:\BCC582\LIB\CW32.LIB|fprintf ACBP=A9
 0001:0014DDC8 000000DB C=CODE    S=_TEXT    G=(none)   M=C:\BCC582\LIB\CW32.LIB|fputn ACBP=A9
 0001:0014DEA4 00000056 C=CODE    S=_TEXT    G=(none)   M=C:\BCC582\LIB\CW32.LIB|fputs ACBP=A9
 0001:0014DEFC 00000167 C=CODE    S=_TEXT    G=(none)   M=C:\BCC582\LIB\CW32.LIB|fread ACBP=A9
 0001:0014E064 0000002E C=CODE    S=_TEXT    G=(none)   M=C:\BCC582\LIB\CW32.LIB|freopen ACBP=A9
 0001:0014E094 00000140 C=CODE    S=_TEXT    G=(none)   M=C:\BCC582\LIB\CW32.LIB|fseek ACBP=A9
 0001:0014E1D4 00000019 C=CODE    S=_TEXT    G=(none)   M=C:\BCC582\LIB\CW32.LIB|fsetpos ACBP=A9
 0001:0014E1F0 00000031 C=CODE    S=_TEXT    G=(none)   M=C:\BCC582\LIB\CW32.LIB|fwrite ACBP=A9
 0001:0014E224 000002B9 C=CODE    S=_TEXT    G=(none)   M=C:\BCC582\LIB\CW32.LIB|handles ACBP=A9
 0001:0014E4E0 00000076 C=CODE    S=_TEXT    G=(none)   M=C:\BCC582\LIB\CW32.LIB|ioerror ACBP=A9
 0001:0014E558 000001A5 C=CODE    S=_TEXT    G=(none)   M=C:\BCC582\LIB\CW32.LIB|lgetc ACBP=A9
 0001:0014E700 000001A9 C=CODE    S=_TEXT    G=(none)   M=C:\BCC582\LIB\CW32.LIB|lgetwc ACBP=A9
 0001:0014E8AC 00000112 C=CODE    S=_TEXT    G=(none)   M=C:\BCC582\LIB\CW32.LIB|lputc ACBP=A9
 0001:0014E9C0 00000144 C=CODE    S=_TEXT    G=(none)   M=C:\BCC582\LIB\CW32.LIB|lputwc ACBP=A9
 0001:0014EB04 00000091 C=CODE    S=_TEXT    G=(none)   M=C:\BCC582\LIB\CW32.LIB|mkname ACBP=A9
 0001:0014EB95 00000079 C=CODE    S=_TEXT    G=(none)   M=C:\BCC582\LIB\CW32.LIB|perror ACBP=A9
 0001:0014EB98 00000023 C=CODE    S=_TEXT    G=(none)   M=C:\BCC582\LIB\CW32.LIB|printf ACBP=A9
 0001:0014EBBC 00000010 C=CODE    S=_TEXT    G=(none)   M=C:\BCC582\LIB\CW32.LIB|remove ACBP=A9
 0001:0014EBCC 0000006E C=CODE    S=_TEXT    G=(none)   M=C:\BCC582\LIB\CW32.LIB|setmode ACBP=A9
 0001:0014EC3C 0000004D C=CODE    S=_TEXT    G=(none)   M=C:\BCC582\LIB\CW32.LIB|setvbuf ACBP=A9
 0001:0014EC8C 00000078 C=CODE    S=_TEXT    G=(none)   M=C:\BCC582\LIB\CW32.LIB|sprintf ACBP=A9
 0001:0014ED04 00000101 C=CODE    S=_TEXT    G=(none)   M=C:\BCC582\LIB\CW32.LIB|streams ACBP=A9
 0001:0014EE08 00000050 C=CODE    S=_TEXT    G=(none)   M=C:\BCC582\LIB\CW32.LIB|ungetc ACBP=A9
 0001:0014EE58 0000005C C=CODE    S=_TEXT    G=(none)   M=C:\BCC582\LIB\CW32.LIB|ungetwc ACBP=A9
 0001:0014EEB4 0000001A C=CODE    S=_TEXT    G=(none)   M=C:\BCC582\LIB\CW32.LIB|unlink ACBP=A9
 0001:0014EED0 00000A2A C=CODE    S=_TEXT    G=(none)   M=C:\BCC582\LIB\CW32.LIB|vprinter ACBP=A9
 0001:0014F8FC 000001CD C=CODE    S=_TEXT    G=(none)   M=C:\BCC582\LIB\CW32.LIB|wfopen ACBP=A9
 0001:0014FACC 0000001A C=CODE    S=_TEXT    G=(none)   M=C:\BCC582\LIB\CW32.LIB|wunlink ACBP=A9
 0001:0014FAE8 0000002E C=CODE    S=_TEXT    G=(none)   M=C:\BCC582\LIB\CW32.LIB|xfclose ACBP=A9
 0001:0014FB18 00000027 C=CODE    S=_TEXT    G=(none)   M=C:\BCC582\LIB\CW32.LIB|xfflush ACBP=A9
 0001:0014FB3F 00000006 C=CODE    S=_TEXT    G=(none)   M=C:\BCC582\LIB\CW32.LIB|cconv ACBP=A9
 0001:0014FB40 000002CC C=CODE    S=_TEXT    G=(none)   M=C:\BCC582\LIB\CW32.LIB|convt ACBP=A9
 0001:0014FE0C 00000051 C=CODE    S=_TEXT    G=(none)   M=C:\BCC582\LIB\CW32.LIB|getinfo ACBP=A9
 0001:0014FE60 00000102 C=CODE    S=_TEXT    G=(none)   M=C:\BCC582\LIB\CW32.LIB|is ACBP=A9
 0001:0014FF64 00000103 C=CODE    S=_TEXT    G=(none)   M=C:\BCC582\LIB\CW32.LIB|wis ACBP=A9
 0001:00150068 00000043 C=CODE    S=_TEXT    G=(none)   M=C:\BCC582\LIB\CW32.LIB|isctype ACBP=A9
 0001:001500AC 00000055 C=CODE    S=_TEXT    G=(none)   M=C:\BCC582\LIB\CW32.LIB|iswctype ACBP=A9
 0001:00150104 00001187 C=CODE    S=_TEXT    G=(none)   M=C:\BCC582\LIB\CW32.LIB|locale ACBP=A9
 0001:0015128C 00000816 C=CODE    S=_TEXT    G=(none)   M=C:\BCC582\LIB\CW32.LIB|initcat ACBP=A9
 0001:00151AA4 00000097 C=CODE    S=_TEXT    G=(none)   M=C:\BCC582\LIB\CW32.LIB|lconv ACBP=A9
 0001:00151B3C 00000024 C=CODE    S=_TEXT    G=(none)   M=C:\BCC582\LIB\CW32.LIB|lstrlwr ACBP=A9
 0001:00151B60 00000054 C=CODE    S=_TEXT    G=(none)   M=C:\BCC582\LIB\CW32.LIB|ltolower ACBP=A9
 0001:00151BB4 00000054 C=CODE    S=_TEXT    G=(none)   M=C:\BCC582\LIB\CW32.LIB|ltoupper ACBP=A9
 0001:00151C08 000004E6 C=CODE    S=_TEXT    G=(none)   M=C:\BCC582\LIB\CW32.LIB|mbyte1 ACBP=A9
 0001:001520F0 00000016 C=CODE    S=_TEXT    G=(none)   M=C:\BCC582\LIB\CW32.LIB|lsetlocl ACBP=A9
 0001:00152108 00000200 C=CODE    S=_TEXT    G=(none)   M=C:\BCC582\LIB\CW32.LIB|_ll ACBP=A9
 0001:00152308 0000001D C=CODE    S=_TEXT    G=(none)   M=C:\BCC582\LIB\CW32.LIB|_finite ACBP=A9
 0001:00152328 0000002D C=CODE    S=_TEXT    G=(none)   M=C:\BCC582\LIB\CW32.LIB|_finitel ACBP=A9
 0001:00152358 0000002B C=CODE    S=_TEXT    G=(none)   M=C:\BCC582\LIB\CW32.LIB|_ftoul ACBP=A9
 0001:00152384 00000045 C=CODE    S=_TEXT    G=(none)   M=C:\BCC582\LIB\CW32.LIB|_isnan ACBP=A9
 0001:001523CC 00000049 C=CODE    S=_TEXT    G=(none)   M=C:\BCC582\LIB\CW32.LIB|_isnanl ACBP=A9
 0001:00152418 00000008 C=CODE    S=_TEXT    G=(none)   M=C:\BCC582\LIB\CW32.LIB|_ltoa1 ACBP=A9
 0001:00152420 000000B0 C=CODE    S=_TEXT    G=(none)   M=C:\BCC582\LIB\CW32.LIB|_matherr ACBP=A9
 0001:001524D0 00000188 C=CODE    S=_TEXT    G=(none)   M=C:\BCC582\LIB\CW32.LIB|_pow10 ACBP=A9
 0001:00152658 00000013 C=CODE    S=_TEXT    G=(none)   M=C:\BCC582\LIB\CW32.LIB|atof ACBP=A9
 0001:0015266C 00000077 C=CODE    S=_TEXT    G=(none)   M=C:\BCC582\LIB\CW32.LIB|atol ACBP=A9
 0001:001526E4 0000001C C=CODE    S=_TEXT    G=(none)   M=C:\BCC582\LIB\CW32.LIB|ceil ACBP=A9
 0001:00152700 00000013 C=CODE    S=_TEXT    G=(none)   M=C:\BCC582\LIB\CW32.LIB|clear87 ACBP=A9
 0001:00152714 0000003F C=CODE    S=_TEXT    G=(none)   M=C:\BCC582\LIB\CW32.LIB|cos ACBP=A9
 0001:00152754 0000002F C=CODE    S=_TEXT    G=(none)   M=C:\BCC582\LIB\CW32.LIB|ctrl87 ACBP=A9
 0001:00152784 00000018 C=CODE    S=_TEXT    G=(none)   M=C:\BCC582\LIB\CW32.LIB|cvtentry ACBP=A9
 0001:0015279C 00000018 C=CODE    S=_TEXT    G=(none)   M=C:\BCC582\LIB\CW32.LIB|cvtfak ACBP=A9
 0001:001527B4 00000018 C=CODE    S=_TEXT    G=(none)   M=C:\BCC582\LIB\CW32.LIB|cvtfakw ACBP=A9
 0001:001527CC 0000006C C=CODE    S=_TEXT    G=(none)   M=C:\BCC582\LIB\CW32.LIB|exp ACBP=A9
 0001:00152838 000000CD C=CODE    S=_TEXT    G=(none)   M=C:\BCC582\LIB\CW32.LIB|f87exp ACBP=A9
 0001:00152908 00000048 C=CODE    S=_TEXT    G=(none)   M=C:\BCC582\LIB\CW32.LIB|f87log ACBP=A9
 0001:00152950 0000000D C=CODE    S=_TEXT    G=(none)   M=C:\BCC582\LIB\CW32.LIB|fabs ACBP=A9
 0001:00152960 0000001C C=CODE    S=_TEXT    G=(none)   M=C:\BCC582\LIB\CW32.LIB|floor ACBP=A9
 0001:0015297C 0000004D C=CODE    S=_TEXT    G=(none)   M=C:\BCC582\LIB\CW32.LIB|fmod ACBP=A9
 0001:001529CC 00000016 C=CODE    S=_TEXT    G=(none)   M=C:\BCC582\LIB\CW32.LIB|fpreset ACBP=A9
 0001:001529E4 00000035 C=CODE    S=_TEXT    G=(none)   M=C:\BCC582\LIB\CW32.LIB|frexp ACBP=A9
 0001:00152A1C 0000002D C=CODE    S=_TEXT    G=(none)   M=C:\BCC582\LIB\CW32.LIB|ftol ACBP=A9
 0001:00152A4C 0000002D C=CODE    S=_TEXT    G=(none)   M=C:\BCC582\LIB\CW32.LIB|fuildq ACBP=A9
 0001:00152A7C 00000021 C=CODE    S=_TEXT    G=(none)   M=C:\BCC582\LIB\CW32.LIB|fuistq ACBP=A9
 0001:00152AA0 00000011 C=CODE    S=_TEXT    G=(none)   M=C:\BCC582\LIB\CW32.LIB|fxam ACBP=A9
 0001:00152AB4 000000B1 C=CODE    S=_TEXT    G=(none)   M=C:\BCC582\LIB\CW32.LIB|int64toa ACBP=A9
 0001:00152B68 00000117 C=CODE    S=_TEXT    G=(none)   M=C:\BCC582\LIB\CW32.LIB|ldtrunc ACBP=A9
 0001:00152C80 0000006D C=CODE    S=_TEXT    G=(none)   M=C:\BCC582\LIB\CW32.LIB|log ACBP=A9
 0001:00152CF0 0000006D C=CODE    S=_TEXT    G=(none)   M=C:\BCC582\LIB\CW32.LIB|log10 ACBP=A9
 0001:00152D60 0000008F C=CODE    S=_TEXT    G=(none)   M=C:\BCC582\LIB\CW32.LIB|longtoa ACBP=A9
 0001:00152DF0 00000075 C=CODE    S=_TEXT    G=(none)   M=C:\BCC582\LIB\CW32.LIB|ltoa1 ACBP=A9
 0001:00152E68 0000002E C=CODE    S=_TEXT    G=(none)   M=C:\BCC582\LIB\CW32.LIB|matherrl ACBP=A9
 0001:00152E98 00000019 C=CODE    S=_TEXT    G=(none)   M=C:\BCC582\LIB\CW32.LIB|mathptr ACBP=A9
 0001:00152EB4 00000030 C=CODE    S=_TEXT    G=(none)   M=C:\BCC582\LIB\CW32.LIB|modf ACBP=A9
 0001:00152EE4 00000030 C=CODE    S=_TEXT    G=(none)   M=C:\BCC582\LIB\CW32.LIB|modfl ACBP=A9
 0001:00152F14 000001DC C=CODE    S=_TEXT    G=(none)   M=C:\BCC582\LIB\CW32.LIB|pow ACBP=A9
 0001:001530F0 00000025 C=CODE    S=_TEXT    G=(none)   M=C:\BCC582\LIB\CW32.LIB|qdiv10 ACBP=A9
 0001:00153118 0000002E C=CODE    S=_TEXT    G=(none)   M=C:\BCC582\LIB\CW32.LIB|qmul10 ACBP=A9
 0001:00153148 000002F9 C=CODE    S=_TEXT    G=(none)   M=C:\BCC582\LIB\CW32.LIB|realcvt ACBP=A9
 0001:00153444 00000335 C=CODE    S=_TEXT    G=(none)   M=C:\BCC582\LIB\CW32.LIB|realcvtw ACBP=A9
 0001:0015377C 0000002C C=CODE    S=_TEXT    G=(none)   M=C:\BCC582\LIB\CW32.LIB|round ACBP=A9
 0001:001537A8 000004E9 C=CODE    S=_TEXT    G=(none)   M=C:\BCC582\LIB\CW32.LIB|scantod ACBP=A9
 0001:00153C94 000004E9 C=CODE    S=_TEXT    G=(none)   M=C:\BCC582\LIB\CW32.LIB|scanwtod ACBP=A9
 0001:00154180 0000003F C=CODE    S=_TEXT    G=(none)   M=C:\BCC582\LIB\CW32.LIB|sin ACBP=A9
 0001:001541C0 0000003A C=CODE    S=_TEXT    G=(none)   M=C:\BCC582\LIB\CW32.LIB|sqrt ACBP=A9
 0001:001541FC 000000C1 C=CODE    S=_TEXT    G=(none)   M=C:\BCC582\LIB\CW32.LIB|strtod ACBP=A9
 0001:001542C0 000002D4 C=CODE    S=_TEXT    G=(none)   M=C:\BCC582\LIB\CW32.LIB|xcvt ACBP=A9
 0001:00154594 000002F3 C=CODE    S=_TEXT    G=(none)   M=C:\BCC582\LIB\CW32.LIB|xcvtw ACBP=A9
 0001:00154888 0000014D C=CODE    S=_TEXT    G=(none)   M=C:\BCC582\LIB\CW32.LIB|mbctype ACBP=A9
 0001:001549D8 0000001A C=CODE    S=_TEXT    G=(none)   M=C:\BCC582\LIB\CW32.LIB|mbisspc ACBP=A9
 0001:001549F4 00000058 C=CODE    S=_TEXT    G=(none)   M=C:\BCC582\LIB\CW32.LIB|mbsrchr ACBP=A9
 0001:00154A4C 000000A6 C=CODE    S=_TEXT    G=(none)   M=C:\BCC582\LIB\CW32.LIB|assert ACBP=A9
 0001:00154AF4 000000BA C=CODE    S=_TEXT    G=(none)   M=C:\BCC582\LIB\CW32.LIB|ermsghlp ACBP=A9
 0001:00154BB0 00000006 C=CODE    S=_TEXT    G=(none)   M=C:\BCC582\LIB\CW32.LIB|errno ACBP=A9
 0001:00154BB8 0000019B C=CODE    S=_TEXT    G=(none)   M=C:\BCC582\LIB\CW32.LIB|errormsg ACBP=A9
 0001:00154D54 00000089 C=CODE    S=_TEXT    G=(none)   M=C:\BCC582\LIB\CW32.LIB|platform ACBP=A9
 0001:00154DE0 00000236 C=CODE    S=_TEXT    G=(none)   M=C:\BCC582\LIB\CW32.LIB|qsort ACBP=A9
 0001:00155018 00000022 C=CODE    S=_TEXT    G=(none)   M=C:\BCC582\LIB\CW32.LIB|abort ACBP=A9
 0001:0015503C 000000A7 C=CODE    S=_TEXT    G=(none)   M=C:\BCC582\LIB\CW32.LIB|exit ACBP=A9
 0001:001550E4 0000001A C=CODE    S=_TEXT    G=(none)   M=C:\BCC582\LIB\CW32.LIB|initwild ACBP=A9
 0001:00155100 00000011 C=CODE    S=_TEXT    G=(none)   M=C:\BCC582\LIB\CW32.LIB|exparg ACBP=A9
 0001:00155114 00000011 C=CODE    S=_TEXT    G=(none)   M=C:\BCC582\LIB\CW32.LIB|wexparg ACBP=A9
 0001:00155128 00000027 C=CODE    S=_TEXT    G=(none)   M=C:\BCC582\LIB\CW32.LIB|initargv ACBP=A9
 0001:00155150 0000016C C=CODE    S=_TEXT    G=(none)   M=C:\BCC582\LIB\CW32.LIB|setargv ACBP=A9
 0001:001552BC 000001E5 C=CODE    S=_TEXT    G=(none)   M=C:\BCC582\LIB\CW32.LIB|hsargv ACBP=A9
 0001:001554A4 00000227 C=CODE    S=_TEXT    G=(none)   M=C:\BCC582\LIB\CW32.LIB|whsargv ACBP=A9
 0001:001556CC 00000045 C=CODE    S=_TEXT    G=(none)   M=C:\BCC582\LIB\CW32.LIB|setargv0 ACBP=A9
 0001:00155714 000000A9 C=CODE    S=_TEXT    G=(none)   M=C:\BCC582\LIB\CW32.LIB|setjmp ACBP=A9
 0001:001557C0 000001A0 C=CODE    S=_TEXT    G=(none)   M=C:\BCC582\LIB\CW32.LIB|setenvp ACBP=A9
 0001:00155960 000002FA C=CODE    S=_TEXT    G=(none)   M=C:\BCC582\LIB\CW32.LIB|signal ACBP=A9
 0001:00155C5C 00000157 C=CODE    S=_TEXT    G=(none)   M=C:\BCC582\LIB\CW32.LIB|initexit ACBP=A9
 0001:00155DB4 000001A4 C=CODE    S=_TEXT    G=(none)   M=C:\BCC582\LIB\CW32.LIB|startup ACBP=A9
 0001:00155F58 0000004F C=CODE    S=_TEXT    G=(none)   M=C:\BCC582\LIB\CW32.LIB|tlsstat ACBP=A9
 0001:00155FA8 00001BD0 C=CODE    S=_TEXT    G=(none)   M=C:\BCC582\LIB\CW32.LIB|xx ACBP=A9
 0002:00000000 000000A4 C=DATA    S=_DATA    G=DGROUP   M=C:\BCC582\LIB\C0W32.OBJ ACBP=A9
 0002:000000A4 00004AD0 C=DATA    S=_DATA    G=DGROUP   M=C:\DES\FIVEWIN\DBFQUERY\PRINCIPAL.OBJ ACBP=A9
 0002:00004B74 0002C34C C=DATA    S=_DATA    G=DGROUP   M=C:\DES\FIVEWIN\DBFQUERY\XBROWSE.OBJ ACBP=A9
 0002:00030EC0 000055FC C=DATA    S=_DATA    G=DGROUP   M=C:\FWH1312\LIB\FIVEH.LIB|ADOFUNCS ACBP=A9
 0002:000364BC 00000B94 C=DATA    S=_DATA    G=DGROUP   M=C:\FWH1312\LIB\FIVEH.LIB|ALERT ACBP=A9
 0002:00037050 00003EEC C=DATA    S=_DATA    G=DGROUP   M=C:\FWH1312\LIB\FIVEH.LIB|BITMAP ACBP=A9
 0002:0003AF3C 0000297C C=DATA    S=_DATA    G=DGROUP   M=C:\FWH1312\LIB\FIVEH.LIB|BRUSH ACBP=A9
 0002:0003D8B8 000017B4 C=DATA    S=_DATA    G=DGROUP   M=C:\FWH1312\LIB\FIVEH.LIB|BUTTON ACBP=A9
 0002:0003F06C 00001334 C=DATA    S=_DATA    G=DGROUP   M=C:\FWH1312\LIB\FIVEH.LIB|BUTTONB ACBP=A9
 0002:000403A0 0000190C C=DATA    S=_DATA    G=DGROUP   M=C:\FWH1312\LIB\FIVEH.LIB|CHECKBOX ACBP=A9
 0002:00041CAC 000003E8 C=DATA    S=_DATA    G=DGROUP   M=C:\FWH1312\LIB\FIVEH.LIB|CHECKRES ACBP=A9
 0002:00042094 000009D4 C=DATA    S=_DATA    G=DGROUP   M=C:\FWH1312\LIB\FIVEH.LIB|CLIPBRD ACBP=A9
 0002:00042A68 000038F0 C=DATA    S=_DATA    G=DGROUP   M=C:\FWH1312\LIB\FIVEH.LIB|COMBOBOX ACBP=A9
 0002:00046358 00006134 C=DATA    S=_DATA    G=DGROUP   M=C:\FWH1312\LIB\FIVEH.LIB|CONTROL ACBP=A9
 0002:0004C48C 000008A0 C=DATA    S=_DATA    G=DGROUP   M=C:\FWH1312\LIB\FIVEH.LIB|CURSOR ACBP=A9
 0002:0004CD2C 000064E8 C=DATA    S=_DATA    G=DGROUP   M=C:\FWH1312\LIB\FIVEH.LIB|DATABASE ACBP=A9
 0002:00053214 00004BBC C=DATA    S=_DATA    G=DGROUP   M=C:\FWH1312\LIB\FIVEH.LIB|DATAROW ACBP=A9
 0002:00057DD0 000003BC C=DATA    S=_DATA    G=DGROUP   M=C:\FWH1312\LIB\FIVEH.LIB|DBTOOLS ACBP=A9
 0002:0005818C 00000A34 C=DATA    S=_DATA    G=DGROUP   M=C:\FWH1312\LIB\FIVEH.LIB|DDE ACBP=A9
 0002:00058BC0 00003FD4 C=DATA    S=_DATA    G=DGROUP   M=C:\FWH1312\LIB\FIVEH.LIB|DIALOG ACBP=A9
 0002:0005CB94 00000670 C=DATA    S=_DATA    G=DGROUP   M=C:\FWH1312\LIB\FIVEH.LIB|DLGFIND ACBP=A9
 0002:0005D204 0000087C C=DATA    S=_DATA    G=DGROUP   M=C:\FWH1312\LIB\FIVEH.LIB|DLGS32 ACBP=A9
 0002:0005DA80 000002FC C=DATA    S=_DATA    G=DGROUP   M=C:\FWH1312\LIB\FIVEH.LIB|DRAWBMP ACBP=A9
 0002:0005DD7C 0000218C C=DATA    S=_DATA    G=DGROUP   M=C:\FWH1312\LIB\FIVEH.LIB|ERRSYSW ACBP=A9
 0002:0005FF08 00010EE0 C=DATA    S=_DATA    G=DGROUP   M=C:\FWH1312\LIB\FIVEH.LIB|FGET ACBP=A9
 0002:00070DE8 00000FBC C=DATA    S=_DATA    G=DGROUP   M=C:\FWH1312\LIB\FIVEH.LIB|FILENAME ACBP=A9
 0002:00071DA4 000004E0 C=DATA    S=_DATA    G=DGROUP   M=C:\FWH1312\LIB\FIVEH.LIB|FLINE ACBP=A9
 0002:00072284 00002960 C=DATA    S=_DATA    G=DGROUP   M=C:\FWH1312\LIB\FIVEH.LIB|FONT ACBP=A9
 0002:00074BE4 00000390 C=DATA    S=_DATA    G=DGROUP   M=C:\FWH1312\LIB\FIVEH.LIB|FWDECODE ACBP=A9
 0002:00074F74 0000032C C=DATA    S=_DATA    G=DGROUP   M=C:\FWH1312\LIB\FIVEH.LIB|FWERROR ACBP=A9
 0002:000752A0 0000093C C=DATA    S=_DATA    G=DGROUP   M=C:\FWH1312\LIB\FIVEH.LIB|GETTASKS ACBP=A9
 0002:00075BDC 00000798 C=DATA    S=_DATA    G=DGROUP   M=C:\FWH1312\LIB\FIVEH.LIB|GETSYSIN ACBP=A9
 0002:00076374 00001A64 C=DATA    S=_DATA    G=DGROUP   M=C:\FWH1312\LIB\FIVEH.LIB|GTF ACBP=A9
 0002:00077DD8 0000093C C=DATA    S=_DATA    G=DGROUP   M=C:\FWH1312\LIB\FIVEH.LIB|HELP32 ACBP=A9
 0002:00078714 000008E0 C=DATA    S=_DATA    G=DGROUP   M=C:\FWH1312\LIB\FIVEH.LIB|HELPCHM ACBP=A9
 0002:00078FF4 00001240 C=DATA    S=_DATA    G=DGROUP   M=C:\FWH1312\LIB\FIVEH.LIB|GROUP ACBP=A9
 0002:0007A234 00000E80 C=DATA    S=_DATA    G=DGROUP   M=C:\FWH1312\LIB\FIVEH.LIB|ICON ACBP=A9
 0002:0007B0B4 00002EDC C=DATA    S=_DATA    G=DGROUP   M=C:\FWH1312\LIB\FIVEH.LIB|IMAGE ACBP=A9
 0002:0007DF90 00000A34 C=DATA    S=_DATA    G=DGROUP   M=C:\FWH1312\LIB\FIVEH.LIB|INI ACBP=A9
 0002:0007E9C4 00002984 C=DATA    S=_DATA    G=DGROUP   M=C:\FWH1312\LIB\FIVEH.LIB|LISTBOX ACBP=A9
 0002:00081348 00000F38 C=DATA    S=_DATA    G=DGROUP   M=C:\FWH1312\LIB\FIVEH.LIB|LINKLIST ACBP=A9
 0002:00082280 00001C28 C=DATA    S=_DATA    G=DGROUP   M=C:\FWH1312\LIB\FIVEH.LIB|MDICHILD ACBP=A9
 0002:00083EA8 00001348 C=DATA    S=_DATA    G=DGROUP   M=C:\FWH1312\LIB\FIVEH.LIB|MDICLIEN ACBP=A9
 0002:000851F0 000019E8 C=DATA    S=_DATA    G=DGROUP   M=C:\FWH1312\LIB\FIVEH.LIB|MDIFRAME ACBP=A9
 0002:00086BD8 00001E4C C=DATA    S=_DATA    G=DGROUP   M=C:\FWH1312\LIB\FIVEH.LIB|MEMOEDIT ACBP=A9
 0002:00088A24 00004C68 C=DATA    S=_DATA    G=DGROUP   M=C:\FWH1312\LIB\FIVEH.LIB|MENU ACBP=A9
 0002:0008D68C 00002404 C=DATA    S=_DATA    G=DGROUP   M=C:\FWH1312\LIB\FIVEH.LIB|MENUITEM ACBP=A9
 0002:0008FA90 00000FE8 C=DATA    S=_DATA    G=DGROUP   M=C:\FWH1312\LIB\FIVEH.LIB|METER ACBP=A9
 0002:00090A78 0000376C C=DATA    S=_DATA    G=DGROUP   M=C:\FWH1312\LIB\FIVEH.LIB|MGET ACBP=A9
 0002:000941E4 000032E4 C=DATA    S=_DATA    G=DGROUP   M=C:\FWH1312\LIB\FIVEH.LIB|MSGBAR ACBP=A9
 0002:000974C8 000014AC C=DATA    S=_DATA    G=DGROUP   M=C:\FWH1312\LIB\FIVEH.LIB|MSGMETER ACBP=A9
 0002:00098974 000004B0 C=DATA    S=_DATA    G=DGROUP   M=C:\FWH1312\LIB\FIVEH.LIB|MSGRUN ACBP=A9
 0002:00098E24 00000164 C=DATA    S=_DATA    G=DGROUP   M=C:\FWH1312\LIB\FIVEH.LIB|ODATA ACBP=A9
 0002:00098F88 00000D20 C=DATA    S=_DATA    G=DGROUP   M=C:\FWH1312\LIB\FIVEH.LIB|OLEFUNCS ACBP=A9
 0002:00099CA8 000005E0 C=DATA    S=_DATA    G=DGROUP   M=C:\FWH1312\LIB\FIVEH.LIB|PDMENU ACBP=A9
 0002:0009A288 00000478 C=DATA    S=_DATA    G=DGROUP   M=C:\FWH1312\LIB\FIVEH.LIB|PDREPORT ACBP=A9
 0002:0009A700 000004F0 C=DATA    S=_DATA    G=DGROUP   M=C:\FWH1312\LIB\FIVEH.LIB|PEN ACBP=A9
 0002:0009ABF0 000043C4 C=DATA    S=_DATA    G=DGROUP   M=C:\FWH1312\LIB\FIVEH.LIB|PRINTER ACBP=A9
 0002:0009EFB4 00001C28 C=DATA    S=_DATA    G=DGROUP   M=C:\FWH1312\LIB\FIVEH.LIB|PRV2PDF ACBP=A9
 0002:000A0BDC 00001644 C=DATA    S=_DATA    G=DGROUP   M=C:\FWH1312\LIB\FIVEH.LIB|RADIO ACBP=A9
 0002:000A2220 00001280 C=DATA    S=_DATA    G=DGROUP   M=C:\FWH1312\LIB\FIVEH.LIB|RADMENU ACBP=A9
 0002:000A34A0 00001DF8 C=DATA    S=_DATA    G=DGROUP   M=C:\FWH1312\LIB\FIVEH.LIB|RCOLUMN ACBP=A9
 0002:000A5298 00000658 C=DATA    S=_DATA    G=DGROUP   M=C:\FWH1312\LIB\FIVEH.LIB|REBAR ACBP=A9
 0002:000A58F0 00000DA0 C=DATA    S=_DATA    G=DGROUP   M=C:\FWH1312\LIB\FIVEH.LIB|RFILE ACBP=A9
 0002:000A6690 0000111C C=DATA    S=_DATA    G=DGROUP   M=C:\FWH1312\LIB\FIVEH.LIB|RGROUP ACBP=A9
 0002:000A77AC 00000DD4 C=DATA    S=_DATA    G=DGROUP   M=C:\FWH1312\LIB\FIVEH.LIB|RLINE ACBP=A9
 0002:000A8580 00000948 C=DATA    S=_DATA    G=DGROUP   M=C:\FWH1312\LIB\FIVEH.LIB|RECT ACBP=A9
 0002:000A8EC8 00000BFC C=DATA    S=_DATA    G=DGROUP   M=C:\FWH1312\LIB\FIVEH.LIB|REG32 ACBP=A9
 0002:000A9AC4 000083DC C=DATA    S=_DATA    G=DGROUP   M=C:\FWH1312\LIB\FIVEH.LIB|REPORT ACBP=A9
 0002:000B1EA0 00008E44 C=DATA    S=_DATA    G=DGROUP   M=C:\FWH1312\LIB\FIVEH.LIB|RPREVIEW ACBP=A9
 0002:000BACE4 0000179C C=DATA    S=_DATA    G=DGROUP   M=C:\FWH1312\LIB\FIVEH.LIB|SAY ACBP=A9
 0002:000BC480 0000515C C=DATA    S=_DATA    G=DGROUP   M=C:\FWH1312\LIB\FIVEH.LIB|SCINTILA ACBP=A9
 0002:000C15DC 00001940 C=DATA    S=_DATA    G=DGROUP   M=C:\FWH1312\LIB\FIVEH.LIB|SCRLLBAR ACBP=A9
 0002:000C2F1C 00000FEC C=DATA    S=_DATA    G=DGROUP   M=C:\FWH1312\LIB\FIVEH.LIB|STATUSBA ACBP=A9
 0002:000C3F08 00007348 C=DATA    S=_DATA    G=DGROUP   M=C:\FWH1312\LIB\FIVEH.LIB|STRINGS ACBP=A9
 0002:000CB250 00000624 C=DATA    S=_DATA    G=DGROUP   M=C:\FWH1312\LIB\FIVEH.LIB|TACCTBL ACBP=A9
 0002:000CB874 00000270 C=DATA    S=_DATA    G=DGROUP   M=C:\FWH1312\LIB\FIVEH.LIB|TCLIPGET ACBP=A9
 0002:000CBAE4 000013DC C=DATA    S=_DATA    G=DGROUP   M=C:\FWH1312\LIB\FIVEH.LIB|TDTPICKE ACBP=A9
 0002:000CCEC0 00006F18 C=DATA    S=_DATA    G=DGROUP   M=C:\FWH1312\LIB\FIVEH.LIB|TGET ACBP=A9
 0002:000D3DD8 0000167C C=DATA    S=_DATA    G=DGROUP   M=C:\FWH1312\LIB\FIVEH.LIB|TOOLBAR ACBP=A9
 0002:000D5454 000007C4 C=DATA    S=_DATA    G=DGROUP   M=C:\FWH1312\LIB\FIVEH.LIB|TIMAGLST ACBP=A9
 0002:000D5C18 00000788 C=DATA    S=_DATA    G=DGROUP   M=C:\FWH1312\LIB\FIVEH.LIB|TIMER ACBP=A9
 0002:000D63A0 00001E10 C=DATA    S=_DATA    G=DGROUP   M=C:\FWH1312\LIB\FIVEH.LIB|TLISTVIE ACBP=A9
 0002:000D81B0 00000954 C=DATA    S=_DATA    G=DGROUP   M=C:\FWH1312\LIB\FIVEH.LIB|TMAIL ACBP=A9
 0002:000D8B04 00001B74 C=DATA    S=_DATA    G=DGROUP   M=C:\FWH1312\LIB\FIVEH.LIB|TMETAFIL ACBP=A9
 0002:000DA678 00001F54 C=DATA    S=_DATA    G=DGROUP   M=C:\FWH1312\LIB\FIVEH.LIB|TMSGITEM ACBP=A9
 0002:000DC5CC 00001AF0 C=DATA    S=_DATA    G=DGROUP   M=C:\FWH1312\LIB\FIVEH.LIB|TREEITEM ACBP=A9
 0002:000DE0BC 00000744 C=DATA    S=_DATA    G=DGROUP   M=C:\FWH1312\LIB\FIVEH.LIB|TREES ACBP=A9
 0002:000DE800 00005804 C=DATA    S=_DATA    G=DGROUP   M=C:\FWH1312\LIB\FIVEH.LIB|TRICHEDI ACBP=A9
 0002:000E4004 00000EA4 C=DATA    S=_DATA    G=DGROUP   M=C:\FWH1312\LIB\FIVEH.LIB|TSTRUCT ACBP=A9
 0002:000E4EA8 00001214 C=DATA    S=_DATA    G=DGROUP   M=C:\FWH1312\LIB\FIVEH.LIB|TTMPICKE ACBP=A9
 0002:000E60BC 00000D6C C=DATA    S=_DATA    G=DGROUP   M=C:\FWH1312\LIB\FIVEH.LIB|VALBLANK ACBP=A9
 0002:000E6E28 000016E0 C=DATA    S=_DATA    G=DGROUP   M=C:\FWH1312\LIB\FIVEH.LIB|VALTOSTR ACBP=A9
 0002:000E8508 0000C7BC C=DATA    S=_DATA    G=DGROUP   M=C:\FWH1312\LIB\FIVEH.LIB|WINDOW ACBP=A9
 0002:000F4CC4 000000F0 C=DATA    S=_DATA    G=DGROUP   M=C:\FWH1312\LIB\FIVEH.LIB|WQOUT ACBP=A9
 0002:000F4DB4 00001AE0 C=DATA    S=_DATA    G=DGROUP   M=C:\FWH1312\LIB\FIVEH.LIB|XBROWSER ACBP=A9
 0002:000F6894 00000228 C=DATA    S=_DATA    G=DGROUP   M=C:\FWH1312\LIB\FIVEH.LIB|XPAD ACBP=A9
 0002:000F6ABC 00004338 C=DATA    S=_DATA    G=DGROUP   M=C:\FWH1312\LIB\FIVEH.LIB|BAR ACBP=A9
 0002:000FADF4 0000648C C=DATA    S=_DATA    G=DGROUP   M=C:\FWH1312\LIB\FIVEH.LIB|BTNBMP ACBP=A9
 0002:00101280 00000CD8 C=DATA    S=_DATA    G=DGROUP   M=C:\FWH1312\LIB\FIVEH.LIB|HARBOUR ACBP=A9
 0002:00101F58 00000018 C=DATA    S=_DATA    G=DGROUP   M=C:\FWH1312\LIB\FIVEHC.LIB|__WNDPRO ACBP=A9
 0002:00101F70 00000004 C=DATA    S=_DATA    G=DGROUP   M=C:\FWH1312\LIB\FIVEHC.LIB|BMPREAD ACBP=A9
 0002:00101F74 00000024 C=DATA    S=_DATA    G=DGROUP   M=C:\FWH1312\LIB\FIVEHC.LIB|FFDLGPRC ACBP=A9
 0002:00101F98 0000000C C=DATA    S=_DATA    G=DGROUP   M=C:\FWH1312\LIB\FIVEHC.LIB|FFWNDRUN ACBP=A9
 0002:00101FA4 0000000C C=DATA    S=_DATA    G=DGROUP   M=C:\FWH1312\LIB\FIVEHC.LIB|HARBOURC ACBP=A9
 0002:00101FB0 00000014 C=DATA    S=_DATA    G=DGROUP   M=C:\FWH1312\LIB\FIVEHC.LIB|TOOLBARS ACBP=A9
 0002:00101FC4 00000014 C=DATA    S=_DATA    G=DGROUP   M=C:\FWH1312\LIB\FIVEHC.LIB|TOOLTIP ACBP=A9
 0002:00101FD8 00000014 C=DATA    S=_DATA    G=DGROUP   M=C:\FWH1312\LIB\FIVEHC.LIB|WNDRUN ACBP=A9
 0002:00101FEC 0000000C C=DATA    S=_DATA    G=DGROUP   M=C:\FWH1312\LIB\FIVEHC.LIB|DLGBOX ACBP=A9
 0002:00101FF8 00000294 C=DATA    S=_DATA    G=DGROUP   M=C:\FWH1312\LIB\FIVEHC.LIB|CTLHDLEH ACBP=A9
 0002:0010228C 0000000C C=DATA    S=_DATA    G=DGROUP   M=C:\FWH1312\LIB\FIVEHC.LIB|BARTOOLS ACBP=A9
 0002:00102298 00006318 C=DATA    S=_DATA    G=DGROUP   M=C:\FWH1312\LIB\FIVEHC.LIB|BITMAPS ACBP=A9
 0002:001085B0 00000010 C=DATA    S=_DATA    G=DGROUP   M=C:\FWH1312\LIB\FIVEHC.LIB|BMPDRAW ACBP=A9
 0002:001085C0 0000371C C=DATA    S=_DATA    G=DGROUP   M=C:\FWH1312\LIB\FIVEHC.LIB|BMPS ACBP=A9
 0002:0010BCDC 00003820 C=DATA    S=_DATA    G=DGROUP   M=C:\FWH1312\LIB\FIVEHC.LIB|BRUSHES ACBP=A9
 0002:0010F4FC 00000002 C=DATA    S=_DATA    G=DGROUP   M=C:\FWH1312\LIB\FIVEHC.LIB|CALLDLL ACBP=A9
 0002:0010F500 0000006C C=DATA    S=_DATA    G=DGROUP   M=C:\FWH1312\LIB\FIVEHC.LIB|CALDLL32 ACBP=A9
 0002:0010F56C 00000004 C=DATA    S=_DATA    G=DGROUP   M=C:\FWH1312\LIB\FIVEHC.LIB|CLPBRD ACBP=A9
 0002:0010F570 00000011 C=DATA    S=_DATA    G=DGROUP   M=C:\FWH1312\LIB\FIVEHC.LIB|CODEGTF ACBP=A9
 0002:0010F584 00000008 C=DATA    S=_DATA    G=DGROUP   M=C:\FWH1312\LIB\FIVEHC.LIB|CREATEPA ACBP=A9
 0002:0010F58C 00000008 C=DATA    S=_DATA    G=DGROUP   M=C:\FWH1312\LIB\FIVEHC.LIB|CREATESO ACBP=A9
 0002:0010F594 00000098 C=DATA    S=_DATA    G=DGROUP   M=C:\FWH1312\LIB\FIVEHC.LIB|CTL3D ACBP=A9
 0002:0010F62C 00000008 C=DATA    S=_DATA    G=DGROUP   M=C:\FWH1312\LIB\FIVEHC.LIB|CTRLDRAW ACBP=A9
 0002:0010F634 00000004 C=DATA    S=_DATA    G=DGROUP   M=C:\FWH1312\LIB\FIVEHC.LIB|CTRL2CHR ACBP=A9
 0002:0010F638 0000065C C=DATA    S=_DATA    G=DGROUP   M=C:\FWH1312\LIB\FIVEHC.LIB|CURSORS ACBP=A9
 0002:0010FC94 00000040 C=DATA    S=_DATA    G=DGROUP   M=C:\FWH1312\LIB\FIVEHC.LIB|DATEPICK ACBP=A9
 0002:0010FCD4 0000007C C=DATA    S=_DATA    G=DGROUP   M=C:\FWH1312\LIB\FIVEHC.LIB|DEVICE ACBP=A9
 0002:0010FD50 00000004 C=DATA    S=_DATA    G=DGROUP   M=C:\FWH1312\LIB\FIVEHC.LIB|DIB ACBP=A9
 0002:0010FD54 00000004 C=DATA    S=_DATA    G=DGROUP   M=C:\FWH1312\LIB\FIVEHC.LIB|DLOGBOX ACBP=A9
 0002:0010FD58 00000004 C=DATA    S=_DATA    G=DGROUP   M=C:\FWH1312\LIB\FIVEHC.LIB|DRAWITEM ACBP=A9
 0002:0010FD5C 00000004 C=DATA    S=_DATA    G=DGROUP   M=C:\FWH1312\LIB\FIVEHC.LIB|DRIVES ACBP=A9
 0002:0010FD60 00000024 C=DATA    S=_DATA    G=DGROUP   M=C:\FWH1312\LIB\FIVEHC.LIB|FGETCLIP ACBP=A9
 0002:0010FD84 00000004 C=DATA    S=_DATA    G=DGROUP   M=C:\FWH1312\LIB\FIVEHC.LIB|FGETLINE ACBP=A9
[...]
 0002:00160928  __ectbl__ std::locale::locale(std::locale::_Locimp *)
 0002:00160940  __odtbl__ std::_Fac_node::_Fac_node(std::_Fac_node *, std::locale::facet *)
 0002:00160950  __ectbl__ std::_Fac_node::_Fac_node(std::_Fac_node *, std::locale::facet *)
 0002:00160968  __odtbl__ std::_Fac_deletable::~_Fac_deletable()
 0002:00160978  __ectbl__ std::_Fac_deletable::~_Fac_deletable()
 0002:00160990  @std@_Fac_deletable@3
 0002:001609A0  d2841_1
 0002:001609A0  std::_New_hand
 0002:001609A4  d2847_1
 0002:00160A90  d2856_1
 0002:00160ABC  __odtbl__ std::_String_base::_Xlen() const
 0002:00160AE8  __ectbl__ std::_String_base::_Xlen() const
 0002:00160B0C  __odtbl__ std::_String_base::_Xran() const
 0002:00160B38  __ectbl__ std::_String_base::_Xran() const
 0002:00160B5C  __odtbl__ std::length_error::length_error(const std::basic_string<char, std::char_traits<char>, std::allocator<char> >&)
 0002:00160B6C  __ectbl__ std::length_error::length_error(const std::basic_string<char, std::char_traits<char>, std::allocator<char> >&)
 0002:00160B84  __odtbl__ std::length_error::~length_error()
 0002:00160B94  __ectbl__ std::length_error::~length_error()
 0002:00160BAC  __ectbl__ std::length_error::length_error(const std::length_error&)
 0002:00160BB8  __odtbl__ std::out_of_range::out_of_range(const std::basic_string<char, std::char_traits<char>, std::allocator<char> >&)
 0002:00160BC8  __ectbl__ std::out_of_range::out_of_range(const std::basic_string<char, std::char_traits<char>, std::allocator<char> >&)
 0002:00160BE0  __odtbl__ std::out_of_range::~out_of_range()
 0002:00160BF0  __ectbl__ std::out_of_range::~out_of_range()
 0002:00160C08  __ectbl__ std::out_of_range::out_of_range(const std::out_of_range&)
 0002:00160C14  __odtbl__ std::logic_error::logic_error(const std::basic_string<char, std::char_traits<char>, std::allocator<char> >&)
 0002:00160C24  __ectbl__ std::logic_error::logic_error(const std::basic_string<char, std::char_traits<char>, std::allocator<char> >&)
 0002:00160C48  __odtbl__ std::logic_error::~logic_error()
 0002:00160C58  __ectbl__ std::logic_error::~logic_error()
 0002:00160C70  @std@out_of_range@3
 0002:00160C84  @std@logic_error@3
 0002:00160C98  @std@length_error@3
 0002:00160CAC  __thrwl__ std::logic_error::what() const
 0002:00160CB0  __ectbl__ std::logic_error::what() const
 0002:00160CBC  d2866_1
 0002:00160D48  std::_Winit::_Init_cnt
 0002:00160D4C  __odtbl__ std::_Winit::_Winit()
 0002:00160DEC  __ectbl__ std::_Winit::_Winit()
 0002:00160EC4  __odtbl__ std::_Winit::~_Winit()
 0002:00160EE4  __ectbl__ std::_Winit::~_Winit()
 0002:00160F08  __odtbl__ std::basic_filebuf<wchar_t, std::char_traits<wchar_t> >::basic_filebuf<wchar_t, std::char_traits<wchar_t> >(std::FILE *)
 0002:00160F18  __ectbl__ std::basic_filebuf<wchar_t, std::char_traits<wchar_t> >::basic_filebuf<wchar_t, std::char_traits<wchar_t> >(std::FILE *)
 0002:00160F30  __odtbl__ std::basic_istream<wchar_t, std::char_traits<wchar_t> >::basic_istream<wchar_t, std::char_traits<wchar_t> >(std::basic_streambuf<wchar_t, std::char_traits<wchar_t> > *, bool, bool)
 0002:00160F40  __ectbl__ std::basic_istream<wchar_t, std::char_traits<wchar_t> >::basic_istream<wchar_t, std::char_traits<wchar_t> >(std::basic_streambuf<wchar_t, std::char_traits<wchar_t> > *, bool, bool)
 0002:00160F58  __odtbl__ std::basic_ostream<wchar_t, std::char_traits<wchar_t> >::basic_ostream<wchar_t, std::char_traits<wchar_t> >(std::basic_streambuf<wchar_t, std::char_traits<wchar_t> > *, bool)
 0002:00160F68  __ectbl__ std::basic_ostream<wchar_t, std::char_traits<wchar_t> >::basic_ostream<wchar_t, std::char_traits<wchar_t> >(std::basic_streambuf<wchar_t, std::char_traits<wchar_t> > *, bool)
 0002:00160F80  __odtbl__ std::basic_streambuf<wchar_t, std::char_traits<wchar_t> >::basic_streambuf<wchar_t, std::char_traits<wchar_t> >()
 0002:00160FA0  __ectbl__ std::basic_streambuf<wchar_t, std::char_traits<wchar_t> >::basic_streambuf<wchar_t, std::char_traits<wchar_t> >()
 0002:00160FDC  __odtbl__ std::basic_ios<wchar_t, std::char_traits<wchar_t> >::basic_ios<wchar_t, std::char_traits<wchar_t> >()
 0002:00160FEC  __ectbl__ std::basic_ios<wchar_t, std::char_traits<wchar_t> >::basic_ios<wchar_t, std::char_traits<wchar_t> >()
 0002:00161004  __odtbl__ std::basic_ios<wchar_t, std::char_traits<wchar_t> >::widen(char) const
 0002:00161024  __ectbl__ std::basic_ios<wchar_t, std::char_traits<wchar_t> >::widen(char) const
 0002:00161048  __odtbl__ const std::ctype<wchar_t>& std::use_facet<std::ctype<wchar_t> >(const std::locale&)
 0002:00161078  __ectbl__ const std::ctype<wchar_t>& std::use_facet<std::ctype<wchar_t> >(const std::locale&)
 0002:001610A8  __odtbl__ std::ctype<wchar_t>::_Getcat(const std::locale::facet * *)
 0002:001610B8  __ectbl__ std::ctype<wchar_t>::_Getcat(const std::locale::facet * *)
 0002:001610DC  __odtbl__ std::ctype<wchar_t>::ctype<wchar_t>(unsigned int)
 0002:001610FC  __ectbl__ std::ctype<wchar_t>::ctype<wchar_t>(unsigned int)
 0002:00161120  std::_Facetptr<std::ctype<wchar_t> >::_Psave
 0002:00161124  __odtbl__ std::basic_filebuf<wchar_t, std::char_traits<wchar_t> >::basic_filebuf<wchar_t, std::char_traits<wchar_t> >(std::_Uninitialized)
 0002:00161134  __ectbl__ std::basic_filebuf<wchar_t, std::char_traits<wchar_t> >::basic_filebuf<wchar_t, std::char_traits<wchar_t> >(std::_Uninitialized)
 0002:0016114C  __odtbl__ std::basic_istream<wchar_t, std::char_traits<wchar_t> >::basic_istream<wchar_t, std::char_traits<wchar_t> >(std::_Uninitialized)
 0002:0016115C  __ectbl__ std::basic_istream<wchar_t, std::char_traits<wchar_t> >::basic_istream<wchar_t, std::char_traits<wchar_t> >(std::_Uninitialized)
 0002:00161174  __odtbl__ std::basic_ostream<wchar_t, std::char_traits<wchar_t> >::basic_ostream<wchar_t, std::char_traits<wchar_t> >(std::_Uninitialized)
 0002:00161184  __ectbl__ std::basic_ostream<wchar_t, std::char_traits<wchar_t> >::basic_ostream<wchar_t, std::char_traits<wchar_t> >(std::_Uninitialized)
 0002:0016119C  __odtbl__ std::basic_ostream<wchar_t, std::char_traits<wchar_t> >::~basic_ostream<wchar_t, std::char_traits<wchar_t> >()
 0002:001611AC  __ectbl__ std::basic_ostream<wchar_t, std::char_traits<wchar_t> >::~basic_ostream<wchar_t, std::char_traits<wchar_t> >()
 0002:001611C4  __odtbl__ std::basic_istream<wchar_t, std::char_traits<wchar_t> >::~basic_istream<wchar_t, std::char_traits<wchar_t> >()
 0002:001611D4  __ectbl__ std::basic_istream<wchar_t, std::char_traits<wchar_t> >::~basic_istream<wchar_t, std::char_traits<wchar_t> >()
 0002:001611EC  __odtbl__ std::basic_filebuf<wchar_t, std::char_traits<wchar_t> >::~basic_filebuf<wchar_t, std::char_traits<wchar_t> >()
 0002:001611FC  __ectbl__ std::basic_filebuf<wchar_t, std::char_traits<wchar_t> >::~basic_filebuf<wchar_t, std::char_traits<wchar_t> >()
 0002:00161214  __odtbl__ std::basic_streambuf<wchar_t, std::char_traits<wchar_t> >::basic_streambuf<wchar_t, std::char_traits<wchar_t> >(std::_Uninitialized)
 0002:00161224  __ectbl__ std::basic_streambuf<wchar_t, std::char_traits<wchar_t> >::basic_streambuf<wchar_t, std::char_traits<wchar_t> >(std::_Uninitialized)
 0002:0016123C  __odtbl__ std::basic_ios<wchar_t, std::char_traits<wchar_t> >::~basic_ios<wchar_t, std::char_traits<wchar_t> >()
 0002:0016124C  __ectbl__ std::basic_ios<wchar_t, std::char_traits<wchar_t> >::~basic_ios<wchar_t, std::char_traits<wchar_t> >()
 0002:00161264  __odtbl__ std::basic_filebuf<wchar_t, std::char_traits<wchar_t> >::_Endwrite()
 0002:00161284  __ectbl__ std::basic_filebuf<wchar_t, std::char_traits<wchar_t> >::_Endwrite()
 0002:001612A8  __ectbl__ std::basic_streambuf<wchar_t, std::char_traits<wchar_t> >::~basic_streambuf<wchar_t, std::char_traits<wchar_t> >()
 0002:001612B4  @std@%ctype$b%@3
 0002:001612F4  @std@%basic_ios$b19std@%char_traits$b%%@3
 0002:00161304  @std@%basic_streambuf$b19std@%char_traits$b%%@3
 0002:0016134C  @std@%basic_ostream$b19std@%char_traits$b%%@3
 0002:00161368  @std@%basic_istream$b19std@%char_traits$b%%@3
 0002:00161384  @std@%basic_filebuf$b19std@%char_traits$b%%@3
 0002:001613CC  __odtbl__ std::ctype<wchar_t>::~ctype<wchar_t>()
 0002:001613DC  __ectbl__ std::ctype<wchar_t>::~ctype<wchar_t>()
 0002:001613F4  __odtbl__ std::basic_filebuf<wchar_t, std::char_traits<wchar_t> >::overflow(wchar_t)
 0002:00161414  __ectbl__ std::basic_filebuf<wchar_t, std::char_traits<wchar_t> >::overflow(wchar_t)
 0002:00161438  __odtbl__ std::basic_filebuf<wchar_t, std::char_traits<wchar_t> >::uflow()
 0002:00161458  __ectbl__ std::basic_filebuf<wchar_t, std::char_traits<wchar_t> >::uflow()
 0002:0016147C  __odtbl__ const std::codecvt<wchar_t, char, int>& std::use_facet<std::codecvt<wchar_t, char, int> >(const std::locale&)
 0002:001614AC  __ectbl__ const std::codecvt<wchar_t, char, int>& std::use_facet<std::codecvt<wchar_t, char, int> >(const std::locale&)
 0002:001614DC  __odtbl__ std::codecvt<wchar_t, char, int>::_Getcat(const std::locale::facet * *)
 0002:001614EC  __ectbl__ std::codecvt<wchar_t, char, int>::_Getcat(const std::locale::facet * *)
 0002:00161510  __odtbl__ std::codecvt<wchar_t, char, int>::codecvt<wchar_t, char, int>(unsigned int)
 0002:00161530  __ectbl__ std::codecvt<wchar_t, char, int>::codecvt<wchar_t, char, int>(unsigned int)
 0002:00161554  @std@%codecvt$bci%@3
 0002:00161580  std::_Facetptr<std::codecvt<wchar_t, char, int> >::_Psave
 0002:00161584  __odtbl__ std::codecvt<wchar_t, char, int>::~codecvt<wchar_t, char, int>()
 0002:00161594  __ectbl__ std::codecvt<wchar_t, char, int>::~codecvt<wchar_t, char, int>()
 0002:001615AC  __thrwl__ std::codecvt<wchar_t, char, int>::do_always_noconv() const
 0002:001615B0  __ectbl__ std::codecvt<wchar_t, char, int>::do_always_noconv() const
 0002:001615BC  __thrwl__ std::codecvt<wchar_t, char, int>::do_max_length() const
 0002:001615C0  __ectbl__ std::codecvt<wchar_t, char, int>::do_max_length() const
 0002:001615CC  __thrwl__ std::codecvt<wchar_t, char, int>::do_encoding() const
 0002:001615D0  __ectbl__ std::codecvt<wchar_t, char, int>::do_encoding() const
 0002:001615DC  std::ctype<wchar_t>::id
 0002:001615E0  __vdflg__ std::ctype<wchar_t>::id
 0002:001615E4  time_put<wchar_t, std::ostreambuf_iterator<wchar_t, std::char_traits<wchar_t> > >::id
 0002:001615E8  __vdflg__ time_put<wchar_t, std::ostreambuf_iterator<wchar_t, std::char_traits<wchar_t> > >::id
 0002:001615EC  std::num_get<wchar_t, std::istreambuf_iterator<wchar_t, std::char_traits<wchar_t> > >::id
 0002:001615F0  __vdflg__ std::num_get<wchar_t, std::istreambuf_iterator<wchar_t, std::char_traits<wchar_t> > >::id
 0002:001615F4  std::num_put<wchar_t, std::ostreambuf_iterator<wchar_t, std::char_traits<wchar_t> > >::id
 0002:001615F8  __vdflg__ std::num_put<wchar_t, std::ostreambuf_iterator<wchar_t, std::char_traits<wchar_t> > >::id
 0002:001615FC  std::numpunct<wchar_t>::id
 0002:00161600  __vdflg__ std::numpunct<wchar_t>::id
 0002:00161604  std::collate<wchar_t>::id
 0002:00161608  __vdflg__ std::collate<wchar_t>::id
 0002:0016160C  std::messages<wchar_t>::id
 0002:00161610  __vdflg__ std::messages<wchar_t>::id
 0002:00161614  std::money_get<wchar_t, std::istreambuf_iterator<wchar_t, std::char_traits<wchar_t> > >::id
 0002:00161618  __vdflg__ std::money_get<wchar_t, std::istreambuf_iterator<wchar_t, std::char_traits<wchar_t> > >::id
 0002:0016161C  std::money_put<wchar_t, std::ostreambuf_iterator<wchar_t, std::char_traits<wchar_t> > >::id
 0002:00161620  __vdflg__ std::money_put<wchar_t, std::ostreambuf_iterator<wchar_t, std::char_traits<wchar_t> > >::id
 0002:00161624  std::moneypunct<wchar_t, 0>::id
 0002:00161628  __vdflg__ std::moneypunct<wchar_t, 0>::id
 0002:0016162C  std::moneypunct<wchar_t, 1>::id
 0002:00161630  __vdflg__ std::moneypunct<wchar_t, 1>::id
 0002:00161634  std::time_get<wchar_t, std::istreambuf_iterator<wchar_t, std::char_traits<wchar_t> > >::id
 0002:00161638  __vdflg__ std::time_get<wchar_t, std::istreambuf_iterator<wchar_t, std::char_traits<wchar_t> > >::id
 0002:0016163C  d2874_1
 0002:00161840  d2878_1
 0002:001618A4  d3020_1
 0002:001618A8  d3022_1
 0002:001619B8  d3032_1
 0002:001619BC  __heap_redirector
 0002:001619D8  __virt_heap_size
 0002:001619D8  d3036_1
 0002:001619DC  __virt_chunk_size
 0002:001619E0  __virt_chunk_size2
 0002:001619E4  __nv_heap_size
 0002:001619E8  __smalloc_threshold
 0002:001619EC  __virt_chunk_free
 0002:001619F0  __virt_chunk_free2
 0002:001619F4  __firstHeap
 0002:001619F8  __lastHeap
 0002:001619FC  __linktable
 0002:00161A00  __freeStart
 0002:00161A0C  __rover
 0002:00161A14  ___allocated
 0002:00161A18  d3182_1
 0002:00161A2C  d3254_0
 0002:00161A2C  ___xxPersonality
 0002:00161A30  d3256_1
 0002:00161D54  @std@bad_typeid@3
 0002:00161D68  d3258_1
 0002:00161D68  ___terminatePTR
 0002:00161D6C  ___unexpectdPTR
 0002:00161D70  ___CPPexceptionList
 0002:00161D70  d3260_1
 0002:00161D74  ___exceptFlags
 0002:00161D78  ___throwFileName
 0002:00161D7C  ___throwLineNumber
 0002:00161D80  ___throwExceptionName
 0002:00161D84  ___exceptStaticBuffP
 0002:00161D88  ___exceptMemAllocVars
 0002:00161D8C  ___ExceptStaticXbuff
 0002:00161E0C  __ExceptVarsSize
 0002:00161E20  __chtbl__ __call_terminate()
 0002:00161E40  __ectbl__ __call_terminate()
 0002:00161E58  d3266_1
 0002:00161E58  __stkchk
 0002:00161E6C  d3302_1
 0002:00161E6C  __cfinfo_get
 0002:00161E70  d3356_1
 0002:00161E70  __notUmask
 0002:00161E74  __fileinfo
 0002:00161E74  d3382_0
 0002:00161E78  d3452_0
 0002:00161E78  __streams
 0002:00162328  __nfile
 0002:00162328  d3454_0
 0002:0016232C  __openfd
 0002:001623F4  d3464_0
 0002:001623F4  __fmode
 0002:001623F8  d3466_1
 0002:001623F8  __fmodeptr
 0002:001623FC  d3531_1
 0002:001623FC  __dosErrorToSV
 0002:00162528  d3554_1
 0002:00162534  d3562_1
 0002:00162534  __sys_errlist
 0002:001625FC  __sys_nerr
 0002:001629C8  d3656_1
 0002:00162A40  __chartype
 0002:00162A40  d3736_0
 0002:00162C44  d3738_1
 0002:00162C44  __localeconvention
 0002:00162C80  d3740_1
 0002:00162CD0  d3742_0
 0002:00162CD0  __lower
 0002:00162DD0  __upper
 0002:00162DD0  d3746_0
 0002:00162ED0  d3762_1
 0002:00162ED0  ___mb_cur_max
 0002:00162ED4  ___localeLock
 0002:00162FE8  _CMonetary
 0002:00162FE8  d3764_0
 0002:0016301C  _CNumeric
 0002:00163034  _CTimeDate
 0002:001630F8  _CLOCALE
 0002:00163124  ___locale
 0002:00163248  d3766_1
 0002:001632D4  d3892_1
 0002:001632E4  d3898_1
 0002:001633A4  d3935_1
 0002:001633B0  __realcvtptr
 0002:001633B0  d3953_1
 0002:001633B4  __nextrealptr
 0002:001633B8  __scantodptr
 0002:001633BC  __scanrsltptr
 0002:00163418  __realcvtwptr
 0002:00163418  d3955_1
 0002:0016341C  __nextrealwptr
 0002:00163420  __scanwtodptr
 0002:00163424  __scanwrsltptr
 0002:00163480  __default87
 0002:00163480  d3957_0
 0002:00163484  d3963_1
 0002:00163490  d3971_1
 0002:001634A4  d3973_1
 0002:001634BC  d4011_0
 0002:001634BC  __huge_flt
 0002:001634C0  __huge_dble
 0002:001634C8  __huge_ldble
 0002:001634D2  __max_flt
 0002:001634D6  __max_dble
 0002:001634DE  __max_ldble
 0002:001634E8  __indefinite
 0002:001634EC  __tiny_ldble
 0002:001634F8  ___ieee_64_p_inf
 0002:00163500  ___ieee_64_n_inf
 0002:00163508  ___ieee_64_p_nanq
 0002:00163510  ___ieee_64_n_nanq
 0002:00163518  ___ieee_64_p_nans
 0002:00163520  ___ieee_64_n_nans
 0002:00163528  ___ieee_64_p_zero
 0002:00163530  ___ieee_64_n_zero
 0002:00163538  d4021_0
 0002:00163538  __turboFloat
 0002:0016353C  __floatconvert
 0002:00163540  d4034_1
 0002:0016354C  d4036_1
 0002:0016355C  d4058_1
 0002:0016355C  __pmatherr
 0002:00163560  __pmatherrl
 0002:00163564  __mathwhy
 0002:00163564  d4062_0
 0002:001635A8  d4072_1
 0002:001635C4  d4086_1
 0002:001635D8  d4088_1
 0002:00163600  d4095_1
 0002:00163628  d4097_1
 0002:00163650  d4099_1
 0002:0016365C  d4107_1
 0002:0016366C  d4155_1
 0002:0016366C  __kalpha
 0002:0016366E  __kpunct
 0002:001636B4  d4291_1
 0002:001636D8  d4305_1
 0002:001636FC  _errno
 0002:001636FC  d4307_1
 0002:00163700  __messagefunc
 0002:00163700  d4309_1
 0002:00163704  __messagefile
 0002:00163710  d4317_1
 0002:00163738  d4336_1
 0002:00163758  d4338_0
 0002:00163758  ___pCallAtExitProcs
 0002:0016375C  __exitbuf
 0002:0016375C  d4374_1
 0002:00163760  __exitfopen
 0002:00163764  __exitopen
 0002:00163768  d4394_0
 0002:00163768  __setargv_ptr
 0002:0016376C  __exitargv_ptr
 0002:00163770  d4396_0
 0002:00163770  __wsetargv_ptr
 0002:00163774  __wexitargv_ptr
 0002:00163778  __setargv__
 0002:00163778  d4398_1
 0002:001637CC  __cmdline_escapes
 0002:001637CC  d4400_1
 0002:001637F4  d4402_1
 0002:00163818  d4455_0
 0002:00163818  __argv_expand_ptr
 0002:0016381C  __wargv_expand_ptr
 0002:0016381C  d4457_0
 0002:00163820  d4459_1
 0002:00163820  __argv0
 0002:00163840  d4473_1
 0002:00163840  __setenvp__
 0002:00163894  d4477_1
 0002:001638F4  d4495_0
 0002:001638F4  __isWindows
 0002:001638F8  d4496_1
 0002:001638FC  ___debuggerDisableTerminateCallback
 0002:001638FC  d4591_1
 0002:001641E8  _GUID_NULL
 0002:001641E8  d4745_0
 0002:001641F8  _IID_IUnknown
 0002:00164208  _IID_IRichEditOleCallback
 0002:00164218  _IID_IEnumVARIANT
 0002:00164228  _IID_IDispatch
 0002:00164238  _IID_IDataObject
 0002:00164248  _IID_IOleObject
 0003:00000000  _pHTMLHELP
 0003:00000000  b153_2
 0003:00000004  b251_2
 0003:00000004  _fp
 0003:00000008  _nDocLen
 0003:0000000C  b563_2
 0003:0000177C  b565_2
 0003:0000190C  b571_2
 0003:00001A18  b607_2
 0003:00001A74  b613_2
 0003:00001ACC  b711_2
 0003:00001B74  b733_2
 0003:00001B78  b749_2
 0003:00001C18  b785_1
 0003:00001C90  b795_1
 0003:00001CE4  b807_2
 0003:00001E24  b829_2
 0003:00001E2C  b839_2
 0003:00001E70  b861_2
 0003:00001E88  _fnIsWow64Process
 0003:00001E88  b919_2
 0003:00001E8C  b1147_2
 0003:0000218C  b1203_2
 0003:0000228C  b1235_2
 0003:00002294  b1281_2
 0003:00002320  b1668_2
 0003:00002324  b1678_2
 0003:00002324  _hb_stack
 0003:00002610  b1680_2
 0003:00002628  b1682_2
 0003:00002818  b1748_2
 0003:00002A10  b1840_2
 0003:00002BA0  b2214_2
 0003:00002D34  b2216_2
 0003:00002EC4  b2220_2
 0003:00003054  b2517_2
 0003:00003060  std::_Ios_init
 0003:00003060  b2833_2
 0003:00003068  std::_Wios_init
 0003:00003120  std::cin
 0003:00003170  std::cout
 0003:00003210  std::cerr
 0003:00003258  std::clog
 0003:000032A4  std::fpos<int>::_Stz
 0003:000032A8  b2837_2
 0003:000032B0  b2839_2
 0003:000032C0  b2847_2
 0003:000032C4  b2866_2
 0003:000033CC  std::wcin
 0003:0000341C  std::wcout
 0003:00003464  std::wcerr
 0003:000034AC  std::wclog
 0003:000034F8  b2878_2
 0003:00003500  b3022_2
 0003:00003500  __bormm_pfn_FreeMem
 0003:00003504  __bormm_pfn_GetMem
 0003:00003508  __bormm_pfn_ReallocMem
 0003:0000350C  __bormm_pfn_HeapAddRef
 0003:00003510  __bormm_pfn_HeapRelease
 0003:00003518  __borlndmm_GetMem
 0003:0000351C  b3182_2
 0003:000035C0  b3256_2
 0003:000039C8  b3260_2
 0003:000039C8  __DestructorCountPtr
 0003:000039D0  __HandlerPtr
 0003:000039D0  b3266_2
 0003:000039D4  __UserHandlerPtr
 0003:000039D8  b3454_1
 0003:000039D8  __pidtab
 0003:00003AA0  __handles
 0003:00003B68  b3531_2
 0003:00003B68  __doserrno
 0003:00003B6C  b3537_1
 0003:00003B70  b3539_1
 0003:00003B74  __tmpnum
 0003:00003B74  b3554_2
 0003:00003B84  b4155_2
 0003:00003B84  __mbctype
 0003:00003C88  __mbcsCodePage
 0003:00003C8C  b4291_2
 0003:00003D8C  b4305_2
 0003:00003DA8  __ostype
 0003:00003DA8  b4317_2
 0003:00003DAC  b4321_1
 0003:00003DB4  b4398_2
 0003:00003DB4  __argv
 0003:00003DC0  b4400_2
 0003:00003DC4  b4402_2
 0003:00003DC8  b4473_2
 0003:00003DC8  __environ
 0003:00003DD0  __envsize
 0003:00003DD4  __env_lock
 0003:00003DD8  __C0argc
 0003:00003DD8  b4495_1
 0003:00003DDC  __C0argv
 0003:00003DE0  __C0environ
 0003:00003DE4  __oscmd
 0003:00003DE8  __osenv
 0003:00003DEC  __argc
 0003:00003DF0  __dll_table
 0003:00003DF8  __ExcRegPtr
 0003:00003DFC  __wosenv
 0003:00003E00  __woscmd
 0003:00003E04  __wC0argv
 0003:00003E08  __wC0environ
 0003:00003E0C  __exe_table
 0003:00003E14  __stkbase
 0003:00003E18  b4591_2
 0003:00003E1C  ___pCPPdebugHook
 0004:00000000  t3260_3
 0004:00000000  ___xxInfo
