
 Start Length Name Class
 0001:00401000 00015893CH _TEXT                  CODE
 0002:0055A000 0001641E4H _DATA                  DATA
 0003:006BE1E4 000003E28H _BSS                   BSS
 0004:00000000 00000009CH _TLS                   TLS


Detailed map of segments
 0001:000003D8 0000014F C=CODE    S=_TEXT    G=(none)   M=C:\BCC582\LIB\C0W32.OBJ ACBP=A9
 0001:00000528 00000175 C=CODE    S=_TEXT    G=(none)   M=C:\DES\FIVEWIN\DBFQUERY\PRINCIPAL.OBJ ACBP=A9
 0001:000006A0 00001421 C=CODE    S=_TEXT    G=(none)   M=C:\DES\FIVEWIN\DBFQUERY\XBROWSE.OBJ ACBP=A9
 0001:00001AC4 0000036D C=CODE    S=_TEXT    G=(none)   M=C:\FWH1312\LIB\FIVEH.LIB|ADOFUNCS ACBP=A9
 0001:00001E34 0000006A C=CODE    S=_TEXT    G=(none)   M=C:\FWH1312\LIB\FIVEH.LIB|ALERT ACBP=A9
 0001:00001EA0 0000036D C=CODE    S=_TEXT    G=(none)   M=C:\FWH1312\LIB\FIVEH.LIB|BITMAP ACBP=A9
 0001:00002210 000001ED C=CODE    S=_TEXT    G=(none)   M=C:\FWH1312\LIB\FIVEH.LIB|BRUSH ACBP=A9
 0001:00002400 0000015A C=CODE    S=_TEXT    G=(none)   M=C:\FWH1312\LIB\FIVEH.LIB|BUTTON ACBP=A9
 0001:0000255C 000000E2 C=CODE    S=_TEXT    G=(none)   M=C:\FWH1312\LIB\FIVEH.LIB|BUTTONB ACBP=A9
 0001:00002640 000001A2 C=CODE    S=_TEXT    G=(none)   M=C:\FWH1312\LIB\FIVEH.LIB|CHECKBOX ACBP=A9
 0001:000027E4 00000148 C=CODE    S=_TEXT    G=(none)   M=C:\FWH1312\LIB\FIVEH.LIB|CHECKRES ACBP=A9
 0001:0000292C 00000112 C=CODE    S=_TEXT    G=(none)   M=C:\FWH1312\LIB\FIVEH.LIB|CLIPBRD ACBP=A9
 0001:00002A40 000002DD C=CODE    S=_TEXT    G=(none)   M=C:\FWH1312\LIB\FIVEH.LIB|COMBOBOX ACBP=A9
 0001:00002D20 0000045D C=CODE    S=_TEXT    G=(none)   M=C:\FWH1312\LIB\FIVEH.LIB|CONTROL ACBP=A9
 0001:00003180 00000082 C=CODE    S=_TEXT    G=(none)   M=C:\FWH1312\LIB\FIVEH.LIB|CURSOR ACBP=A9
 0001:00003204 0000054D C=CODE    S=_TEXT    G=(none)   M=C:\FWH1312\LIB\FIVEH.LIB|DATABASE ACBP=A9
 0001:00003754 000002DD C=CODE    S=_TEXT    G=(none)   M=C:\FWH1312\LIB\FIVEH.LIB|DATAROW ACBP=A9
 0001:00003A34 00000082 C=CODE    S=_TEXT    G=(none)   M=C:\FWH1312\LIB\FIVEH.LIB|DBTOOLS ACBP=A9
 0001:00003AB8 000000CA C=CODE    S=_TEXT    G=(none)   M=C:\FWH1312\LIB\FIVEH.LIB|DDE ACBP=A9
 0001:00003B84 0000030D C=CODE    S=_TEXT    G=(none)   M=C:\FWH1312\LIB\FIVEH.LIB|DIALOG ACBP=A9
 0001:00003E94 00000082 C=CODE    S=_TEXT    G=(none)   M=C:\FWH1312\LIB\FIVEH.LIB|DLGFIND ACBP=A9
 0001:00003F18 00000082 C=CODE    S=_TEXT    G=(none)   M=C:\FWH1312\LIB\FIVEH.LIB|DLGS32 ACBP=A9
 0001:00003F9C 0000006A C=CODE    S=_TEXT    G=(none)   M=C:\FWH1312\LIB\FIVEH.LIB|DRAWBMP ACBP=A9
 0001:00004008 0000015A C=CODE    S=_TEXT    G=(none)   M=C:\FWH1312\LIB\FIVEH.LIB|ERRSYSW ACBP=A9
 0001:00004164 00000AED C=CODE    S=_TEXT    G=(none)   M=C:\FWH1312\LIB\FIVEH.LIB|FGET ACBP=A9
 0001:00004C54 00000232 C=CODE    S=_TEXT    G=(none)   M=C:\FWH1312\LIB\FIVEH.LIB|FILENAME ACBP=A9
 0001:00004E88 00000082 C=CODE    S=_TEXT    G=(none)   M=C:\FWH1312\LIB\FIVEH.LIB|FLINE ACBP=A9
 0001:00004F0C 0000024A C=CODE    S=_TEXT    G=(none)   M=C:\FWH1312\LIB\FIVEH.LIB|FONT ACBP=A9
 0001:00005158 0000006A C=CODE    S=_TEXT    G=(none)   M=C:\FWH1312\LIB\FIVEH.LIB|FWDECODE ACBP=A9
 0001:000051C4 00000052 C=CODE    S=_TEXT    G=(none)   M=C:\FWH1312\LIB\FIVEH.LIB|FWERROR ACBP=A9
 0001:00005218 000000E2 C=CODE    S=_TEXT    G=(none)   M=C:\FWH1312\LIB\FIVEH.LIB|GETTASKS ACBP=A9
 0001:000052FC 000001A2 C=CODE    S=_TEXT    G=(none)   M=C:\FWH1312\LIB\FIVEH.LIB|GETSYSIN ACBP=A9
 0001:000054A0 000000CA C=CODE    S=_TEXT    G=(none)   M=C:\FWH1312\LIB\FIVEH.LIB|GTF ACBP=A9
 0001:0000556C 00000112 C=CODE    S=_TEXT    G=(none)   M=C:\FWH1312\LIB\FIVEH.LIB|HELP32 ACBP=A9
 0001:00005680 0000035B C=CODE    S=_TEXT    G=(none)   M=C:\FWH1312\LIB\FIVEH.LIB|HELPCHM ACBP=A9
 0001:000059DC 000000FA C=CODE    S=_TEXT    G=(none)   M=C:\FWH1312\LIB\FIVEH.LIB|GROUP ACBP=A9
 0001:00005AD8 00000112 C=CODE    S=_TEXT    G=(none)   M=C:\FWH1312\LIB\FIVEH.LIB|ICON ACBP=A9
 0001:00005BEC 0000036A C=CODE    S=_TEXT    G=(none)   M=C:\FWH1312\LIB\FIVEH.LIB|IMAGE ACBP=A9
 0001:00005F58 000000CA C=CODE    S=_TEXT    G=(none)   M=C:\FWH1312\LIB\FIVEH.LIB|INI ACBP=A9
 0001:00006024 00000265 C=CODE    S=_TEXT    G=(none)   M=C:\FWH1312\LIB\FIVEH.LIB|LISTBOX ACBP=A9
 0001:0000628C 0000018A C=CODE    S=_TEXT    G=(none)   M=C:\FWH1312\LIB\FIVEH.LIB|LINKLIST ACBP=A9
 0001:00006418 00000115 C=CODE    S=_TEXT    G=(none)   M=C:\FWH1312\LIB\FIVEH.LIB|MDICHILD ACBP=A9
 0001:00006530 00000112 C=CODE    S=_TEXT    G=(none)   M=C:\FWH1312\LIB\FIVEH.LIB|MDICLIEN ACBP=A9
 0001:00006644 000000FA C=CODE    S=_TEXT    G=(none)   M=C:\FWH1312\LIB\FIVEH.LIB|MDIFRAME ACBP=A9
 0001:00006740 000000CA C=CODE    S=_TEXT    G=(none)   M=C:\FWH1312\LIB\FIVEH.LIB|MEMOEDIT ACBP=A9
 0001:0000680C 00000325 C=CODE    S=_TEXT    G=(none)   M=C:\FWH1312\LIB\FIVEH.LIB|MENU ACBP=A9
 0001:00006B34 0000015A C=CODE    S=_TEXT    G=(none)   M=C:\FWH1312\LIB\FIVEH.LIB|MENUITEM ACBP=A9
 0001:00006C90 000000E2 C=CODE    S=_TEXT    G=(none)   M=C:\FWH1312\LIB\FIVEH.LIB|METER ACBP=A9
 0001:00006D74 0000030D C=CODE    S=_TEXT    G=(none)   M=C:\FWH1312\LIB\FIVEH.LIB|MGET ACBP=A9
 0001:00007084 000002C5 C=CODE    S=_TEXT    G=(none)   M=C:\FWH1312\LIB\FIVEH.LIB|MSGBAR ACBP=A9
 0001:0000734C 000000B2 C=CODE    S=_TEXT    G=(none)   M=C:\FWH1312\LIB\FIVEH.LIB|MSGMETER ACBP=A9
 0001:00007400 00000082 C=CODE    S=_TEXT    G=(none)   M=C:\FWH1312\LIB\FIVEH.LIB|MSGRUN ACBP=A9
 0001:00007484 0000003A C=CODE    S=_TEXT    G=(none)   M=C:\FWH1312\LIB\FIVEH.LIB|ODATA ACBP=A9
 0001:000074C0 0000015A C=CODE    S=_TEXT    G=(none)   M=C:\FWH1312\LIB\FIVEH.LIB|OLEFUNCS ACBP=A9
 0001:0000761C 000000B2 C=CODE    S=_TEXT    G=(none)   M=C:\FWH1312\LIB\FIVEH.LIB|PDMENU ACBP=A9
 0001:000076D0 0000009A C=CODE    S=_TEXT    G=(none)   M=C:\FWH1312\LIB\FIVEH.LIB|PDREPORT ACBP=A9
 0001:0000776C 0000006A C=CODE    S=_TEXT    G=(none)   M=C:\FWH1312\LIB\FIVEH.LIB|PEN ACBP=A9
 0001:000077D8 0000033D C=CODE    S=_TEXT    G=(none)   M=C:\FWH1312\LIB\FIVEH.LIB|PRINTER ACBP=A9
 0001:00007B18 00000542 C=CODE    S=_TEXT    G=(none)   M=C:\FWH1312\LIB\FIVEH.LIB|PRV2PDF ACBP=A9
 0001:0000805C 00000172 C=CODE    S=_TEXT    G=(none)   M=C:\FWH1312\LIB\FIVEH.LIB|RADIO ACBP=A9
 0001:000081D0 00000142 C=CODE    S=_TEXT    G=(none)   M=C:\FWH1312\LIB\FIVEH.LIB|RADMENU ACBP=A9
 0001:00008314 00000112 C=CODE    S=_TEXT    G=(none)   M=C:\FWH1312\LIB\FIVEH.LIB|RCOLUMN ACBP=A9
 0001:00008428 00000082 C=CODE    S=_TEXT    G=(none)   M=C:\FWH1312\LIB\FIVEH.LIB|REBAR ACBP=A9
 0001:000084AC 0000009A C=CODE    S=_TEXT    G=(none)   M=C:\FWH1312\LIB\FIVEH.LIB|RFILE ACBP=A9
 0001:00008548 000000E2 C=CODE    S=_TEXT    G=(none)   M=C:\FWH1312\LIB\FIVEH.LIB|RGROUP ACBP=A9
 0001:0000862C 000000E2 C=CODE    S=_TEXT    G=(none)   M=C:\FWH1312\LIB\FIVEH.LIB|RLINE ACBP=A9
 0001:00008710 000000B2 C=CODE    S=_TEXT    G=(none)   M=C:\FWH1312\LIB\FIVEH.LIB|RECT ACBP=A9
 0001:000087C4 000000CA C=CODE    S=_TEXT    G=(none)   M=C:\FWH1312\LIB\FIVEH.LIB|REG32 ACBP=A9
 0001:00008890 00000325 C=CODE    S=_TEXT    G=(none)   M=C:\FWH1312\LIB\FIVEH.LIB|REPORT ACBP=A9
 0001:00008BB8 000003E5 C=CODE    S=_TEXT    G=(none)   M=C:\FWH1312\LIB\FIVEH.LIB|RPREVIEW ACBP=A9
 0001:00008FA0 00000142 C=CODE    S=_TEXT    G=(none)   M=C:\FWH1312\LIB\FIVEH.LIB|SAY ACBP=A9
 0001:000090E4 000007D6 C=CODE    S=_TEXT    G=(none)   M=C:\FWH1312\LIB\FIVEH.LIB|SCINTILA ACBP=A9
 0001:000098BC 000000FA C=CODE    S=_TEXT    G=(none)   M=C:\FWH1312\LIB\FIVEH.LIB|SCRLLBAR ACBP=A9
 0001:000099B8 0000015A C=CODE    S=_TEXT    G=(none)   M=C:\FWH1312\LIB\FIVEH.LIB|STATUSBA ACBP=A9
 0001:00009B14 0000012A C=CODE    S=_TEXT    G=(none)   M=C:\FWH1312\LIB\FIVEH.LIB|STRINGS ACBP=A9
 0001:00009C40 000000CA C=CODE    S=_TEXT    G=(none)   M=C:\FWH1312\LIB\FIVEH.LIB|TACCTBL ACBP=A9
 0001:00009D0C 0000006A C=CODE    S=_TEXT    G=(none)   M=C:\FWH1312\LIB\FIVEH.LIB|TCLIPGET ACBP=A9
 0001:00009D78 0000012A C=CODE    S=_TEXT    G=(none)   M=C:\FWH1312\LIB\FIVEH.LIB|TDTPICKE ACBP=A9
 0001:00009EA4 0000048D C=CODE    S=_TEXT    G=(none)   M=C:\FWH1312\LIB\FIVEH.LIB|TGET ACBP=A9
 0001:0000A334 0000012A C=CODE    S=_TEXT    G=(none)   M=C:\FWH1312\LIB\FIVEH.LIB|TOOLBAR ACBP=A9
 0001:0000A460 000000B2 C=CODE    S=_TEXT    G=(none)   M=C:\FWH1312\LIB\FIVEH.LIB|TIMAGLST ACBP=A9
 0001:0000A514 000000B2 C=CODE    S=_TEXT    G=(none)   M=C:\FWH1312\LIB\FIVEH.LIB|TIMER ACBP=A9
 0001:0000A5C8 00000202 C=CODE    S=_TEXT    G=(none)   M=C:\FWH1312\LIB\FIVEH.LIB|TLISTVIE ACBP=A9
 0001:0000A7CC 00000082 C=CODE    S=_TEXT    G=(none)   M=C:\FWH1312\LIB\FIVEH.LIB|TMAIL ACBP=A9
 0001:0000A850 000001BA C=CODE    S=_TEXT    G=(none)   M=C:\FWH1312\LIB\FIVEH.LIB|TMETAFIL ACBP=A9
 0001:0000AA0C 00000142 C=CODE    S=_TEXT    G=(none)   M=C:\FWH1312\LIB\FIVEH.LIB|TMSGITEM ACBP=A9
 0001:0000AB50 0000021A C=CODE    S=_TEXT    G=(none)   M=C:\FWH1312\LIB\FIVEH.LIB|TREEITEM ACBP=A9
 0001:0000AD6C 000000B2 C=CODE    S=_TEXT    G=(none)   M=C:\FWH1312\LIB\FIVEH.LIB|TREES ACBP=A9
 0001:0000AE20 0000057D C=CODE    S=_TEXT    G=(none)   M=C:\FWH1312\LIB\FIVEH.LIB|TRICHEDI ACBP=A9
 0001:0000B3A0 000000E2 C=CODE    S=_TEXT    G=(none)   M=C:\FWH1312\LIB\FIVEH.LIB|TSTRUCT ACBP=A9
 0001:0000B484 0000012A C=CODE    S=_TEXT    G=(none)   M=C:\FWH1312\LIB\FIVEH.LIB|TTMPICKE ACBP=A9
 0001:0000B5B0 000000FA C=CODE    S=_TEXT    G=(none)   M=C:\FWH1312\LIB\FIVEH.LIB|VALBLANK ACBP=A9
 0001:0000B6AC 0000021C C=CODE    S=_TEXT    G=(none)   M=C:\FWH1312\LIB\FIVEH.LIB|VALTOSTR ACBP=A9
 0001:0000B8C8 00000AD5 C=CODE    S=_TEXT    G=(none)   M=C:\FWH1312\LIB\FIVEH.LIB|WINDOW ACBP=A9
 0001:0000C3A0 0000003A C=CODE    S=_TEXT    G=(none)   M=C:\FWH1312\LIB\FIVEH.LIB|WQOUT ACBP=A9
 0001:0000C3DC 00000085 C=CODE    S=_TEXT    G=(none)   M=C:\FWH1312\LIB\FIVEH.LIB|XBROWSER ACBP=A9
 0001:0000C464 00000082 C=CODE    S=_TEXT    G=(none)   M=C:\FWH1312\LIB\FIVEH.LIB|XPAD ACBP=A9
 0001:0000C4E8 0000024D C=CODE    S=_TEXT    G=(none)   M=C:\FWH1312\LIB\FIVEH.LIB|BAR ACBP=A9
 0001:0000C738 000002C5 C=CODE    S=_TEXT    G=(none)   M=C:\FWH1312\LIB\FIVEH.LIB|BTNBMP ACBP=A9
 0001:0000CA00 00000421 C=CODE    S=_TEXT    G=(none)   M=C:\FWH1312\LIB\FIVEH.LIB|HARBOUR ACBP=A9
 0001:0000CE24 0000007D C=CODE    S=_TEXT    G=(none)   M=C:\FWH1312\LIB\FIVEHC.LIB|__WNDPRO ACBP=A9
 0001:0000CEA4 00000157 C=CODE    S=_TEXT    G=(none)   M=C:\FWH1312\LIB\FIVEHC.LIB|BMPREAD ACBP=A9
 0001:0000CFFC 0000018F C=CODE    S=_TEXT    G=(none)   M=C:\FWH1312\LIB\FIVEHC.LIB|FFDLGPRC ACBP=A9
 0001:0000D18C 0000010C C=CODE    S=_TEXT    G=(none)   M=C:\FWH1312\LIB\FIVEHC.LIB|FFWNDRUN ACBP=A9
 0001:0000D298 000001D1 C=CODE    S=_TEXT    G=(none)   M=C:\FWH1312\LIB\FIVEHC.LIB|HARBOURC ACBP=A9
 0001:0000D46C 000000D3 C=CODE    S=_TEXT    G=(none)   M=C:\FWH1312\LIB\FIVEHC.LIB|REBARS ACBP=A9
 0001:0000D540 0000014D C=CODE    S=_TEXT    G=(none)   M=C:\FWH1312\LIB\FIVEHC.LIB|SYSREFRE ACBP=A9
 0001:0000D690 000003B6 C=CODE    S=_TEXT    G=(none)   M=C:\FWH1312\LIB\FIVEHC.LIB|TOOLBARS ACBP=A9
 0001:0000DA48 0000012C C=CODE    S=_TEXT    G=(none)   M=C:\FWH1312\LIB\FIVEHC.LIB|TOOLTIP ACBP=A9
 0001:0000DB74 0000020C C=CODE    S=_TEXT    G=(none)   M=C:\FWH1312\LIB\FIVEHC.LIB|WNDRUN ACBP=A9
 0001:0000DD80 000005BA C=CODE    S=_TEXT    G=(none)   M=C:\FWH1312\LIB\FIVEHC.LIB|DLGBOX ACBP=A9
 0001:0000E33C 0000005D C=CODE    S=_TEXT    G=(none)   M=C:\FWH1312\LIB\FIVEHC.LIB|XPROC ACBP=A9
 0001:0000E39C 00002BBB C=CODE    S=_TEXT    G=(none)   M=C:\FWH1312\LIB\FIVEHC.LIB|CTLHDLEH ACBP=A9
 0001:00010F58 000000D7 C=CODE    S=_TEXT    G=(none)   M=C:\FWH1312\LIB\FIVEHC.LIB|AAT ACBP=A9
 0001:00011030 000001B4 C=CODE    S=_TEXT    G=(none)   M=C:\FWH1312\LIB\FIVEHC.LIB|ACCELERA ACBP=A9
 0001:000111E4 000000F4 C=CODE    S=_TEXT    G=(none)   M=C:\FWH1312\LIB\FIVEHC.LIB|ANSIUP ACBP=A9
 0001:000112D8 00000071 C=CODE    S=_TEXT    G=(none)   M=C:\FWH1312\LIB\FIVEHC.LIB|ATOM ACBP=A9
 0001:0001134C 00000391 C=CODE    S=_TEXT    G=(none)   M=C:\FWH1312\LIB\FIVEHC.LIB|BARTOOLS ACBP=A9
 0001:000116E0 00000413 C=CODE    S=_TEXT    G=(none)   M=C:\FWH1312\LIB\FIVEHC.LIB|BITMAPS ACBP=A9
 0001:00011AF4 00000E5C C=CODE    S=_TEXT    G=(none)   M=C:\FWH1312\LIB\FIVEHC.LIB|BMPDRAW ACBP=A9
 0001:00012950 0000012F C=CODE    S=_TEXT    G=(none)   M=C:\FWH1312\LIB\FIVEHC.LIB|BMPS ACBP=A9
 0001:00012A80 0000237B C=CODE    S=_TEXT    G=(none)   M=C:\FWH1312\LIB\FIVEHC.LIB|BRUSHES ACBP=A9
 0001:00014DFC 00000567 C=CODE    S=_TEXT    G=(none)   M=C:\FWH1312\LIB\FIVEHC.LIB|CALLDLL ACBP=A9
 0001:00015364 000001CB C=CODE    S=_TEXT    G=(none)   M=C:\FWH1312\LIB\FIVEHC.LIB|CALDLL32 ACBP=A9
 0001:00015530 000000B3 C=CODE    S=_TEXT    G=(none)   M=C:\FWH1312\LIB\FIVEHC.LIB|CARET ACBP=A9
 0001:000155E4 00000068 C=CODE    S=_TEXT    G=(none)   M=C:\FWH1312\LIB\FIVEHC.LIB|CHANGEPR ACBP=A9
 0001:0001564C 000001CC C=CODE    S=_TEXT    G=(none)   M=C:\FWH1312\LIB\FIVEHC.LIB|CLPBRD ACBP=A9
 0001:00015818 0000012E C=CODE    S=_TEXT    G=(none)   M=C:\FWH1312\LIB\FIVEHC.LIB|CLRCHOOS ACBP=A9
 0001:00015948 00000104 C=CODE    S=_TEXT    G=(none)   M=C:\FWH1312\LIB\FIVEHC.LIB|CLT2SCR ACBP=A9
 0001:00015A4C 00000298 C=CODE    S=_TEXT    G=(none)   M=C:\FWH1312\LIB\FIVEHC.LIB|CODEGTF ACBP=A9
 0001:00015CE4 000000F7 C=CODE    S=_TEXT    G=(none)   M=C:\FWH1312\LIB\FIVEHC.LIB|COLOR ACBP=A9
 0001:00015DDC 0000036F C=CODE    S=_TEXT    G=(none)   M=C:\FWH1312\LIB\FIVEHC.LIB|COLORTON ACBP=A9
 0001:0001614C 0000002C C=CODE    S=_TEXT    G=(none)   M=C:\FWH1312\LIB\FIVEHC.LIB|CREATEPA ACBP=A9
 0001:00016178 0000002C C=CODE    S=_TEXT    G=(none)   M=C:\FWH1312\LIB\FIVEHC.LIB|CREATEPE ACBP=A9
 0001:000161A4 00000061 C=CODE    S=_TEXT    G=(none)   M=C:\FWH1312\LIB\FIVEHC.LIB|CREATESO ACBP=A9
 0001:00016208 000000BF C=CODE    S=_TEXT    G=(none)   M=C:\FWH1312\LIB\FIVEHC.LIB|CREATWND ACBP=A9
 0001:000162C8 000002FE C=CODE    S=_TEXT    G=(none)   M=C:\FWH1312\LIB\FIVEHC.LIB|CTL3D ACBP=A9
 0001:000165C8 00000729 C=CODE    S=_TEXT    G=(none)   M=C:\FWH1312\LIB\FIVEHC.LIB|CTRLDRAW ACBP=A9
 0001:00016CF4 000001E0 C=CODE    S=_TEXT    G=(none)   M=C:\FWH1312\LIB\FIVEHC.LIB|CTRL2CHR ACBP=A9
 0001:00016ED4 00000ACC C=CODE    S=_TEXT    G=(none)   M=C:\FWH1312\LIB\FIVEHC.LIB|CURSORS ACBP=A9
 0001:000179A0 00000113 C=CODE    S=_TEXT    G=(none)   M=C:\FWH1312\LIB\FIVEHC.LIB|DATEPICK ACBP=A9
 0001:00017AB4 0000072E C=CODE    S=_TEXT    G=(none)   M=C:\FWH1312\LIB\FIVEHC.LIB|DC ACBP=A9
 0001:000181E4 0000007A C=CODE    S=_TEXT    G=(none)   M=C:\FWH1312\LIB\FIVEHC.LIB|DDEXC ACBP=A9
 0001:00018260 00000070 C=CODE    S=_TEXT    G=(none)   M=C:\FWH1312\LIB\FIVEHC.LIB|DELOBJEC ACBP=A9
 0001:000182D0 00000219 C=CODE    S=_TEXT    G=(none)   M=C:\FWH1312\LIB\FIVEHC.LIB|DEVICE ACBP=A9
 0001:000184EC 00000044 C=CODE    S=_TEXT    G=(none)   M=C:\FWH1312\LIB\FIVEHC.LIB|DESKTOP ACBP=A9
 0001:00018530 00000558 C=CODE    S=_TEXT    G=(none)   M=C:\FWH1312\LIB\FIVEHC.LIB|DIB ACBP=A9
 0001:00018A88 000003A1 C=CODE    S=_TEXT    G=(none)   M=C:\FWH1312\LIB\FIVEHC.LIB|DIBBMP ACBP=A9
 0001:00018E2C 000001DE C=CODE    S=_TEXT    G=(none)   M=C:\FWH1312\LIB\FIVEHC.LIB|DLG2CHR ACBP=A9
 0001:0001900C 000001CD C=CODE    S=_TEXT    G=(none)   M=C:\FWH1312\LIB\FIVEHC.LIB|DLOGBOX ACBP=A9
 0001:000191DC 00000034 C=CODE    S=_TEXT    G=(none)   M=C:\FWH1312\LIB\FIVEHC.LIB|DLL ACBP=A9
 0001:00019210 000002B5 C=CODE    S=_TEXT    G=(none)   M=C:\FWH1312\LIB\FIVEHC.LIB|DOTS ACBP=A9
 0001:000194C8 00000661 C=CODE    S=_TEXT    G=(none)   M=C:\FWH1312\LIB\FIVEHC.LIB|DRAWING ACBP=A9
 0001:00019B2C 00000103 C=CODE    S=_TEXT    G=(none)   M=C:\FWH1312\LIB\FIVEHC.LIB|DRAWITEM ACBP=A9
 0001:00019C30 000002FF C=CODE    S=_TEXT    G=(none)   M=C:\FWH1312\LIB\FIVEHC.LIB|DRIVES ACBP=A9
 0001:00019F30 000000D0 C=CODE    S=_TEXT    G=(none)   M=C:\FWH1312\LIB\FIVEHC.LIB|DROPFILE ACBP=A9
 0001:0001A000 00000244 C=CODE    S=_TEXT    G=(none)   M=C:\FWH1312\LIB\FIVEHC.LIB|FGETCLIP ACBP=A9
 0001:0001A244 00001398 C=CODE    S=_TEXT    G=(none)   M=C:\FWH1312\LIB\FIVEHC.LIB|FGETLINE ACBP=A9
 0001:0001B5DC 000000A9 C=CODE    S=_TEXT    G=(none)   M=C:\FWH1312\LIB\FIVEHC.LIB|FINDTEXT ACBP=A9
 0001:0001B688 000007BB C=CODE    S=_TEXT    G=(none)   M=C:\FWH1312\LIB\FIVEHC.LIB|FONTS ACBP=A9
 0001:0001BE44 000002D1 C=CODE    S=_TEXT    G=(none)   M=C:\FWH1312\LIB\FIVEHC.LIB|FTEXT ACBP=A9
 0001:0001C118 00000552 C=CODE    S=_TEXT    G=(none)   M=C:\FWH1312\LIB\FIVEHC.LIB|FWARRAY ACBP=A9
 0001:0001C66C 00001354 C=CODE    S=_TEXT    G=(none)   M=C:\FWH1312\LIB\FIVEHC.LIB|FWBMP ACBP=A9
 0001:0001D9C0 0000051B C=CODE    S=_TEXT    G=(none)   M=C:\FWH1312\LIB\FIVEHC.LIB|FWPALCTL ACBP=A9
 0001:0001DEDC 00000B52 C=CODE    S=_TEXT    G=(none)   M=C:\FWH1312\LIB\FIVEHC.LIB|FWPNG ACBP=A9
 0001:0001EA30 0000011A C=CODE    S=_TEXT    G=(none)   M=C:\FWH1312\LIB\FIVEHC.LIB|GETDIR ACBP=A9
 0001:0001EB4C 0000006C C=CODE    S=_TEXT    G=(none)   M=C:\FWH1312\LIB\FIVEHC.LIB|GETDLGIT ACBP=A9
 0001:0001EBB8 000004CE C=CODE    S=_TEXT    G=(none)   M=C:\FWH1312\LIB\FIVEHC.LIB|GETFILE ACBP=A9
 0001:0001F088 000000DE C=CODE    S=_TEXT    G=(none)   M=C:\FWH1312\LIB\FIVEHC.LIB|GETPROCA ACBP=A9
 0001:0001F168 0000005E C=CODE    S=_TEXT    G=(none)   M=C:\FWH1312\LIB\FIVEHC.LIB|GETSTKOB ACBP=A9
 0001:0001F1C8 000000F4 C=CODE    S=_TEXT    G=(none)   M=C:\FWH1312\LIB\FIVEHC.LIB|GETTEXT ACBP=A9
 0001:0001F2BC 00000100 C=CODE    S=_TEXT    G=(none)   M=C:\FWH1312\LIB\FIVEHC.LIB|GETTEXTW ACBP=A9
 0001:0001F3BC 000000C4 C=CODE    S=_TEXT    G=(none)   M=C:\FWH1312\LIB\FIVEHC.LIB|GETWND ACBP=A9
 0001:0001F480 000004AA C=CODE    S=_TEXT    G=(none)   M=C:\FWH1312\LIB\FIVEHC.LIB|HANDLIST ACBP=A9
 0001:0001F92C 00000270 C=CODE    S=_TEXT    G=(none)   M=C:\FWH1312\LIB\FIVEHC.LIB|HELP ACBP=A9
 0001:0001FB9C 000000B8 C=CODE    S=_TEXT    G=(none)   M=C:\FWH1312\LIB\FIVEHC.LIB|HILOWORD ACBP=A9
 0001:0001FC54 00000619 C=CODE    S=_TEXT    G=(none)   M=C:\FWH1312\LIB\FIVEHC.LIB|ICONS ACBP=A9
 0001:00020270 000001FF C=CODE    S=_TEXT    G=(none)   M=C:\FWH1312\LIB\FIVEHC.LIB|IMAGELIS ACBP=A9
 0001:00020470 00000119 C=CODE    S=_TEXT    G=(none)   M=C:\FWH1312\LIB\FIVEHC.LIB|INSTANCE ACBP=A9
 0001:0002058C 000001B0 C=CODE    S=_TEXT    G=(none)   M=C:\FWH1312\LIB\FIVEHC.LIB|KEYBRD ACBP=A9
 0001:0002073C 0000011F C=CODE    S=_TEXT    G=(none)   M=C:\FWH1312\LIB\FIVEHC.LIB|LBX ACBP=A9
 0001:0002085C 000004B4 C=CODE    S=_TEXT    G=(none)   M=C:\FWH1312\LIB\FIVEHC.LIB|LISTVIEW ACBP=A9
 0001:00020D10 0000008D C=CODE    S=_TEXT    G=(none)   M=C:\FWH1312\LIB\FIVEHC.LIB|LOADBMP ACBP=A9
 0001:00020DA0 00000034 C=CODE    S=_TEXT    G=(none)   M=C:\FWH1312\LIB\FIVEHC.LIB|MAKELONG ACBP=A9
 0001:00020DD4 00000F15 C=CODE    S=_TEXT    G=(none)   M=C:\FWH1312\LIB\FIVEHC.LIB|MAPI ACBP=A9
 0001:00021CEC 00000245 C=CODE    S=_TEXT    G=(none)   M=C:\FWH1312\LIB\FIVEHC.LIB|MDI ACBP=A9
 0001:00021F34 000001E8 C=CODE    S=_TEXT    G=(none)   M=C:\FWH1312\LIB\FIVEHC.LIB|MEM ACBP=A9
 0001:0002211C 00000730 C=CODE    S=_TEXT    G=(none)   M=C:\FWH1312\LIB\FIVEHC.LIB|MENUS ACBP=A9
 0001:0002284C 0000032C C=CODE    S=_TEXT    G=(none)   M=C:\FWH1312\LIB\FIVEHC.LIB|METAFILE ACBP=A9
 0001:00022B78 000002B8 C=CODE    S=_TEXT    G=(none)   M=C:\FWH1312\LIB\FIVEHC.LIB|METAFI32 ACBP=A9
 0001:00022E30 00000253 C=CODE    S=_TEXT    G=(none)   M=C:\FWH1312\LIB\FIVEHC.LIB|METPAINT ACBP=A9
 0001:00023084 000000A1 C=CODE    S=_TEXT    G=(none)   M=C:\FWH1312\LIB\FIVEHC.LIB|MGETCREA ACBP=A9
 0001:00023128 000000A3 C=CODE    S=_TEXT    G=(none)   M=C:\FWH1312\LIB\FIVEHC.LIB|MKDIR ACBP=A9
 0001:000231CC 0000006A C=CODE    S=_TEXT    G=(none)   M=C:\FWH1312\LIB\FIVEHC.LIB|MOVETO ACBP=A9
 0001:00023238 0000001F C=CODE    S=_TEXT    G=(none)   M=C:\FWH1312\LIB\FIVEHC.LIB|MSGBEEP ACBP=A9
 0001:00023258 000008EA C=CODE    S=_TEXT    G=(none)   M=C:\FWH1312\LIB\FIVEHC.LIB|MSGS ACBP=A9
 0001:00023B44 00000159 C=CODE    S=_TEXT    G=(none)   M=C:\FWH1312\LIB\FIVEHC.LIB|MSGSAPI ACBP=A9
 0001:00023CA0 00000406 C=CODE    S=_TEXT    G=(none)   M=C:\FWH1312\LIB\FIVEHC.LIB|MSGTOOLS ACBP=A9
 0001:000240A8 0000006D C=CODE    S=_TEXT    G=(none)   M=C:\FWH1312\LIB\FIVEHC.LIB|NOTIFY ACBP=A9
 0001:00024118 000001BD C=CODE    S=_TEXT    G=(none)   M=C:\FWH1312\LIB\FIVEHC.LIB|OEMANSI ACBP=A9
 0001:000242D8 00000079 C=CODE    S=_TEXT    G=(none)   M=C:\FWH1312\LIB\FIVEHC.LIB|ONOFFBMP ACBP=A9
 0001:00024354 000001E9 C=CODE    S=_TEXT    G=(none)   M=C:\FWH1312\LIB\FIVEHC.LIB|OR ACBP=A9
 0001:00024540 00000058 C=CODE    S=_TEXT    G=(none)   M=C:\FWH1312\LIB\FIVEHC.LIB|PAINT ACBP=A9
 0001:00024598 0000005C C=CODE    S=_TEXT    G=(none)   M=C:\FWH1312\LIB\FIVEHC.LIB|PEEKMSG ACBP=A9
 0001:000245F4 00000C54 C=CODE    S=_TEXT    G=(none)   M=C:\FWH1312\LIB\FIVEHC.LIB|PRINTDC ACBP=A9
 0001:00025248 0000020F C=CODE    S=_TEXT    G=(none)   M=C:\FWH1312\LIB\FIVEHC.LIB|PROFILE ACBP=A9
 0001:00025458 0000074F C=CODE    S=_TEXT    G=(none)   M=C:\FWH1312\LIB\FIVEHC.LIB|RECTS ACBP=A9
 0001:00025BA8 0000010D C=CODE    S=_TEXT    G=(none)   M=C:\FWH1312\LIB\FIVEHC.LIB|REGCLASS ACBP=A9
 0001:00025CB8 00000391 C=CODE    S=_TEXT    G=(none)   M=C:\FWH1312\LIB\FIVEHC.LIB|REGEDIT ACBP=A9
 0001:0002604C 0000039C C=CODE    S=_TEXT    G=(none)   M=C:\FWH1312\LIB\FIVEHC.LIB|REGIONS ACBP=A9
 0001:000263E8 000002AD C=CODE    S=_TEXT    G=(none)   M=C:\FWH1312\LIB\FIVEHC.LIB|RESOURCE ACBP=A9
 0001:00026698 000019FD C=CODE    S=_TEXT    G=(none)   M=C:\FWH1312\LIB\FIVEHC.LIB|RIBBON ACBP=A9
 0001:00028098 00002128 C=CODE    S=_TEXT    G=(none)   M=C:\FWH1312\LIB\FIVEHC.LIB|RICHEDIT ACBP=A9
 0001:0002A1C0 000001BA C=CODE    S=_TEXT    G=(none)   M=C:\FWH1312\LIB\FIVEHC.LIB|SCROLL ACBP=A9
 0001:0002A37C 00000023 C=CODE    S=_TEXT    G=(none)   M=C:\FWH1312\LIB\FIVEHC.LIB|SELOBJEC ACBP=A9
 0001:0002A3A0 00000057 C=CODE    S=_TEXT    G=(none)   M=C:\FWH1312\LIB\FIVEHC.LIB|SETMAPMO ACBP=A9
 0001:0002A3F8 00000048 C=CODE    S=_TEXT    G=(none)   M=C:\FWH1312\LIB\FIVEHC.LIB|SETTEXT ACBP=A9
 0001:0002A440 000002BE C=CODE    S=_TEXT    G=(none)   M=C:\FWH1312\LIB\FIVEHC.LIB|STRTOKEN ACBP=A9
 0001:0002A700 00000303 C=CODE    S=_TEXT    G=(none)   M=C:\FWH1312\LIB\FIVEHC.LIB|TEXT ACBP=A9
 0001:0002AA04 00000FF1 C=CODE    S=_TEXT    G=(none)   M=C:\FWH1312\LIB\FIVEHC.LIB|THEMES ACBP=A9
 0001:0002B9F8 000000CB C=CODE    S=_TEXT    G=(none)   M=C:\FWH1312\LIB\FIVEHC.LIB|TIMEPICK ACBP=A9
 0001:0002BAC4 00000069 C=CODE    S=_TEXT    G=(none)   M=C:\FWH1312\LIB\FIVEHC.LIB|TIMERS ACBP=A9
 0001:0002BB30 00000178 C=CODE    S=_TEXT    G=(none)   M=C:\FWH1312\LIB\FIVEHC.LIB|WINDOWS ACBP=A9
 0001:0002BCA8 0000021C C=CODE    S=_TEXT    G=(none)   M=C:\FWH1312\LIB\FIVEHC.LIB|WINEXEC ACBP=A9
 0001:0002BEC4 00000035 C=CODE    S=_TEXT    G=(none)   M=C:\FWH1312\LIB\FIVEHC.LIB|WIN2000 ACBP=A9
 0001:0002BEFC 000000A9 C=CODE    S=_TEXT    G=(none)   M=C:\FWH1312\LIB\FIVEHC.LIB|WMOUSE ACBP=A9
 0001:0002BFA8 00000731 C=CODE    S=_TEXT    G=(none)   M=C:\FWH1312\LIB\FIVEHC.LIB|WNDBOXES ACBP=A9
 0001:0002C6DC 000001AB C=CODE    S=_TEXT    G=(none)   M=C:\FWH1312\LIB\FIVEHC.LIB|WNDCENTE ACBP=A9
 0001:0002C888 00000033 C=CODE    S=_TEXT    G=(none)   M=C:\FWH1312\LIB\FIVEHC.LIB|WNDDESTR ACBP=A9
 0001:0002C8BC 000004F6 C=CODE    S=_TEXT    G=(none)   M=C:\FWH1312\LIB\FIVEHC.LIB|WNDIS ACBP=A9
 0001:0002CDB4 0000007B C=CODE    S=_TEXT    G=(none)   M=C:\FWH1312\LIB\FIVEHC.LIB|WNDISOVE ACBP=A9
 0001:0002CE30 00000B7F C=CODE    S=_TEXT    G=(none)   M=C:\FWH1312\LIB\FIVEHC.LIB|WNDMOVE ACBP=A9
 0001:0002D9B0 00000050 C=CODE    S=_TEXT    G=(none)   M=C:\FWH1312\LIB\FIVEHC.LIB|WNDPOS ACBP=A9
 0001:0002DA00 000001F7 C=CODE    S=_TEXT    G=(none)   M=C:\FWH1312\LIB\FIVEHC.LIB|WNDPRINT ACBP=A9
 0001:0002DBF8 000002F8 C=CODE    S=_TEXT    G=(none)   M=C:\FWH1312\LIB\FIVEHC.LIB|WNDSAY ACBP=A9
 0001:0002DEF0 00000240 C=CODE    S=_TEXT    G=(none)   M=C:\FWH1312\LIB\FIVEHC.LIB|WNDSCROL ACBP=A9
 0001:0002E130 0000003B C=CODE    S=_TEXT    G=(none)   M=C:\FWH1312\LIB\FIVEHC.LIB|WNDUPDAT ACBP=A9
 0001:0002E16C 0000029A C=CODE    S=_TEXT    G=(none)   M=C:\FWH1312\LIB\FIVEHC.LIB|XBROWSEC ACBP=A9
 0001:0002E408 0000005C C=CODE    S=_TEXT    G=(none)   M=C:\HBFW\LIB\XHB.LIB|decode ACBP=A9
 0001:0002E464 00000200 C=CODE    S=_TEXT    G=(none)   M=C:\HBFW\LIB\XHB.LIB|xhbole ACBP=A9
 0001:0002E664 00000036 C=CODE    S=_TEXT    G=(none)   M=C:\HBFW\LIB\XHB.LIB|xhbdate ACBP=A9
 0001:0002E69C 000004B2 C=CODE    S=_TEXT    G=(none)   M=C:\HBFW\LIB\XHB.LIB|xhbfunc ACBP=A9
 0001:0002EB50 00000106 C=CODE    S=_TEXT    G=(none)   M=C:\HBFW\LIB\XHB.LIB|xhbhash ACBP=A9
 0001:0002EC58 00000051 C=CODE    S=_TEXT    G=(none)   M=C:\HBFW\LIB\XHB.LIB|xhbmtc ACBP=A9
 0001:0002ECAC 00000034 C=CODE    S=_TEXT    G=(none)   M=C:\HBFW\LIB\XHB.LIB|xhbolec ACBP=A9
 0001:0002ECE0 00000091 C=CODE    S=_TEXT    G=(none)   M=C:\HBFW\LIB\XHB.LIB|xhbwin ACBP=A9
 0001:0002ED74 0000004F C=CODE    S=_TEXT    G=(none)   M=C:\HBFW\LIB\XHB.LIB|xthrow ACBP=A9
 0001:0002EDC4 0000016C C=CODE    S=_TEXT    G=(none)   M=C:\HBFW\LIB\HBRTL.LIB|abs ACBP=A9
 0001:0002EF30 00000228 C=CODE    S=_TEXT    G=(none)   M=C:\HBFW\LIB\HBRTL.LIB|at ACBP=A9
 0001:0002F158 0000010A C=CODE    S=_TEXT    G=(none)   M=C:\HBFW\LIB\HBRTL.LIB|binnum ACBP=A9
 0001:0002F264 00004662 C=CODE    S=_TEXT    G=(none)   M=C:\HBFW\LIB\HBRTL.LIB|cdpapi ACBP=A9
 0001:000338C8 00000C76 C=CODE    S=_TEXT    G=(none)   M=C:\HBFW\LIB\HBRTL.LIB|cdpapihb ACBP=A9
 0001:00034540 000000E3 C=CODE    S=_TEXT    G=(none)   M=C:\HBFW\LIB\HBRTL.LIB|chrasc ACBP=A9
 0001:00034624 000000AB C=CODE    S=_TEXT    G=(none)   M=C:\HBFW\LIB\HBRTL.LIB|colorind ACBP=A9
 0001:000346D0 00000B49 C=CODE    S=_TEXT    G=(none)   M=C:\HBFW\LIB\HBRTL.LIB|console ACBP=A9
 0001:0003521C 000000EC C=CODE    S=_TEXT    G=(none)   M=C:\HBFW\LIB\HBRTL.LIB|cputime ACBP=A9
 0001:00035308 00000131 C=CODE    S=_TEXT    G=(none)   M=C:\HBFW\LIB\HBRTL.LIB|datec ACBP=A9
 0001:0003543C 00000B82 C=CODE    S=_TEXT    G=(none)   M=C:\HBFW\LIB\HBRTL.LIB|dates ACBP=A9
 0001:00035FC0 00000B9B C=CODE    S=_TEXT    G=(none)   M=C:\HBFW\LIB\HBRTL.LIB|dateshb ACBP=A9
 0001:00036B5C 00000032 C=CODE    S=_TEXT    G=(none)   M=C:\HBFW\LIB\HBRTL.LIB|datesx ACBP=A9
 0001:00036B90 0000016E C=CODE    S=_TEXT    G=(none)   M=C:\HBFW\LIB\HBRTL.LIB|direct ACBP=A9
 0001:00036D00 00000394 C=CODE    S=_TEXT    G=(none)   M=C:\HBFW\LIB\HBRTL.LIB|disksphb ACBP=A9
 0001:00037094 000000F2 C=CODE    S=_TEXT    G=(none)   M=C:\HBFW\LIB\HBRTL.LIB|do ACBP=A9
 0001:00037188 0000022C C=CODE    S=_TEXT    G=(none)   M=C:\HBFW\LIB\HBRTL.LIB|empty ACBP=A9
 0001:000373B4 0000151F C=CODE    S=_TEXT    G=(none)   M=C:\HBFW\LIB\HBRTL.LIB|errapi ACBP=A9
 0001:000388D4 00000046 C=CODE    S=_TEXT    G=(none)   M=C:\HBFW\LIB\HBRTL.LIB|errint ACBP=A9
 0001:0003891C 000002D1 C=CODE    S=_TEXT    G=(none)   M=C:\HBFW\LIB\HBRTL.LIB|errintlo ACBP=A9
 0001:00038BF0 000000E1 C=CODE    S=_TEXT    G=(none)   M=C:\HBFW\LIB\HBRTL.LIB|file ACBP=A9
 0001:00038CD4 000012F5 C=CODE    S=_TEXT    G=(none)   M=C:\HBFW\LIB\HBRTL.LIB|filebuf ACBP=A9
 0001:00039FCC 00000027 C=CODE    S=_TEXT    G=(none)   M=C:\HBFW\LIB\HBRTL.LIB|filehb ACBP=A9
 0001:00039FF4 000021DF C=CODE    S=_TEXT    G=(none)   M=C:\HBFW\LIB\HBRTL.LIB|filesys ACBP=A9
 0001:0003C1D4 00000017 C=CODE    S=_TEXT    G=(none)   M=C:\HBFW\LIB\HBRTL.LIB|fmhb ACBP=A9
 0001:0003C1EC 00000164 C=CODE    S=_TEXT    G=(none)   M=C:\HBFW\LIB\HBRTL.LIB|fscopy ACBP=A9
 0001:0003C350 000000CA C=CODE    S=_TEXT    G=(none)   M=C:\HBFW\LIB\HBRTL.LIB|fserr ACBP=A9
 0001:0003C41C 000003EA C=CODE    S=_TEXT    G=(none)   M=C:\HBFW\LIB\HBRTL.LIB|fslink ACBP=A9
 0001:0003C808 000003FF C=CODE    S=_TEXT    G=(none)   M=C:\HBFW\LIB\HBRTL.LIB|fstemp ACBP=A9
 0001:0003CC08 000000DC C=CODE    S=_TEXT    G=(none)   M=C:\HBFW\LIB\HBRTL.LIB|gete ACBP=A9
 0001:0003CCE4 000011D2 C=CODE    S=_TEXT    G=(none)   M=C:\HBFW\LIB\HBRTL.LIB|gtapi ACBP=A9
 0001:0003DEB8 00000355 C=CODE    S=_TEXT    G=(none)   M=C:\HBFW\LIB\HBRTL.LIB|gtclip ACBP=A9
 0001:0003E210 00000234 C=CODE    S=_TEXT    G=(none)   M=C:\HBFW\LIB\HBRTL.LIB|gtkbstat ACBP=A9
 0001:0003E444 0000024C C=CODE    S=_TEXT    G=(none)   M=C:\HBFW\LIB\HBRTL.LIB|gttone ACBP=A9
 0001:0003E690 0000017F C=CODE    S=_TEXT    G=(none)   M=C:\HBFW\LIB\HBRTL.LIB|hbadler ACBP=A9
 0001:0003E810 000001F1 C=CODE    S=_TEXT    G=(none)   M=C:\HBFW\LIB\HBRTL.LIB|hbascii ACBP=A9
 0001:0003EA04 0000030F C=CODE    S=_TEXT    G=(none)   M=C:\HBFW\LIB\HBRTL.LIB|hbbit ACBP=A9
 0001:0003ED14 0000050A C=CODE    S=_TEXT    G=(none)   M=C:\HBFW\LIB\HBRTL.LIB|hbcrc ACBP=A9
 0001:0003F220 0000019A C=CODE    S=_TEXT    G=(none)   M=C:\HBFW\LIB\HBRTL.LIB|hbdef ACBP=A9
 0001:0003F3BC 0000508C C=CODE    S=_TEXT    G=(none)   M=C:\HBFW\LIB\HBRTL.LIB|hbgtcore ACBP=A9
 0001:00044448 000003D0 C=CODE    S=_TEXT    G=(none)   M=C:\HBFW\LIB\HBRTL.LIB|hbhex ACBP=A9
 0001:00044818 0000177E C=CODE    S=_TEXT    G=(none)   M=C:\HBFW\LIB\HBRTL.LIB|hbi18n1 ACBP=A9
 0001:00045F98 00000060 C=CODE    S=_TEXT    G=(none)   M=C:\HBFW\LIB\HBRTL.LIB|hbntos ACBP=A9
 0001:00045FF8 000002D4 C=CODE    S=_TEXT    G=(none)   M=C:\HBFW\LIB\HBRTL.LIB|hbrandom ACBP=A9
 0001:000462CC 000001D1 C=CODE    S=_TEXT    G=(none)   M=C:\HBFW\LIB\HBRTL.LIB|hbregexc ACBP=A9
 0001:000464A0 000000AB C=CODE    S=_TEXT    G=(none)   M=C:\HBFW\LIB\HBRTL.LIB|hbstrsh ACBP=A9
 0001:0004654C 0000063B C=CODE    S=_TEXT    G=(none)   M=C:\HBFW\LIB\HBRTL.LIB|hbtoken ACBP=A9
 0001:00046B88 000000BE C=CODE    S=_TEXT    G=(none)   M=C:\HBFW\LIB\HBRTL.LIB|hbzlibc ACBP=A9
 0001:00046C48 000002EA C=CODE    S=_TEXT    G=(none)   M=C:\HBFW\LIB\HBRTL.LIB|idle ACBP=A9
 0001:00046F34 000004E7 C=CODE    S=_TEXT    G=(none)   M=C:\HBFW\LIB\HBRTL.LIB|inkey ACBP=A9
 0001:0004741C 0000053A C=CODE    S=_TEXT    G=(none)   M=C:\HBFW\LIB\HBRTL.LIB|inkeyapi ACBP=A9
 0001:00047958 000000B0 C=CODE    S=_TEXT    G=(none)   M=C:\HBFW\LIB\HBRTL.LIB|is ACBP=A9
 0001:00047A08 00002FC6 C=CODE    S=_TEXT    G=(none)   M=C:\HBFW\LIB\HBRTL.LIB|itemseri ACBP=A9
 0001:0004A9D0 000004C1 C=CODE    S=_TEXT    G=(none)   M=C:\HBFW\LIB\HBRTL.LIB|langapi ACBP=A9
 0001:0004AE94 000001BA C=CODE    S=_TEXT    G=(none)   M=C:\HBFW\LIB\HBRTL.LIB|left ACBP=A9
 0001:0004B050 00000096 C=CODE    S=_TEXT    G=(none)   M=C:\HBFW\LIB\HBRTL.LIB|len ACBP=A9
 0001:0004B0E8 0000097C C=CODE    S=_TEXT    G=(none)   M=C:\HBFW\LIB\HBRTL.LIB|math ACBP=A9
 0001:0004BA64 00000178 C=CODE    S=_TEXT    G=(none)   M=C:\HBFW\LIB\HBRTL.LIB|memofile ACBP=A9
 0001:0004BBDC 00000390 C=CODE    S=_TEXT    G=(none)   M=C:\HBFW\LIB\HBRTL.LIB|minmax ACBP=A9
 0001:0004BF6C 00000807 C=CODE    S=_TEXT    G=(none)   M=C:\HBFW\LIB\HBRTL.LIB|mlcfunc ACBP=A9
 0001:0004C774 000000B7 C=CODE    S=_TEXT    G=(none)   M=C:\HBFW\LIB\HBRTL.LIB|net ACBP=A9
 0001:0004C82C 00000006 C=CODE    S=_TEXT    G=(none)   M=C:\HBFW\LIB\HBRTL.LIB|pad ACBP=A9
 0001:0004C834 00000296 C=CODE    S=_TEXT    G=(none)   M=C:\HBFW\LIB\HBRTL.LIB|padc ACBP=A9
 0001:0004CACC 00000236 C=CODE    S=_TEXT    G=(none)   M=C:\HBFW\LIB\HBRTL.LIB|padl ACBP=A9
 0001:0004CD04 00000222 C=CODE    S=_TEXT    G=(none)   M=C:\HBFW\LIB\HBRTL.LIB|padr ACBP=A9
 0001:0004CF28 00000AEC C=CODE    S=_TEXT    G=(none)   M=C:\HBFW\LIB\HBRTL.LIB|philes ACBP=A9
 0001:0004DA14 000001EF C=CODE    S=_TEXT    G=(none)   M=C:\HBFW\LIB\HBRTL.LIB|rat ACBP=A9
 0001:0004DC04 00000104 C=CODE    S=_TEXT    G=(none)   M=C:\HBFW\LIB\HBRTL.LIB|replic ACBP=A9
 0001:0004DD08 000000D1 C=CODE    S=_TEXT    G=(none)   M=C:\HBFW\LIB\HBRTL.LIB|right ACBP=A9
 0001:0004DDDC 0000010E C=CODE    S=_TEXT    G=(none)   M=C:\HBFW\LIB\HBRTL.LIB|round ACBP=A9
 0001:0004DEEC 000001DC C=CODE    S=_TEXT    G=(none)   M=C:\HBFW\LIB\HBRTL.LIB|samples ACBP=A9
 0001:0004E0C8 00000080 C=CODE    S=_TEXT    G=(none)   M=C:\HBFW\LIB\HBRTL.LIB|seconds ACBP=A9
 0001:0004E148 00000119 C=CODE    S=_TEXT    G=(none)   M=C:\HBFW\LIB\HBRTL.LIB|setcolor ACBP=A9
 0001:0004E264 00000057 C=CODE    S=_TEXT    G=(none)   M=C:\HBFW\LIB\HBRTL.LIB|setcurs ACBP=A9
 0001:0004E2BC 000005F1 C=CODE    S=_TEXT    G=(none)   M=C:\HBFW\LIB\HBRTL.LIB|setkey ACBP=A9
 0001:0004E8B0 00000097 C=CODE    S=_TEXT    G=(none)   M=C:\HBFW\LIB\HBRTL.LIB|setpos ACBP=A9
 0001:0004E948 0000002B C=CODE    S=_TEXT    G=(none)   M=C:\HBFW\LIB\HBRTL.LIB|setposbs ACBP=A9
 0001:0004E974 00000066 C=CODE    S=_TEXT    G=(none)   M=C:\HBFW\LIB\HBRTL.LIB|space ACBP=A9
 0001:0004E9DC 000002FA C=CODE    S=_TEXT    G=(none)   M=C:\HBFW\LIB\HBRTL.LIB|spfiles ACBP=A9
 0001:0004ECD8 0000008E C=CODE    S=_TEXT    G=(none)   M=C:\HBFW\LIB\HBRTL.LIB|str ACBP=A9
 0001:0004ED68 000000C0 C=CODE    S=_TEXT    G=(none)   M=C:\HBFW\LIB\HBRTL.LIB|strcase ACBP=A9
 0001:0004EE28 0000012F C=CODE    S=_TEXT    G=(none)   M=C:\HBFW\LIB\HBRTL.LIB|strmatch ACBP=A9
 0001:0004EF58 00000338 C=CODE    S=_TEXT    G=(none)   M=C:\HBFW\LIB\HBRTL.LIB|strrepl ACBP=A9
 0001:0004F290 00000185 C=CODE    S=_TEXT    G=(none)   M=C:\HBFW\LIB\HBRTL.LIB|strtoexp ACBP=A9
 0001:0004F418 00000264 C=CODE    S=_TEXT    G=(none)   M=C:\HBFW\LIB\HBRTL.LIB|strtran ACBP=A9
 0001:0004F67C 000000EA C=CODE    S=_TEXT    G=(none)   M=C:\HBFW\LIB\HBRTL.LIB|strzero ACBP=A9
 0001:0004F768 0000019A C=CODE    S=_TEXT    G=(none)   M=C:\HBFW\LIB\HBRTL.LIB|stuff ACBP=A9
 0001:0004F904 00000156 C=CODE    S=_TEXT    G=(none)   M=C:\HBFW\LIB\HBRTL.LIB|substr ACBP=A9
 0001:0004FA5C 000014FC C=CODE    S=_TEXT    G=(none)   M=C:\HBFW\LIB\HBRTL.LIB|transfrm ACBP=A9
 0001:00050F58 000001D1 C=CODE    S=_TEXT    G=(none)   M=C:\HBFW\LIB\HBRTL.LIB|trim ACBP=A9
 0001:0005112C 00000042 C=CODE    S=_TEXT    G=(none)   M=C:\HBFW\LIB\HBRTL.LIB|type ACBP=A9
 0001:00051170 00000095 C=CODE    S=_TEXT    G=(none)   M=C:\HBFW\LIB\HBRTL.LIB|val ACBP=A9
 0001:00051208 0000027B C=CODE    S=_TEXT    G=(none)   M=C:\HBFW\LIB\HBRTL.LIB|valtype ACBP=A9
 0001:00051484 00000389 C=CODE    S=_TEXT    G=(none)   M=C:\HBFW\LIB\HBRTL.LIB|version ACBP=A9
 0001:00051810 00000036 C=CODE    S=_TEXT    G=(none)   M=C:\HBFW\LIB\HBRTL.LIB|word ACBP=A9
 0001:00051848 00000069 C=CODE    S=_TEXT    G=(none)   M=C:\HBFW\LIB\HBRTL.LIB|xhelp ACBP=A9
 0001:000518B4 0000066B C=CODE    S=_TEXT    G=(none)   M=C:\HBFW\LIB\HBRTL.LIB|gui ACBP=A9
 0001:00051F20 00004285 C=CODE    S=_TEXT    G=(none)   M=C:\HBFW\LIB\HBRTL.LIB|langcomp ACBP=A9
 0001:000561A8 00001AA3 C=CODE    S=_TEXT    G=(none)   M=C:\HBFW\LIB\HBRTL.LIB|objfunc ACBP=A9
 0001:00057C4C 000031E2 C=CODE    S=_TEXT    G=(none)   M=C:\HBFW\LIB\HBRTL.LIB|tclass ACBP=A9
 0001:0005AE30 000120DA C=CODE    S=_TEXT    G=(none)   M=C:\HBFW\LIB\HBRTL.LIB|tget ACBP=A9
 0001:0006CF0C 00000552 C=CODE    S=_TEXT    G=(none)   M=C:\HBFW\LIB\HBRTL.LIB|tobject ACBP=A9
 0001:0006D460 00001DE1 C=CODE    S=_TEXT    G=(none)   M=C:\HBFW\LIB\HBRTL.LIB|valtoexp ACBP=A9
 0001:0006F244 0000DB52 C=CODE    S=_TEXT    G=(none)   M=C:\HBFW\LIB\HBVM.LIB|hvm ACBP=A9
 0001:0007CD98 00001C7A C=CODE    S=_TEXT    G=(none)   M=C:\HBFW\LIB\HBVM.LIB|arrays ACBP=A9
 0001:0007EA14 00006470 C=CODE    S=_TEXT    G=(none)   M=C:\HBFW\LIB\HBVM.LIB|classes ACBP=A9
 0001:00084E84 000008A0 C=CODE    S=_TEXT    G=(none)   M=C:\HBFW\LIB\HBVM.LIB|dynsym ACBP=A9
 0001:00085724 000002E9 C=CODE    S=_TEXT    G=(none)   M=C:\HBFW\LIB\HBVM.LIB|codebloc ACBP=A9
 0001:00085A10 00000BE9 C=CODE    S=_TEXT    G=(none)   M=C:\HBFW\LIB\HBVM.LIB|estack ACBP=A9
 0001:000865FC 000029EC C=CODE    S=_TEXT    G=(none)   M=C:\HBFW\LIB\HBVM.LIB|extend ACBP=A9
 0001:00088FE8 000041D2 C=CODE    S=_TEXT    G=(none)   M=C:\HBFW\LIB\HBVM.LIB|fm ACBP=A9
 0001:0008D1BC 00000742 C=CODE    S=_TEXT    G=(none)   M=C:\HBFW\LIB\HBVM.LIB|garbage ACBP=A9
 0001:0008D900 0000174F C=CODE    S=_TEXT    G=(none)   M=C:\HBFW\LIB\HBVM.LIB|hashes ACBP=A9
 0001:0008F050 00002D90 C=CODE    S=_TEXT    G=(none)   M=C:\HBFW\LIB\HBVM.LIB|itemapi ACBP=A9
 0001:00091DE0 00001264 C=CODE    S=_TEXT    G=(none)   M=C:\HBFW\LIB\HBVM.LIB|strapi ACBP=A9
 0001:00093044 00001D06 C=CODE    S=_TEXT    G=(none)   M=C:\HBFW\LIB\HBVM.LIB|macro ACBP=A9
 0001:00094D4C 000016F7 C=CODE    S=_TEXT    G=(none)   M=C:\HBFW\LIB\HBVM.LIB|memvars ACBP=A9
 0001:00096444 00003EDF C=CODE    S=_TEXT    G=(none)   M=C:\HBFW\LIB\HBVM.LIB|set ACBP=A9
 0001:0009A324 00000DF4 C=CODE    S=_TEXT    G=(none)   M=C:\HBFW\LIB\HBVM.LIB|thread ACBP=A9
 0001:0009B118 000007B0 C=CODE    S=_TEXT    G=(none)   M=C:\HBFW\LIB\HBVM.LIB|arrayshb ACBP=A9
 0001:0009B8C8 000004E9 C=CODE    S=_TEXT    G=(none)   M=C:\HBFW\LIB\HBVM.LIB|asort ACBP=A9
 0001:0009BDB4 00000014 C=CODE    S=_TEXT    G=(none)   M=C:\HBFW\LIB\HBVM.LIB|break ACBP=A9
 0001:0009BDC8 00000BD6 C=CODE    S=_TEXT    G=(none)   M=C:\HBFW\LIB\HBVM.LIB|cmdarg ACBP=A9
 0001:0009C9A0 00000494 C=CODE    S=_TEXT    G=(none)   M=C:\HBFW\LIB\HBVM.LIB|debug ACBP=A9
 0001:0009CE34 00000287 C=CODE    S=_TEXT    G=(none)   M=C:\HBFW\LIB\HBVM.LIB|dynlibhb ACBP=A9
 0001:0009D0BC 0000081C C=CODE    S=_TEXT    G=(none)   M=C:\HBFW\LIB\HBVM.LIB|eval ACBP=A9
 0001:0009D8D8 00000461 C=CODE    S=_TEXT    G=(none)   M=C:\HBFW\LIB\HBVM.LIB|extrap ACBP=A9
 0001:0009DD3C 00001209 C=CODE    S=_TEXT    G=(none)   M=C:\HBFW\LIB\HBVM.LIB|hashfunc ACBP=A9
 0001:0009EF48 00000006 C=CODE    S=_TEXT    G=(none)   M=C:\HBFW\LIB\HBVM.LIB|initexit ACBP=A9
 0001:0009EF50 00000019 C=CODE    S=_TEXT    G=(none)   M=C:\HBFW\LIB\HBVM.LIB|initsymb ACBP=A9
 0001:0009EF6C 0000001D C=CODE    S=_TEXT    G=(none)   M=C:\HBFW\LIB\HBVM.LIB|pcount ACBP=A9
 0001:0009EF8C 00000508 C=CODE    S=_TEXT    G=(none)   M=C:\HBFW\LIB\HBVM.LIB|proc ACBP=A9
 0001:0009F494 00000F68 C=CODE    S=_TEXT    G=(none)   M=C:\HBFW\LIB\HBVM.LIB|runner ACBP=A9
 0001:000A03FC 00000028 C=CODE    S=_TEXT    G=(none)   M=C:\HBFW\LIB\HBVM.LIB|mainwin ACBP=A9
 0001:000A0424 00000084 C=CODE    S=_TEXT    G=(none)   M=C:\HBFW\LIB\HBVM.LIB|harbinit ACBP=A9
 0001:000A04A8 000003C0 C=CODE    S=_TEXT    G=(none)   M=C:\HBFW\LIB\GTGUI.LIB|gtgui ACBP=A9
 0001:000A0868 00001A97 C=CODE    S=_TEXT    G=(none)   M=C:\HBFW\LIB\HBMACRO.LIB|macroy ACBP=A9
 0001:000A2300 00000535 C=CODE    S=_TEXT    G=(none)   M=C:\HBFW\LIB\HBMACRO.LIB|macroa ACBP=A9
 0001:000A2838 00005FCC C=CODE    S=_TEXT    G=(none)   M=C:\HBFW\LIB\HBMACRO.LIB|macrob ACBP=A9
 0001:000A8804 000011B8 C=CODE    S=_TEXT    G=(none)   M=C:\HBFW\LIB\HBMACRO.LIB|macrolex ACBP=A9
 0001:000A99BC 00003166 C=CODE    S=_TEXT    G=(none)   M=C:\HBFW\LIB\HBRDD.LIB|dbcmd ACBP=A9
 0001:000ACB24 00000AAB C=CODE    S=_TEXT    G=(none)   M=C:\HBFW\LIB\HBRDD.LIB|dbcmd53 ACBP=A9
 0001:000AD5D0 00008970 C=CODE    S=_TEXT    G=(none)   M=C:\HBFW\LIB\HBRDD.LIB|dbf1 ACBP=A9
 0001:000B5F40 00000016 C=CODE    S=_TEXT    G=(none)   M=C:\HBFW\LIB\HBRDD.LIB|fieldhb ACBP=A9
 0001:000B5F58 0000063B C=CODE    S=_TEXT    G=(none)   M=C:\HBFW\LIB\HBRDD.LIB|hbdbsort ACBP=A9
 0001:000B6594 00000076 C=CODE    S=_TEXT    G=(none)   M=C:\HBFW\LIB\HBRDD.LIB|ordcount ACBP=A9
 0001:000B660C 00000148 C=CODE    S=_TEXT    G=(none)   M=C:\HBFW\LIB\HBRDD.LIB|ordwldsk ACBP=A9
 0001:000B6754 0000242A C=CODE    S=_TEXT    G=(none)   M=C:\HBFW\LIB\HBRDD.LIB|workarea ACBP=A9
 0001:000B8B80 00000AF7 C=CODE    S=_TEXT    G=(none)   M=C:\HBFW\LIB\HBRDD.LIB|wacore ACBP=A9
 0001:000B9678 0000150F C=CODE    S=_TEXT    G=(none)   M=C:\HBFW\LIB\HBRDD.LIB|wafunc ACBP=A9
 0001:000BAB88 0000031C C=CODE    S=_TEXT    G=(none)   M=C:\HBFW\LIB\HBRDD.LIB|rddord ACBP=A9
 0001:000BAEA4 00000021 C=CODE    S=_TEXT    G=(none)   M=C:\HBFW\LIB\HBRDD.LIB|rddsys ACBP=A9
 0001:000BAEC8 0000002C C=CODE    S=_TEXT    G=(none)   M=C:\HBFW\LIB\HBCPAGE.LIB|cpcs852 ACBP=A9
 0001:000BAEF4 0000002C C=CODE    S=_TEXT    G=(none)   M=C:\HBFW\LIB\HBCPAGE.LIB|cpde850 ACBP=A9
 0001:000BAF20 0000002C C=CODE    S=_TEXT    G=(none)   M=C:\HBFW\LIB\HBCPAGE.LIB|cpel737 ACBP=A9
 0001:000BAF4C 0000ADEC C=CODE    S=_TEXT    G=(none)   M=C:\HBFW\LIB\RDDNTX.LIB|dbfntx1 ACBP=A9
 0001:000C5D38 0000DBD8 C=CODE    S=_TEXT    G=(none)   M=C:\HBFW\LIB\RDDCDX.LIB|dbfcdx1 ACBP=A9
 0001:000D3910 00007B78 C=CODE    S=_TEXT    G=(none)   M=C:\HBFW\LIB\RDDFPT.LIB|dbffpt1 ACBP=A9
 0001:000DB488 000003A6 C=CODE    S=_TEXT    G=(none)   M=C:\HBFW\LIB\HBSIX.LIB|sxcrypt ACBP=A9
 0001:000DB830 000000E8 C=CODE    S=_TEXT    G=(none)   M=C:\HBFW\LIB\HBSIX.LIB|sxdate ACBP=A9
 0001:000DB918 00000EBD C=CODE    S=_TEXT    G=(none)   M=C:\HBFW\LIB\HBCOMMON.LIB|expropt1 ACBP=A9
 0001:000DC7D8 00003289 C=CODE    S=_TEXT    G=(none)   M=C:\HBFW\LIB\HBCOMMON.LIB|expropt2 ACBP=A9
 0001:000DFA64 000001C5 C=CODE    S=_TEXT    G=(none)   M=C:\HBFW\LIB\HBCOMMON.LIB|funcid ACBP=A9
 0001:000DFC2C 00001574 C=CODE    S=_TEXT    G=(none)   M=C:\HBFW\LIB\HBCOMMON.LIB|hbdate ACBP=A9
 0001:000E11A0 000006DF C=CODE    S=_TEXT    G=(none)   M=C:\HBFW\LIB\HBCOMMON.LIB|hbffind ACBP=A9
 0001:000E1880 0000005B C=CODE    S=_TEXT    G=(none)   M=C:\HBFW\LIB\HBCOMMON.LIB|hbfopen ACBP=A9
 0001:000E18DC 000003D3 C=CODE    S=_TEXT    G=(none)   M=C:\HBFW\LIB\HBCOMMON.LIB|hbfsapi ACBP=A9
 0001:000E1CB0 00000150 C=CODE    S=_TEXT    G=(none)   M=C:\HBFW\LIB\HBCOMMON.LIB|hbgete ACBP=A9
 0001:000E1E00 00000333 C=CODE    S=_TEXT    G=(none)   M=C:\HBFW\LIB\HBCOMMON.LIB|hbhash ACBP=A9
 0001:000E2134 00001C0D C=CODE    S=_TEXT    G=(none)   M=C:\HBFW\LIB\HBCOMMON.LIB|hbprintf ACBP=A9
 0001:000E3D44 00001064 C=CODE    S=_TEXT    G=(none)   M=C:\HBFW\LIB\HBCOMMON.LIB|hbstr ACBP=A9
 0001:000E4DA8 000005AD C=CODE    S=_TEXT    G=(none)   M=C:\HBFW\LIB\HBCOMMON.LIB|hbver ACBP=A9
 0001:000E5358 000002D9 C=CODE    S=_TEXT    G=(none)   M=C:\HBFW\LIB\HBCOMMON.LIB|hbverdsp ACBP=A9
 0001:000E5634 000001CF C=CODE    S=_TEXT    G=(none)   M=C:\HBFW\LIB\HBCOMMON.LIB|hbwin ACBP=A9
 0001:000E5804 00000611 C=CODE    S=_TEXT    G=(none)   M=C:\HBFW\LIB\HBCOMMON.LIB|strwild ACBP=A9
 0001:000E5E18 0000004F C=CODE    S=_TEXT    G=(none)   M=C:\HBFW\LIB\HBPP.LIB|pptable ACBP=A9
 0001:000E5E68 0000A4F8 C=CODE    S=_TEXT    G=(none)   M=C:\HBFW\LIB\HBPP.LIB|ppcore ACBP=A9
 0001:000F0360 000003C5 C=CODE    S=_TEXT    G=(none)   M=C:\HBFW\LIB\HBCT.LIB|atnum ACBP=A9
 0001:000F0728 000001BF C=CODE    S=_TEXT    G=(none)   M=C:\HBFW\LIB\HBCT.LIB|blank ACBP=A9
 0001:000F08E8 00000251 C=CODE    S=_TEXT    G=(none)   M=C:\HBFW\LIB\HBCT.LIB|charonly ACBP=A9
 0001:000F0B3C 000002DB C=CODE    S=_TEXT    G=(none)   M=C:\HBFW\LIB\HBCT.LIB|ctc ACBP=A9
 0001:000F0E18 000000AA C=CODE    S=_TEXT    G=(none)   M=C:\HBFW\LIB\HBCT.LIB|ctmath ACBP=A9
 0001:000F0EC4 00000471 C=CODE    S=_TEXT    G=(none)   M=C:\HBFW\LIB\HBCT.LIB|ctmath2 ACBP=A9
 0001:000F1338 000004C4 C=CODE    S=_TEXT    G=(none)   M=C:\HBFW\LIB\HBCT.LIB|ctstr ACBP=A9
 0001:000F17FC 00000962 C=CODE    S=_TEXT    G=(none)   M=C:\HBFW\LIB\HBCT.LIB|dattime2 ACBP=A9
 0001:000F2160 00000477 C=CODE    S=_TEXT    G=(none)   M=C:\HBFW\LIB\HBCT.LIB|range ACBP=A9
 0001:000F25D8 00000744 C=CODE    S=_TEXT    G=(none)   M=C:\HBFW\LIB\HBCT.LIB|token1 ACBP=A9
 0001:000F2D1C 000000AC C=CODE    S=_TEXT    G=(none)   M=C:\HBFW\LIB\HBWIN.LIB|oleauto ACBP=A9
 0001:000F2DC8 00002E50 C=CODE    S=_TEXT    G=(none)   M=C:\HBFW\LIB\HBWIN.LIB|olecore ACBP=A9
 0001:000F5C18 0000025E C=CODE    S=_TEXT    G=(none)   M=C:\HBFW\LIB\HBWIN.LIB|wapi_alloc ACBP=A9
 0001:000F5E78 00000026 C=CODE    S=_TEXT    G=(none)   M=C:\HBFW\LIB\HBWIN.LIB|wapi_err ACBP=A9
 0001:000F5EA0 00001685 C=CODE    S=_TEXT    G=(none)   M=C:\HBFW\LIB\HBWIN.LIB|wapi_wingdi ACBP=A9
 0001:000F7528 00001047 C=CODE    S=_TEXT    G=(none)   M=C:\HBFW\LIB\HBWIN.LIB|wapi_winuser ACBP=A9
 0001:000F8570 0000050C C=CODE    S=_TEXT    G=(none)   M=C:\HBFW\LIB\HBWIN.LIB|win_misc ACBP=A9
 0001:000F8A7C 00005F64 C=CODE    S=_TEXT    G=(none)   M=C:\HBFW\LIB\HBCPLR.LIB|harboury ACBP=A9
 0001:000FE9E0 0000162E C=CODE    S=_TEXT    G=(none)   M=C:\HBFW\LIB\HBCPLR.LIB|cmdcheck ACBP=A9
 0001:00100010 000006DC C=CODE    S=_TEXT    G=(none)   M=C:\HBFW\LIB\HBCPLR.LIB|compi18n ACBP=A9
 0001:001006EC 00002B5D C=CODE    S=_TEXT    G=(none)   M=C:\HBFW\LIB\HBCPLR.LIB|complex ACBP=A9
 0001:0010324C 0000089B C=CODE    S=_TEXT    G=(none)   M=C:\HBFW\LIB\HBCPLR.LIB|expropta ACBP=A9
 0001:00103AE8 00006CEC C=CODE    S=_TEXT    G=(none)   M=C:\HBFW\LIB\HBCPLR.LIB|exproptb ACBP=A9
 0001:0010A7D4 000044D8 C=CODE    S=_TEXT    G=(none)   M=C:\HBFW\LIB\HBCPLR.LIB|genc ACBP=A9
 0001:0010ECAC 00004B1C C=CODE    S=_TEXT    G=(none)   M=C:\HBFW\LIB\HBCPLR.LIB|gencc ACBP=A9
 0001:001137C8 0000028F C=CODE    S=_TEXT    G=(none)   M=C:\HBFW\LIB\HBCPLR.LIB|genhrb ACBP=A9
 0001:00113A58 00000490 C=CODE    S=_TEXT    G=(none)   M=C:\HBFW\LIB\HBCPLR.LIB|hbcmplib ACBP=A9
 0001:00113EE8 000005DA C=CODE    S=_TEXT    G=(none)   M=C:\HBFW\LIB\HBCPLR.LIB|hbcomp ACBP=A9
 0001:001144C4 00000254 C=CODE    S=_TEXT    G=(none)   M=C:\HBFW\LIB\HBCPLR.LIB|hbdbginf ACBP=A9
 0001:00114718 0000088F C=CODE    S=_TEXT    G=(none)   M=C:\HBFW\LIB\HBCPLR.LIB|hbdead ACBP=A9
 0001:00114FA8 00000137 C=CODE    S=_TEXT    G=(none)   M=C:\HBFW\LIB\HBCPLR.LIB|hbfix ACBP=A9
 0001:001150E0 0000016E C=CODE    S=_TEXT    G=(none)   M=C:\HBFW\LIB\HBCPLR.LIB|hbfunchk ACBP=A9
 0001:00115250 000002B4 C=CODE    S=_TEXT    G=(none)   M=C:\HBFW\LIB\HBCPLR.LIB|hbgenerr ACBP=A9
 0001:00115504 0000010D C=CODE    S=_TEXT    G=(none)   M=C:\HBFW\LIB\HBCPLR.LIB|hbident ACBP=A9
 0001:00115614 000003DD C=CODE    S=_TEXT    G=(none)   M=C:\HBFW\LIB\HBCPLR.LIB|hblbl ACBP=A9
 0001:001159F4 00005767 C=CODE    S=_TEXT    G=(none)   M=C:\HBFW\LIB\HBCPLR.LIB|hbmain ACBP=A9
 0001:0011B15C 00001F88 C=CODE    S=_TEXT    G=(none)   M=C:\HBFW\LIB\HBCPLR.LIB|hbopt ACBP=A9
 0001:0011D0E4 00000585 C=CODE    S=_TEXT    G=(none)   M=C:\HBFW\LIB\HBCPLR.LIB|hbpcode ACBP=A9
 0001:0011D66C 000000FE C=CODE    S=_TEXT    G=(none)   M=C:\HBFW\LIB\HBCPLR.LIB|hbstripl ACBP=A9
 0001:0011D76C 0000014E C=CODE    S=_TEXT    G=(none)   M=C:\HBFW\LIB\HBCPLR.LIB|hbusage ACBP=A9
 0001:0011D8BC 0000084A C=CODE    S=_TEXT    G=(none)   M=C:\HBFW\LIB\HBCPLR.LIB|ppcomp ACBP=A9
 0001:0011E108 00000377 C=CODE    S=_TEXT    G=(none)   M=C:\HBFW\LIB\HBZLIB.LIB|adler32 ACBP=A9
 0001:0011E480 000002D7 C=CODE    S=_TEXT    G=(none)   M=C:\HBFW\LIB\HBZLIB.LIB|crc32 ACBP=A9
 0001:0011E758 0000258F C=CODE    S=_TEXT    G=(none)   M=C:\HBFW\LIB\HBZLIB.LIB|deflate ACBP=A9
 0001:00120CE8 00000493 C=CODE    S=_TEXT    G=(none)   M=C:\HBFW\LIB\HBZLIB.LIB|inffast ACBP=A9
 0001:0012117C 00001D7D C=CODE    S=_TEXT    G=(none)   M=C:\HBFW\LIB\HBZLIB.LIB|inflate ACBP=A9
 0001:00122EFC 00000429 C=CODE    S=_TEXT    G=(none)   M=C:\HBFW\LIB\HBZLIB.LIB|inftrees ACBP=A9
 0001:00123328 00001CCB C=CODE    S=_TEXT    G=(none)   M=C:\HBFW\LIB\HBZLIB.LIB|trees ACBP=A9
 0001:00124FF4 000000EF C=CODE    S=_TEXT    G=(none)   M=C:\HBFW\LIB\HBZLIB.LIB|zutil ACBP=A9
 0001:001250E4 000039B7 C=CODE    S=_TEXT    G=(none)   M=C:\HBFW\LIB\PNG.LIB|png ACBP=A9
 0001:00128A9C 0000088E C=CODE    S=_TEXT    G=(none)   M=C:\HBFW\LIB\PNG.LIB|pngerror ACBP=A9
 0001:0012932C 00000FB9 C=CODE    S=_TEXT    G=(none)   M=C:\HBFW\LIB\PNG.LIB|pngget ACBP=A9
 0001:0012A2E8 000002F2 C=CODE    S=_TEXT    G=(none)   M=C:\HBFW\LIB\PNG.LIB|pngmem ACBP=A9
 0001:0012A5DC 00004210 C=CODE    S=_TEXT    G=(none)   M=C:\HBFW\LIB\PNG.LIB|pngread ACBP=A9
 0001:0012E7EC 000000B0 C=CODE    S=_TEXT    G=(none)   M=C:\HBFW\LIB\PNG.LIB|pngrio ACBP=A9
 0001:0012E89C 00005C4B C=CODE    S=_TEXT    G=(none)   M=C:\HBFW\LIB\PNG.LIB|pngrtran ACBP=A9
 0001:001344E8 000040C8 C=CODE    S=_TEXT    G=(none)   M=C:\HBFW\LIB\PNG.LIB|pngrutil ACBP=A9
 0001:001385B0 000018D6 C=CODE    S=_TEXT    G=(none)   M=C:\HBFW\LIB\PNG.LIB|pngset ACBP=A9
 0001:00139E88 0000069E C=CODE    S=_TEXT    G=(none)   M=C:\HBFW\LIB\PNG.LIB|pngtrans ACBP=A9
 0001:0013A528 000000F5 C=CODE    S=_TEXT    G=(none)   M=C:\HBFW\LIB\PNG.LIB|pngwio ACBP=A9
 0001:0013A620 000021F9 C=CODE    S=_TEXT    G=(none)   M=C:\HBFW\LIB\PNG.LIB|pngwrite ACBP=A9
 0001:0013C81C 0000083B C=CODE    S=_TEXT    G=(none)   M=C:\HBFW\LIB\PNG.LIB|pngwtran ACBP=A9
 0001:0013D058 000034BB C=CODE    S=_TEXT    G=(none)   M=C:\HBFW\LIB\PNG.LIB|pngwutil ACBP=A9
 0001:00140514 00000028 C=CODE    S=_TEXT    G=(none)   M=C:\BCC582\LIB\CW32.LIB|delaop ACBP=A9
 0001:0014053C 0000002E C=CODE    S=_TEXT    G=(none)   M=C:\BCC582\LIB\CW32.LIB|delop ACBP=A9
 0001:0014056C 000000E3 C=CODE    S=_TEXT    G=(none)   M=C:\BCC582\LIB\CW32.LIB|exceptio ACBP=A9
 0001:0014064F 00000079 C=CODE    S=_TEXT    G=(none)   M=C:\BCC582\LIB\CW32.LIB|gccex ACBP=A9
 0001:001406C8 000019E8 C=CODE    S=_TEXT    G=(none)   M=C:\BCC582\LIB\CW32.LIB|ios ACBP=A9
 0001:001420B0 00003492 C=CODE    S=_TEXT    G=(none)   M=C:\BCC582\LIB\CW32.LIB|iostream ACBP=A9
 0001:0014551C 00000323 C=CODE    S=_TEXT    G=(none)   M=C:\BCC582\LIB\CW32.LIB|dwlocale ACBP=A9
 0001:00145818 00001A78 C=CODE    S=_TEXT    G=(none)   M=C:\BCC582\LIB\CW32.LIB|locale0 ACBP=A9
 0001:00147290 0000001B C=CODE    S=_TEXT    G=(none)   M=C:\BCC582\LIB\CW32.LIB|new ACBP=A9
 0001:00147290 0000011E C=CODE    S=_TEXT    G=(none)   M=C:\BCC582\LIB\CW32.LIB|newop ACBP=A9
 0001:0014738B 000005AA C=CODE    S=_TEXT    G=(none)   M=C:\BCC582\LIB\CW32.LIB|string ACBP=A9
 0001:00147910 00002FD6 C=CODE    S=_TEXT    G=(none)   M=C:\BCC582\LIB\CW32.LIB|wiostrea ACBP=A9
 0001:0014A8C0 0000019D C=CODE    S=_TEXT    G=(none)   M=C:\BCC582\LIB\CW32.LIB|wlocale ACBP=A9
 0001:0014AA35 000000D4 C=CODE    S=_TEXT    G=(none)   M=C:\BCC582\LIB\CW32.LIB|xlocinfo ACBP=A9
 0001:0014AB0C 00000110 C=CODE    S=_TEXT    G=(none)   M=C:\BCC582\LIB\CW32.LIB|xstart ACBP=A9
 0001:0014AC1C 00000057 C=CODE    S=_TEXT    G=(none)   M=C:\BCC582\LIB\CW32.LIB|wchar ACBP=A9
 0001:0014AC74 00000111 C=CODE    S=_TEXT    G=(none)   M=C:\BCC582\LIB\CW32.LIB|virtmem ACBP=A9
 0001:0014AD88 0000014B C=CODE    S=_TEXT    G=(none)   M=C:\BCC582\LIB\CW32.LIB|hrdir_b ACBP=A9
 0001:0014AED4 00000020 C=CODE    S=_TEXT    G=(none)   M=C:\BCC582\LIB\CW32.LIB|hrdir_mf ACBP=A9
 0001:0014AEF4 000000B8 C=CODE    S=_TEXT    G=(none)   M=C:\BCC582\LIB\CW32.LIB|hrdir_s ACBP=A9
 0001:0014AFAC 00000001 C=CODE    S=_TEXT    G=(none)   M=C:\BCC582\LIB\CW32.LIB|hrdir_us ACBP=A9
 0001:0014AFB0 000009E4 C=CODE    S=_TEXT    G=(none)   M=C:\BCC582\LIB\CW32.LIB|heap ACBP=A9
 0001:0014B994 00000292 C=CODE    S=_TEXT    G=(none)   M=C:\BCC582\LIB\CW32.LIB|realloc ACBP=A9
 0001:0014BC28 00000001 C=CODE    S=_TEXT    G=(none)   M=C:\BCC582\LIB\CW32.LIB|crtlst_i ACBP=A9
 0001:0014BC2C 00000001 C=CODE    S=_TEXT    G=(none)   M=C:\BCC582\LIB\CW32.LIB|crtlst_l ACBP=A9
 0001:0014BC30 0000001E C=CODE    S=_TEXT    G=(none)   M=C:\BCC582\LIB\CW32.LIB|memchr ACBP=A9
 0001:0014BC50 00000024 C=CODE    S=_TEXT    G=(none)   M=C:\BCC582\LIB\CW32.LIB|memcpy ACBP=A9
 0001:0014BC74 00000024 C=CODE    S=_TEXT    G=(none)   M=C:\BCC582\LIB\CW32.LIB|wmemcpy ACBP=A9
 0001:0014BC98 0000004A C=CODE    S=_TEXT    G=(none)   M=C:\BCC582\LIB\CW32.LIB|memmove ACBP=A9
 0001:0014BCE4 0000008F C=CODE    S=_TEXT    G=(none)   M=C:\BCC582\LIB\CW32.LIB|memset ACBP=A9
 0001:0014BD74 00000018 C=CODE    S=_TEXT    G=(none)   M=C:\BCC582\LIB\CW32.LIB|wmemset ACBP=A9
 0001:0014BD8C 0000003C C=CODE    S=_TEXT    G=(none)   M=C:\BCC582\LIB\CW32.LIB|strcat ACBP=A9
 0001:0014BDC8 00000053 C=CODE    S=_TEXT    G=(none)   M=C:\BCC582\LIB\CW32.LIB|strchr ACBP=A9
 0001:0014BE1C 0000004D C=CODE    S=_TEXT    G=(none)   M=C:\BCC582\LIB\CW32.LIB|strcmp ACBP=A9
 0001:0014BE6C 00000035 C=CODE    S=_TEXT    G=(none)   M=C:\BCC582\LIB\CW32.LIB|strcpy ACBP=A9
 0001:0014BEA4 0000005A C=CODE    S=_TEXT    G=(none)   M=C:\BCC582\LIB\CW32.LIB|strlen ACBP=A9
 0001:0014BF00 0000006E C=CODE    S=_TEXT    G=(none)   M=C:\BCC582\LIB\CW32.LIB|strncat ACBP=A9
 0001:0014BF70 00000027 C=CODE    S=_TEXT    G=(none)   M=C:\BCC582\LIB\CW32.LIB|strncmp ACBP=A9
 0001:0014BF98 0000006C C=CODE    S=_TEXT    G=(none)   M=C:\BCC582\LIB\CW32.LIB|memcmp ACBP=A9
 0001:0014C004 00000032 C=CODE    S=_TEXT    G=(none)   M=C:\BCC582\LIB\CW32.LIB|strdup ACBP=A9
 0001:0014C038 0000009F C=CODE    S=_TEXT    G=(none)   M=C:\BCC582\LIB\CW32.LIB|strerror ACBP=A9
 0001:0014C0D8 0000004F C=CODE    S=_TEXT    G=(none)   M=C:\BCC582\LIB\CW32.LIB|strncpy ACBP=A9
 0001:0014C128 00000029 C=CODE    S=_TEXT    G=(none)   M=C:\BCC582\LIB\CW32.LIB|strrchr ACBP=A9
 0001:0014C154 00000054 C=CODE    S=_TEXT    G=(none)   M=C:\BCC582\LIB\CW32.LIB|strstr ACBP=A9
 0001:0014C1A8 00000037 C=CODE    S=_TEXT    G=(none)   M=C:\BCC582\LIB\CW32.LIB|_stpcpy ACBP=A9
 0001:0014C1E0 00000018 C=CODE    S=_TEXT    G=(none)   M=C:\BCC582\LIB\CW32.LIB|wcslen ACBP=A9
 0001:0014C1F8 0000003F C=CODE    S=_TEXT    G=(none)   M=C:\BCC582\LIB\CW32.LIB|wcscpy ACBP=A9
 0001:0014C238 00000070 C=CODE    S=_TEXT    G=(none)   M=C:\BCC582\LIB\CW32.LIB|xxa ACBP=A9
 0001:0014C2A8 00000844 C=CODE    S=_TEXT    G=(none)   M=C:\BCC582\LIB\CW32.LIB|xxtype ACBP=A9
 0001:0014CAC6 0000005B C=CODE    S=_TEXT    G=(none)   M=C:\BCC582\LIB\CW32.LIB|xxut ACBP=A9
 0001:0014CAF0 0000014F C=CODE    S=_TEXT    G=(none)   M=C:\BCC582\LIB\CW32.LIB|xxv ACBP=A9
 0001:0014CC40 0000000A C=CODE    S=_TEXT    G=(none)   M=C:\BCC582\LIB\CW32.LIB|defhandl ACBP=A9
 0001:0014CC4C 00000199 C=CODE    S=_TEXT    G=(none)   M=C:\BCC582\LIB\CW32.LIB|except ACBP=A9
 0001:0014CDE8 00000046 C=CODE    S=_TEXT    G=(none)   M=C:\BCC582\LIB\CW32.LIB|setexc ACBP=A9
 0001:0014CE30 00000022 C=CODE    S=_TEXT    G=(none)   M=C:\BCC582\LIB\CW32.LIB|ta ACBP=A9
 0001:0014CE54 0000003F C=CODE    S=_TEXT    G=(none)   M=C:\BCC582\LIB\CW32.LIB|__access ACBP=A9
 0001:0014CE94 00000063 C=CODE    S=_TEXT    G=(none)   M=C:\BCC582\LIB\CW32.LIB|__close ACBP=A9
 0001:0014CEF8 00000086 C=CODE    S=_TEXT    G=(none)   M=C:\BCC582\LIB\CW32.LIB|__eof ACBP=A9
 0001:0014CF80 00000047 C=CODE    S=_TEXT    G=(none)   M=C:\BCC582\LIB\CW32.LIB|__isatty ACBP=A9
 0001:0014CFC8 00000076 C=CODE    S=_TEXT    G=(none)   M=C:\BCC582\LIB\CW32.LIB|__lseek ACBP=A9
 0001:0014D040 000001FA C=CODE    S=_TEXT    G=(none)   M=C:\BCC582\LIB\CW32.LIB|__open ACBP=A9
 0001:0014D23C 0000019A C=CODE    S=_TEXT    G=(none)   M=C:\BCC582\LIB\CW32.LIB|__read ACBP=A9
 0001:0014D3D8 000001FA C=CODE    S=_TEXT    G=(none)   M=C:\BCC582\LIB\CW32.LIB|__wopen ACBP=A9
 0001:0014D5D4 000001DA C=CODE    S=_TEXT    G=(none)   M=C:\BCC582\LIB\CW32.LIB|__wread ACBP=A9
 0001:0014D7B0 0000011C C=CODE    S=_TEXT    G=(none)   M=C:\BCC582\LIB\CW32.LIB|__write ACBP=A9
 0001:0014D8CC 00000011 C=CODE    S=_TEXT    G=(none)   M=C:\BCC582\LIB\CW32.LIB|_cfinfo ACBP=A9
 0001:0014D8E0 00000075 C=CODE    S=_TEXT    G=(none)   M=C:\BCC582\LIB\CW32.LIB|_read ACBP=A9
 0001:0014D955 00000017 C=CODE    S=_TEXT    G=(none)   M=C:\BCC582\LIB\CW32.LIB|_umask ACBP=A9
 0001:0014D958 00000061 C=CODE    S=_TEXT    G=(none)   M=C:\BCC582\LIB\CW32.LIB|_write ACBP=A9
 0001:0014D9BC 0000007D C=CODE    S=_TEXT    G=(none)   M=C:\BCC582\LIB\CW32.LIB|allocbuf ACBP=A9
 0001:0014DA3C 0000008E C=CODE    S=_TEXT    G=(none)   M=C:\BCC582\LIB\CW32.LIB|fclose ACBP=A9
 0001:0014DACC 0000007F C=CODE    S=_TEXT    G=(none)   M=C:\BCC582\LIB\CW32.LIB|fflush ACBP=A9
 0001:0014DB4C 0000001E C=CODE    S=_TEXT    G=(none)   M=C:\BCC582\LIB\CW32.LIB|fgetpos ACBP=A9
 0001:0014DB6C 0000005A C=CODE    S=_TEXT    G=(none)   M=C:\BCC582\LIB\CW32.LIB|flushout ACBP=A9
 0001:0014DBC8 00000023 C=CODE    S=_TEXT    G=(none)   M=C:\BCC582\LIB\CW32.LIB|fmodeptr ACBP=A9
 0001:0014DBEC 000001DD C=CODE    S=_TEXT    G=(none)   M=C:\BCC582\LIB\CW32.LIB|fopen ACBP=A9
 0001:0014DDCC 00000022 C=CODE    S=_TEXT    G=(none)   M=C:\BCC582\LIB\CW32.LIB|fprintf ACBP=A9
 0001:0014DDF0 000000DB C=CODE    S=_TEXT    G=(none)   M=C:\BCC582\LIB\CW32.LIB|fputn ACBP=A9
 0001:0014DECC 00000056 C=CODE    S=_TEXT    G=(none)   M=C:\BCC582\LIB\CW32.LIB|fputs ACBP=A9
 0001:0014DF24 00000167 C=CODE    S=_TEXT    G=(none)   M=C:\BCC582\LIB\CW32.LIB|fread ACBP=A9
 0001:0014E08C 0000002E C=CODE    S=_TEXT    G=(none)   M=C:\BCC582\LIB\CW32.LIB|freopen ACBP=A9
 0001:0014E0BC 00000140 C=CODE    S=_TEXT    G=(none)   M=C:\BCC582\LIB\CW32.LIB|fseek ACBP=A9
 0001:0014E1FC 00000019 C=CODE    S=_TEXT    G=(none)   M=C:\BCC582\LIB\CW32.LIB|fsetpos ACBP=A9
 0001:0014E218 00000031 C=CODE    S=_TEXT    G=(none)   M=C:\BCC582\LIB\CW32.LIB|fwrite ACBP=A9
 0001:0014E24C 000002B9 C=CODE    S=_TEXT    G=(none)   M=C:\BCC582\LIB\CW32.LIB|handles ACBP=A9
 0001:0014E508 00000076 C=CODE    S=_TEXT    G=(none)   M=C:\BCC582\LIB\CW32.LIB|ioerror ACBP=A9
 0001:0014E580 000001A5 C=CODE    S=_TEXT    G=(none)   M=C:\BCC582\LIB\CW32.LIB|lgetc ACBP=A9
 0001:0014E728 000001A9 C=CODE    S=_TEXT    G=(none)   M=C:\BCC582\LIB\CW32.LIB|lgetwc ACBP=A9
 0001:0014E8D4 00000112 C=CODE    S=_TEXT    G=(none)   M=C:\BCC582\LIB\CW32.LIB|lputc ACBP=A9
 0001:0014E9E8 00000144 C=CODE    S=_TEXT    G=(none)   M=C:\BCC582\LIB\CW32.LIB|lputwc ACBP=A9
 0001:0014EB2C 00000091 C=CODE    S=_TEXT    G=(none)   M=C:\BCC582\LIB\CW32.LIB|mkname ACBP=A9
 0001:0014EBBD 00000079 C=CODE    S=_TEXT    G=(none)   M=C:\BCC582\LIB\CW32.LIB|perror ACBP=A9
 0001:0014EBC0 00000023 C=CODE    S=_TEXT    G=(none)   M=C:\BCC582\LIB\CW32.LIB|printf ACBP=A9
 0001:0014EBE4 00000010 C=CODE    S=_TEXT    G=(none)   M=C:\BCC582\LIB\CW32.LIB|remove ACBP=A9
 0001:0014EBF4 0000006E C=CODE    S=_TEXT    G=(none)   M=C:\BCC582\LIB\CW32.LIB|setmode ACBP=A9
 0001:0014EC64 0000004D C=CODE    S=_TEXT    G=(none)   M=C:\BCC582\LIB\CW32.LIB|setvbuf ACBP=A9
 0001:0014ECB4 00000078 C=CODE    S=_TEXT    G=(none)   M=C:\BCC582\LIB\CW32.LIB|sprintf ACBP=A9
 0001:0014ED2C 00000101 C=CODE    S=_TEXT    G=(none)   M=C:\BCC582\LIB\CW32.LIB|streams ACBP=A9
 0001:0014EE30 00000050 C=CODE    S=_TEXT    G=(none)   M=C:\BCC582\LIB\CW32.LIB|ungetc ACBP=A9
 0001:0014EE80 0000005C C=CODE    S=_TEXT    G=(none)   M=C:\BCC582\LIB\CW32.LIB|ungetwc ACBP=A9
 0001:0014EEDC 0000001A C=CODE    S=_TEXT    G=(none)   M=C:\BCC582\LIB\CW32.LIB|unlink ACBP=A9
 0001:0014EEF8 00000A2A C=CODE    S=_TEXT    G=(none)   M=C:\BCC582\LIB\CW32.LIB|vprinter ACBP=A9
 0001:0014F924 000001CD C=CODE    S=_TEXT    G=(none)   M=C:\BCC582\LIB\CW32.LIB|wfopen ACBP=A9
 0001:0014FAF4 0000001A C=CODE    S=_TEXT    G=(none)   M=C:\BCC582\LIB\CW32.LIB|wunlink ACBP=A9
 0001:0014FB10 0000002E C=CODE    S=_TEXT    G=(none)   M=C:\BCC582\LIB\CW32.LIB|xfclose ACBP=A9
 0001:0014FB40 00000027 C=CODE    S=_TEXT    G=(none)   M=C:\BCC582\LIB\CW32.LIB|xfflush ACBP=A9
 0001:0014FB67 00000006 C=CODE    S=_TEXT    G=(none)   M=C:\BCC582\LIB\CW32.LIB|cconv ACBP=A9
 0001:0014FB68 000002CC C=CODE    S=_TEXT    G=(none)   M=C:\BCC582\LIB\CW32.LIB|convt ACBP=A9
 0001:0014FE34 00000051 C=CODE    S=_TEXT    G=(none)   M=C:\BCC582\LIB\CW32.LIB|getinfo ACBP=A9
 0001:0014FE88 00000102 C=CODE    S=_TEXT    G=(none)   M=C:\BCC582\LIB\CW32.LIB|is ACBP=A9
 0001:0014FF8C 00000103 C=CODE    S=_TEXT    G=(none)   M=C:\BCC582\LIB\CW32.LIB|wis ACBP=A9
 0001:00150090 00000043 C=CODE    S=_TEXT    G=(none)   M=C:\BCC582\LIB\CW32.LIB|isctype ACBP=A9
 0001:001500D4 00000055 C=CODE    S=_TEXT    G=(none)   M=C:\BCC582\LIB\CW32.LIB|iswctype ACBP=A9
 0001:0015012C 00001187 C=CODE    S=_TEXT    G=(none)   M=C:\BCC582\LIB\CW32.LIB|locale ACBP=A9
 0001:001512B4 00000816 C=CODE    S=_TEXT    G=(none)   M=C:\BCC582\LIB\CW32.LIB|initcat ACBP=A9
 0001:00151ACC 00000097 C=CODE    S=_TEXT    G=(none)   M=C:\BCC582\LIB\CW32.LIB|lconv ACBP=A9
 0001:00151B64 00000024 C=CODE    S=_TEXT    G=(none)   M=C:\BCC582\LIB\CW32.LIB|lstrlwr ACBP=A9
 0001:00151B88 00000054 C=CODE    S=_TEXT    G=(none)   M=C:\BCC582\LIB\CW32.LIB|ltolower ACBP=A9
 0001:00151BDC 00000054 C=CODE    S=_TEXT    G=(none)   M=C:\BCC582\LIB\CW32.LIB|ltoupper ACBP=A9
 0001:00151C30 000004E6 C=CODE    S=_TEXT    G=(none)   M=C:\BCC582\LIB\CW32.LIB|mbyte1 ACBP=A9
 0001:00152118 00000016 C=CODE    S=_TEXT    G=(none)   M=C:\BCC582\LIB\CW32.LIB|lsetlocl ACBP=A9
 0001:00152130 00000200 C=CODE    S=_TEXT    G=(none)   M=C:\BCC582\LIB\CW32.LIB|_ll ACBP=A9
 0001:00152330 0000001D C=CODE    S=_TEXT    G=(none)   M=C:\BCC582\LIB\CW32.LIB|_finite ACBP=A9
 0001:00152350 0000002D C=CODE    S=_TEXT    G=(none)   M=C:\BCC582\LIB\CW32.LIB|_finitel ACBP=A9
 0001:00152380 0000002B C=CODE    S=_TEXT    G=(none)   M=C:\BCC582\LIB\CW32.LIB|_ftoul ACBP=A9
 0001:001523AC 00000045 C=CODE    S=_TEXT    G=(none)   M=C:\BCC582\LIB\CW32.LIB|_isnan ACBP=A9
 0001:001523F4 00000049 C=CODE    S=_TEXT    G=(none)   M=C:\BCC582\LIB\CW32.LIB|_isnanl ACBP=A9
 0001:00152440 00000008 C=CODE    S=_TEXT    G=(none)   M=C:\BCC582\LIB\CW32.LIB|_ltoa1 ACBP=A9
 0001:00152448 000000B0 C=CODE    S=_TEXT    G=(none)   M=C:\BCC582\LIB\CW32.LIB|_matherr ACBP=A9
 0001:001524F8 00000188 C=CODE    S=_TEXT    G=(none)   M=C:\BCC582\LIB\CW32.LIB|_pow10 ACBP=A9
 0001:00152680 00000013 C=CODE    S=_TEXT    G=(none)   M=C:\BCC582\LIB\CW32.LIB|atof ACBP=A9
 0001:00152694 00000077 C=CODE    S=_TEXT    G=(none)   M=C:\BCC582\LIB\CW32.LIB|atol ACBP=A9
 0001:0015270C 0000001C C=CODE    S=_TEXT    G=(none)   M=C:\BCC582\LIB\CW32.LIB|ceil ACBP=A9
 0001:00152728 00000013 C=CODE    S=_TEXT    G=(none)   M=C:\BCC582\LIB\CW32.LIB|clear87 ACBP=A9
 0001:0015273C 0000003F C=CODE    S=_TEXT    G=(none)   M=C:\BCC582\LIB\CW32.LIB|cos ACBP=A9
 0001:0015277C 0000002F C=CODE    S=_TEXT    G=(none)   M=C:\BCC582\LIB\CW32.LIB|ctrl87 ACBP=A9
 0001:001527AC 00000018 C=CODE    S=_TEXT    G=(none)   M=C:\BCC582\LIB\CW32.LIB|cvtentry ACBP=A9
 0001:001527C4 00000018 C=CODE    S=_TEXT    G=(none)   M=C:\BCC582\LIB\CW32.LIB|cvtfak ACBP=A9
 0001:001527DC 00000018 C=CODE    S=_TEXT    G=(none)   M=C:\BCC582\LIB\CW32.LIB|cvtfakw ACBP=A9
 0001:001527F4 0000006C C=CODE    S=_TEXT    G=(none)   M=C:\BCC582\LIB\CW32.LIB|exp ACBP=A9
 0001:00152860 000000CD C=CODE    S=_TEXT    G=(none)   M=C:\BCC582\LIB\CW32.LIB|f87exp ACBP=A9
 0001:00152930 00000048 C=CODE    S=_TEXT    G=(none)   M=C:\BCC582\LIB\CW32.LIB|f87log ACBP=A9
 0001:00152978 0000000D C=CODE    S=_TEXT    G=(none)   M=C:\BCC582\LIB\CW32.LIB|fabs ACBP=A9
 0001:00152988 0000001C C=CODE    S=_TEXT    G=(none)   M=C:\BCC582\LIB\CW32.LIB|floor ACBP=A9
 0001:001529A4 0000004D C=CODE    S=_TEXT    G=(none)   M=C:\BCC582\LIB\CW32.LIB|fmod ACBP=A9
 0001:001529F4 00000016 C=CODE    S=_TEXT    G=(none)   M=C:\BCC582\LIB\CW32.LIB|fpreset ACBP=A9
 0001:00152A0C 00000035 C=CODE    S=_TEXT    G=(none)   M=C:\BCC582\LIB\CW32.LIB|frexp ACBP=A9
 0001:00152A44 0000002D C=CODE    S=_TEXT    G=(none)   M=C:\BCC582\LIB\CW32.LIB|ftol ACBP=A9
 0001:00152A74 0000002D C=CODE    S=_TEXT    G=(none)   M=C:\BCC582\LIB\CW32.LIB|fuildq ACBP=A9
 0001:00152AA4 00000021 C=CODE    S=_TEXT    G=(none)   M=C:\BCC582\LIB\CW32.LIB|fuistq ACBP=A9
 0001:00152AC8 00000011 C=CODE    S=_TEXT    G=(none)   M=C:\BCC582\LIB\CW32.LIB|fxam ACBP=A9
 0001:00152ADC 000000B1 C=CODE    S=_TEXT    G=(none)   M=C:\BCC582\LIB\CW32.LIB|int64toa ACBP=A9
 0001:00152B90 00000117 C=CODE    S=_TEXT    G=(none)   M=C:\BCC582\LIB\CW32.LIB|ldtrunc ACBP=A9
 0001:00152CA8 0000006D C=CODE    S=_TEXT    G=(none)   M=C:\BCC582\LIB\CW32.LIB|log ACBP=A9
 0001:00152D18 0000006D C=CODE    S=_TEXT    G=(none)   M=C:\BCC582\LIB\CW32.LIB|log10 ACBP=A9
 0001:00152D88 0000008F C=CODE    S=_TEXT    G=(none)   M=C:\BCC582\LIB\CW32.LIB|longtoa ACBP=A9
 0001:00152E18 00000075 C=CODE    S=_TEXT    G=(none)   M=C:\BCC582\LIB\CW32.LIB|ltoa1 ACBP=A9
 0001:00152E90 0000002E C=CODE    S=_TEXT    G=(none)   M=C:\BCC582\LIB\CW32.LIB|matherrl ACBP=A9
 0001:00152EC0 00000019 C=CODE    S=_TEXT    G=(none)   M=C:\BCC582\LIB\CW32.LIB|mathptr ACBP=A9
 0001:00152EDC 00000030 C=CODE    S=_TEXT    G=(none)   M=C:\BCC582\LIB\CW32.LIB|modf ACBP=A9
 0001:00152F0C 00000030 C=CODE    S=_TEXT    G=(none)   M=C:\BCC582\LIB\CW32.LIB|modfl ACBP=A9
 0001:00152F3C 000001DC C=CODE    S=_TEXT    G=(none)   M=C:\BCC582\LIB\CW32.LIB|pow ACBP=A9
 0001:00153118 00000025 C=CODE    S=_TEXT    G=(none)   M=C:\BCC582\LIB\CW32.LIB|qdiv10 ACBP=A9
 0001:00153140 0000002E C=CODE    S=_TEXT    G=(none)   M=C:\BCC582\LIB\CW32.LIB|qmul10 ACBP=A9
 0001:00153170 000002F9 C=CODE    S=_TEXT    G=(none)   M=C:\BCC582\LIB\CW32.LIB|realcvt ACBP=A9
 0001:0015346C 00000335 C=CODE    S=_TEXT    G=(none)   M=C:\BCC582\LIB\CW32.LIB|realcvtw ACBP=A9
 0001:001537A4 0000002C C=CODE    S=_TEXT    G=(none)   M=C:\BCC582\LIB\CW32.LIB|round ACBP=A9
 0001:001537D0 000004E9 C=CODE    S=_TEXT    G=(none)   M=C:\BCC582\LIB\CW32.LIB|scantod ACBP=A9
 0001:00153CBC 000004E9 C=CODE    S=_TEXT    G=(none)   M=C:\BCC582\LIB\CW32.LIB|scanwtod ACBP=A9
 0001:001541A8 0000003F C=CODE    S=_TEXT    G=(none)   M=C:\BCC582\LIB\CW32.LIB|sin ACBP=A9
 0001:001541E8 0000003A C=CODE    S=_TEXT    G=(none)   M=C:\BCC582\LIB\CW32.LIB|sqrt ACBP=A9
 0001:00154224 000000C1 C=CODE    S=_TEXT    G=(none)   M=C:\BCC582\LIB\CW32.LIB|strtod ACBP=A9
 0001:001542E8 000002D4 C=CODE    S=_TEXT    G=(none)   M=C:\BCC582\LIB\CW32.LIB|xcvt ACBP=A9
 0001:001545BC 000002F3 C=CODE    S=_TEXT    G=(none)   M=C:\BCC582\LIB\CW32.LIB|xcvtw ACBP=A9
 0001:001548B0 0000014D C=CODE    S=_TEXT    G=(none)   M=C:\BCC582\LIB\CW32.LIB|mbctype ACBP=A9
 0001:00154A00 0000001A C=CODE    S=_TEXT    G=(none)   M=C:\BCC582\LIB\CW32.LIB|mbisspc ACBP=A9
 0001:00154A1C 00000058 C=CODE    S=_TEXT    G=(none)   M=C:\BCC582\LIB\CW32.LIB|mbsrchr ACBP=A9
 0001:00154A74 000000A6 C=CODE    S=_TEXT    G=(none)   M=C:\BCC582\LIB\CW32.LIB|assert ACBP=A9
 0001:00154B1C 000000BA C=CODE    S=_TEXT    G=(none)   M=C:\BCC582\LIB\CW32.LIB|ermsghlp ACBP=A9
 0001:00154BD8 00000006 C=CODE    S=_TEXT    G=(none)   M=C:\BCC582\LIB\CW32.LIB|errno ACBP=A9
 0001:00154BE0 0000019B C=CODE    S=_TEXT    G=(none)   M=C:\BCC582\LIB\CW32.LIB|errormsg ACBP=A9
 0001:00154D7C 00000089 C=CODE    S=_TEXT    G=(none)   M=C:\BCC582\LIB\CW32.LIB|platform ACBP=A9
 0001:00154E08 00000236 C=CODE    S=_TEXT    G=(none)   M=C:\BCC582\LIB\CW32.LIB|qsort ACBP=A9
 0001:00155040 00000022 C=CODE    S=_TEXT    G=(none)   M=C:\BCC582\LIB\CW32.LIB|abort ACBP=A9
 0001:00155064 000000A7 C=CODE    S=_TEXT    G=(none)   M=C:\BCC582\LIB\CW32.LIB|exit ACBP=A9
 0001:0015510C 0000001A C=CODE    S=_TEXT    G=(none)   M=C:\BCC582\LIB\CW32.LIB|initwild ACBP=A9
 0001:00155128 00000011 C=CODE    S=_TEXT    G=(none)   M=C:\BCC582\LIB\CW32.LIB|exparg ACBP=A9
 0001:0015513C 00000011 C=CODE    S=_TEXT    G=(none)   M=C:\BCC582\LIB\CW32.LIB|wexparg ACBP=A9
 0001:00155150 00000027 C=CODE    S=_TEXT    G=(none)   M=C:\BCC582\LIB\CW32.LIB|initargv ACBP=A9
 0001:00155178 0000016C C=CODE    S=_TEXT    G=(none)   M=C:\BCC582\LIB\CW32.LIB|setargv ACBP=A9
 0001:001552E4 000001E5 C=CODE    S=_TEXT    G=(none)   M=C:\BCC582\LIB\CW32.LIB|hsargv ACBP=A9
 0001:001554CC 00000227 C=CODE    S=_TEXT    G=(none)   M=C:\BCC582\LIB\CW32.LIB|whsargv ACBP=A9
 0001:001556F4 00000045 C=CODE    S=_TEXT    G=(none)   M=C:\BCC582\LIB\CW32.LIB|setargv0 ACBP=A9
 0001:0015573C 000000A9 C=CODE    S=_TEXT    G=(none)   M=C:\BCC582\LIB\CW32.LIB|setjmp ACBP=A9
 0001:001557E8 000001A0 C=CODE    S=_TEXT    G=(none)   M=C:\BCC582\LIB\CW32.LIB|setenvp ACBP=A9
 0001:00155988 000002FA C=CODE    S=_TEXT    G=(none)   M=C:\BCC582\LIB\CW32.LIB|signal ACBP=A9
 0001:00155C84 00000157 C=CODE    S=_TEXT    G=(none)   M=C:\BCC582\LIB\CW32.LIB|initexit ACBP=A9
 0001:00155DDC 000001A4 C=CODE    S=_TEXT    G=(none)   M=C:\BCC582\LIB\CW32.LIB|startup ACBP=A9
 0001:00155F80 0000004F C=CODE    S=_TEXT    G=(none)   M=C:\BCC582\LIB\CW32.LIB|tlsstat ACBP=A9
 0001:00155FD0 00001BD0 C=CODE    S=_TEXT    G=(none)   M=C:\BCC582\LIB\CW32.LIB|xx ACBP=A9
 0002:00000000 000000A4 C=DATA    S=_DATA    G=DGROUP   M=C:\BCC582\LIB\C0W32.OBJ ACBP=A9
 0002:000000A4 00004A5C C=DATA    S=_DATA    G=DGROUP   M=C:\DES\FIVEWIN\DBFQUERY\PRINCIPAL.OBJ ACBP=A9
 0002:00004B00 0002C34C C=DATA    S=_DATA    G=DGROUP   M=C:\DES\FIVEWIN\DBFQUERY\XBROWSE.OBJ ACBP=A9
 0002:00030E4C 000055FC C=DATA    S=_DATA    G=DGROUP   M=C:\FWH1312\LIB\FIVEH.LIB|ADOFUNCS ACBP=A9
 0002:00036448 00000B94 C=DATA    S=_DATA    G=DGROUP   M=C:\FWH1312\LIB\FIVEH.LIB|ALERT ACBP=A9
 0002:00036FDC 00003EEC C=DATA    S=_DATA    G=DGROUP   M=C:\FWH1312\LIB\FIVEH.LIB|BITMAP ACBP=A9
 0002:0003AEC8 0000297C C=DATA    S=_DATA    G=DGROUP   M=C:\FWH1312\LIB\FIVEH.LIB|BRUSH ACBP=A9
 0002:0003D844 000017B4 C=DATA    S=_DATA    G=DGROUP   M=C:\FWH1312\LIB\FIVEH.LIB|BUTTON ACBP=A9
 0002:0003EFF8 00001334 C=DATA    S=_DATA    G=DGROUP   M=C:\FWH1312\LIB\FIVEH.LIB|BUTTONB ACBP=A9
 0002:0004032C 0000190C C=DATA    S=_DATA    G=DGROUP   M=C:\FWH1312\LIB\FIVEH.LIB|CHECKBOX ACBP=A9
 0002:00041C38 000003E8 C=DATA    S=_DATA    G=DGROUP   M=C:\FWH1312\LIB\FIVEH.LIB|CHECKRES ACBP=A9
 0002:00042020 000009D4 C=DATA    S=_DATA    G=DGROUP   M=C:\FWH1312\LIB\FIVEH.LIB|CLIPBRD ACBP=A9
 0002:000429F4 000038F0 C=DATA    S=_DATA    G=DGROUP   M=C:\FWH1312\LIB\FIVEH.LIB|COMBOBOX ACBP=A9
 0002:000462E4 00006134 C=DATA    S=_DATA    G=DGROUP   M=C:\FWH1312\LIB\FIVEH.LIB|CONTROL ACBP=A9
 0002:0004C418 000008A0 C=DATA    S=_DATA    G=DGROUP   M=C:\FWH1312\LIB\FIVEH.LIB|CURSOR ACBP=A9
 0002:0004CCB8 000064E8 C=DATA    S=_DATA    G=DGROUP   M=C:\FWH1312\LIB\FIVEH.LIB|DATABASE ACBP=A9
 0002:000531A0 00004BBC C=DATA    S=_DATA    G=DGROUP   M=C:\FWH1312\LIB\FIVEH.LIB|DATAROW ACBP=A9
 0002:00057D5C 000003BC C=DATA    S=_DATA    G=DGROUP   M=C:\FWH1312\LIB\FIVEH.LIB|DBTOOLS ACBP=A9
 0002:00058118 00000A34 C=DATA    S=_DATA    G=DGROUP   M=C:\FWH1312\LIB\FIVEH.LIB|DDE ACBP=A9
 0002:00058B4C 00003FD4 C=DATA    S=_DATA    G=DGROUP   M=C:\FWH1312\LIB\FIVEH.LIB|DIALOG ACBP=A9
 0002:0005CB20 00000670 C=DATA    S=_DATA    G=DGROUP   M=C:\FWH1312\LIB\FIVEH.LIB|DLGFIND ACBP=A9
 0002:0005D190 0000087C C=DATA    S=_DATA    G=DGROUP   M=C:\FWH1312\LIB\FIVEH.LIB|DLGS32 ACBP=A9
 0002:0005DA0C 000002FC C=DATA    S=_DATA    G=DGROUP   M=C:\FWH1312\LIB\FIVEH.LIB|DRAWBMP ACBP=A9
 0002:0005DD08 0000218C C=DATA    S=_DATA    G=DGROUP   M=C:\FWH1312\LIB\FIVEH.LIB|ERRSYSW ACBP=A9
 0002:0005FE94 00010EE0 C=DATA    S=_DATA    G=DGROUP   M=C:\FWH1312\LIB\FIVEH.LIB|FGET ACBP=A9
 0002:00070D74 00000FBC C=DATA    S=_DATA    G=DGROUP   M=C:\FWH1312\LIB\FIVEH.LIB|FILENAME ACBP=A9
 0002:00071D30 000004E0 C=DATA    S=_DATA    G=DGROUP   M=C:\FWH1312\LIB\FIVEH.LIB|FLINE ACBP=A9
 0002:00072210 00002960 C=DATA    S=_DATA    G=DGROUP   M=C:\FWH1312\LIB\FIVEH.LIB|FONT ACBP=A9
 0002:00074B70 00000390 C=DATA    S=_DATA    G=DGROUP   M=C:\FWH1312\LIB\FIVEH.LIB|FWDECODE ACBP=A9
 0002:00074F00 0000032C C=DATA    S=_DATA    G=DGROUP   M=C:\FWH1312\LIB\FIVEH.LIB|FWERROR ACBP=A9
 0002:0007522C 0000093C C=DATA    S=_DATA    G=DGROUP   M=C:\FWH1312\LIB\FIVEH.LIB|GETTASKS ACBP=A9
 0002:00075B68 00000798 C=DATA    S=_DATA    G=DGROUP   M=C:\FWH1312\LIB\FIVEH.LIB|GETSYSIN ACBP=A9
 0002:00076300 00001A64 C=DATA    S=_DATA    G=DGROUP   M=C:\FWH1312\LIB\FIVEH.LIB|GTF ACBP=A9
 0002:00077D64 0000093C C=DATA    S=_DATA    G=DGROUP   M=C:\FWH1312\LIB\FIVEH.LIB|HELP32 ACBP=A9
 0002:000786A0 000008E0 C=DATA    S=_DATA    G=DGROUP   M=C:\FWH1312\LIB\FIVEH.LIB|HELPCHM ACBP=A9
 0002:00078F80 00001240 C=DATA    S=_DATA    G=DGROUP   M=C:\FWH1312\LIB\FIVEH.LIB|GROUP ACBP=A9
 0002:0007A1C0 00000E80 C=DATA    S=_DATA    G=DGROUP   M=C:\FWH1312\LIB\FIVEH.LIB|ICON ACBP=A9
 0002:0007B040 00002EDC C=DATA    S=_DATA    G=DGROUP   M=C:\FWH1312\LIB\FIVEH.LIB|IMAGE ACBP=A9
 0002:0007DF1C 00000A34 C=DATA    S=_DATA    G=DGROUP   M=C:\FWH1312\LIB\FIVEH.LIB|INI ACBP=A9
 0002:0007E950 00002984 C=DATA    S=_DATA    G=DGROUP   M=C:\FWH1312\LIB\FIVEH.LIB|LISTBOX ACBP=A9
 0002:000812D4 00000F38 C=DATA    S=_DATA    G=DGROUP   M=C:\FWH1312\LIB\FIVEH.LIB|LINKLIST ACBP=A9
 0002:0008220C 00001C28 C=DATA    S=_DATA    G=DGROUP   M=C:\FWH1312\LIB\FIVEH.LIB|MDICHILD ACBP=A9
 0002:00083E34 00001348 C=DATA    S=_DATA    G=DGROUP   M=C:\FWH1312\LIB\FIVEH.LIB|MDICLIEN ACBP=A9
 0002:0008517C 000019E8 C=DATA    S=_DATA    G=DGROUP   M=C:\FWH1312\LIB\FIVEH.LIB|MDIFRAME ACBP=A9
 0002:00086B64 00001E4C C=DATA    S=_DATA    G=DGROUP   M=C:\FWH1312\LIB\FIVEH.LIB|MEMOEDIT ACBP=A9
 0002:000889B0 00004C68 C=DATA    S=_DATA    G=DGROUP   M=C:\FWH1312\LIB\FIVEH.LIB|MENU ACBP=A9
 0002:0008D618 00002404 C=DATA    S=_DATA    G=DGROUP   M=C:\FWH1312\LIB\FIVEH.LIB|MENUITEM ACBP=A9
 0002:0008FA1C 00000FE8 C=DATA    S=_DATA    G=DGROUP   M=C:\FWH1312\LIB\FIVEH.LIB|METER ACBP=A9
 0002:00090A04 0000376C C=DATA    S=_DATA    G=DGROUP   M=C:\FWH1312\LIB\FIVEH.LIB|MGET ACBP=A9
 0002:00094170 000032E4 C=DATA    S=_DATA    G=DGROUP   M=C:\FWH1312\LIB\FIVEH.LIB|MSGBAR ACBP=A9
 0002:00097454 000014AC C=DATA    S=_DATA    G=DGROUP   M=C:\FWH1312\LIB\FIVEH.LIB|MSGMETER ACBP=A9
 0002:00098900 000004B0 C=DATA    S=_DATA    G=DGROUP   M=C:\FWH1312\LIB\FIVEH.LIB|MSGRUN ACBP=A9
 0002:00098DB0 00000164 C=DATA    S=_DATA    G=DGROUP   M=C:\FWH1312\LIB\FIVEH.LIB|ODATA ACBP=A9
 0002:00098F14 00000D20 C=DATA    S=_DATA    G=DGROUP   M=C:\FWH1312\LIB\FIVEH.LIB|OLEFUNCS ACBP=A9
 0002:00099C34 000005E0 C=DATA    S=_DATA    G=DGROUP   M=C:\FWH1312\LIB\FIVEH.LIB|PDMENU ACBP=A9
 0002:0009A214 00000478 C=DATA    S=_DATA    G=DGROUP   M=C:\FWH1312\LIB\FIVEH.LIB|PDREPORT ACBP=A9
 0002:0009A68C 000004F0 C=DATA    S=_DATA    G=DGROUP   M=C:\FWH1312\LIB\FIVEH.LIB|PEN ACBP=A9
 0002:0009AB7C 000043C4 C=DATA    S=_DATA    G=DGROUP   M=C:\FWH1312\LIB\FIVEH.LIB|PRINTER ACBP=A9
 0002:0009EF40 00001C28 C=DATA    S=_DATA    G=DGROUP   M=C:\FWH1312\LIB\FIVEH.LIB|PRV2PDF ACBP=A9
 0002:000A0B68 00001644 C=DATA    S=_DATA    G=DGROUP   M=C:\FWH1312\LIB\FIVEH.LIB|RADIO ACBP=A9
 0002:000A21AC 00001280 C=DATA    S=_DATA    G=DGROUP   M=C:\FWH1312\LIB\FIVEH.LIB|RADMENU ACBP=A9
 0002:000A342C 00001DF8 C=DATA    S=_DATA    G=DGROUP   M=C:\FWH1312\LIB\FIVEH.LIB|RCOLUMN ACBP=A9
 0002:000A5224 00000658 C=DATA    S=_DATA    G=DGROUP   M=C:\FWH1312\LIB\FIVEH.LIB|REBAR ACBP=A9
 0002:000A587C 00000DA0 C=DATA    S=_DATA    G=DGROUP   M=C:\FWH1312\LIB\FIVEH.LIB|RFILE ACBP=A9
 0002:000A661C 0000111C C=DATA    S=_DATA    G=DGROUP   M=C:\FWH1312\LIB\FIVEH.LIB|RGROUP ACBP=A9
 0002:000A7738 00000DD4 C=DATA    S=_DATA    G=DGROUP   M=C:\FWH1312\LIB\FIVEH.LIB|RLINE ACBP=A9
 0002:000A850C 00000948 C=DATA    S=_DATA    G=DGROUP   M=C:\FWH1312\LIB\FIVEH.LIB|RECT ACBP=A9
 0002:000A8E54 00000BFC C=DATA    S=_DATA    G=DGROUP   M=C:\FWH1312\LIB\FIVEH.LIB|REG32 ACBP=A9
 0002:000A9A50 000083DC C=DATA    S=_DATA    G=DGROUP   M=C:\FWH1312\LIB\FIVEH.LIB|REPORT ACBP=A9
 0002:000B1E2C 00008E44 C=DATA    S=_DATA    G=DGROUP   M=C:\FWH1312\LIB\FIVEH.LIB|RPREVIEW ACBP=A9
 0002:000BAC70 0000179C C=DATA    S=_DATA    G=DGROUP   M=C:\FWH1312\LIB\FIVEH.LIB|SAY ACBP=A9
 0002:000BC40C 0000515C C=DATA    S=_DATA    G=DGROUP   M=C:\FWH1312\LIB\FIVEH.LIB|SCINTILA ACBP=A9
 0002:000C1568 00001940 C=DATA    S=_DATA    G=DGROUP   M=C:\FWH1312\LIB\FIVEH.LIB|SCRLLBAR ACBP=A9
 0002:000C2EA8 00000FEC C=DATA    S=_DATA    G=DGROUP   M=C:\FWH1312\LIB\FIVEH.LIB|STATUSBA ACBP=A9
 0002:000C3E94 00007348 C=DATA    S=_DATA    G=DGROUP   M=C:\FWH1312\LIB\FIVEH.LIB|STRINGS ACBP=A9
 0002:000CB1DC 00000624 C=DATA    S=_DATA    G=DGROUP   M=C:\FWH1312\LIB\FIVEH.LIB|TACCTBL ACBP=A9
 0002:000CB800 00000270 C=DATA    S=_DATA    G=DGROUP   M=C:\FWH1312\LIB\FIVEH.LIB|TCLIPGET ACBP=A9
 0002:000CBA70 000013DC C=DATA    S=_DATA    G=DGROUP   M=C:\FWH1312\LIB\FIVEH.LIB|TDTPICKE ACBP=A9
 0002:000CCE4C 00006F18 C=DATA    S=_DATA    G=DGROUP   M=C:\FWH1312\LIB\FIVEH.LIB|TGET ACBP=A9
 0002:000D3D64 0000167C C=DATA    S=_DATA    G=DGROUP   M=C:\FWH1312\LIB\FIVEH.LIB|TOOLBAR ACBP=A9
 0002:000D53E0 000007C4 C=DATA    S=_DATA    G=DGROUP   M=C:\FWH1312\LIB\FIVEH.LIB|TIMAGLST ACBP=A9
 0002:000D5BA4 00000788 C=DATA    S=_DATA    G=DGROUP   M=C:\FWH1312\LIB\FIVEH.LIB|TIMER ACBP=A9
 0002:000D632C 00001E10 C=DATA    S=_DATA    G=DGROUP   M=C:\FWH1312\LIB\FIVEH.LIB|TLISTVIE ACBP=A9
 0002:000D813C 00000954 C=DATA    S=_DATA    G=DGROUP   M=C:\FWH1312\LIB\FIVEH.LIB|TMAIL ACBP=A9
 0002:000D8A90 00001B74 C=DATA    S=_DATA    G=DGROUP   M=C:\FWH1312\LIB\FIVEH.LIB|TMETAFIL ACBP=A9
 0002:000DA604 00001F54 C=DATA    S=_DATA    G=DGROUP   M=C:\FWH1312\LIB\FIVEH.LIB|TMSGITEM ACBP=A9
 0002:000DC558 00001AF0 C=DATA    S=_DATA    G=DGROUP   M=C:\FWH1312\LIB\FIVEH.LIB|TREEITEM ACBP=A9
 0002:000DE048 00000744 C=DATA    S=_DATA    G=DGROUP   M=C:\FWH1312\LIB\FIVEH.LIB|TREES ACBP=A9
 0002:000DE78C 00005804 C=DATA    S=_DATA    G=DGROUP   M=C:\FWH1312\LIB\FIVEH.LIB|TRICHEDI ACBP=A9
 0002:000E3F90 00000EA4 C=DATA    S=_DATA    G=DGROUP   M=C:\FWH1312\LIB\FIVEH.LIB|TSTRUCT ACBP=A9
 0002:000E4E34 00001214 C=DATA    S=_DATA    G=DGROUP   M=C:\FWH1312\LIB\FIVEH.LIB|TTMPICKE ACBP=A9
 0002:000E6048 00000D6C C=DATA    S=_DATA    G=DGROUP   M=C:\FWH1312\LIB\FIVEH.LIB|VALBLANK ACBP=A9
 0002:000E6DB4 000016E0 C=DATA    S=_DATA    G=DGROUP   M=C:\FWH1312\LIB\FIVEH.LIB|VALTOSTR ACBP=A9
 0002:000E8494 0000C7BC C=DATA    S=_DATA    G=DGROUP   M=C:\FWH1312\LIB\FIVEH.LIB|WINDOW ACBP=A9
 0002:000F4C50 000000F0 C=DATA    S=_DATA    G=DGROUP   M=C:\FWH1312\LIB\FIVEH.LIB|WQOUT ACBP=A9
 0002:000F4D40 00001AE0 C=DATA    S=_DATA    G=DGROUP   M=C:\FWH1312\LIB\FIVEH.LIB|XBROWSER ACBP=A9
 0002:000F6820 00000228 C=DATA    S=_DATA    G=DGROUP   M=C:\FWH1312\LIB\FIVEH.LIB|XPAD ACBP=A9
 0002:000F6A48 00004338 C=DATA    S=_DATA    G=DGROUP   M=C:\FWH1312\LIB\FIVEH.LIB|BAR ACBP=A9
 0002:000FAD80 0000648C C=DATA    S=_DATA    G=DGROUP   M=C:\FWH1312\LIB\FIVEH.LIB|BTNBMP ACBP=A9
 0002:0010120C 00000CD8 C=DATA    S=_DATA    G=DGROUP   M=C:\FWH1312\LIB\FIVEH.LIB|HARBOUR ACBP=A9
 0002:00101EE4 00000018 C=DATA    S=_DATA    G=DGROUP   M=C:\FWH1312\LIB\FIVEHC.LIB|__WNDPRO ACBP=A9
 0002:00101EFC 00000004 C=DATA    S=_DATA    G=DGROUP   M=C:\FWH1312\LIB\FIVEHC.LIB|BMPREAD ACBP=A9
 0002:00101F00 00000024 C=DATA    S=_DATA    G=DGROUP   M=C:\FWH1312\LIB\FIVEHC.LIB|FFDLGPRC ACBP=A9
 0002:00101F24 0000000C C=DATA    S=_DATA    G=DGROUP   M=C:\FWH1312\LIB\FIVEHC.LIB|FFWNDRUN ACBP=A9
 0002:00101F30 0000000C C=DATA    S=_DATA    G=DGROUP   M=C:\FWH1312\LIB\FIVEHC.LIB|HARBOURC ACBP=A9
 0002:00101F3C 00000014 C=DATA    S=_DATA    G=DGROUP   M=C:\FWH1312\LIB\FIVEHC.LIB|TOOLBARS ACBP=A9
 0002:00101F50 00000014 C=DATA    S=_DATA    G=DGROUP   M=C:\FWH1312\LIB\FIVEHC.LIB|TOOLTIP ACBP=A9
 0002:00101F64 00000014 C=DATA    S=_DATA    G=DGROUP   M=C:\FWH1312\LIB\FIVEHC.LIB|WNDRUN ACBP=A9
 0002:00101F78 0000000C C=DATA    S=_DATA    G=DGROUP   M=C:\FWH1312\LIB\FIVEHC.LIB|DLGBOX ACBP=A9
 0002:00101F84 00000294 C=DATA    S=_DATA    G=DGROUP   M=C:\FWH1312\LIB\FIVEHC.LIB|CTLHDLEH ACBP=A9
 0002:00102218 0000000C C=DATA    S=_DATA    G=DGROUP   M=C:\FWH1312\LIB\FIVEHC.LIB|BARTOOLS ACBP=A9
 0002:00102224 00006318 C=DATA    S=_DATA    G=DGROUP   M=C:\FWH1312\LIB\FIVEHC.LIB|BITMAPS ACBP=A9
 0002:0010853C 00000010 C=DATA    S=_DATA    G=DGROUP   M=C:\FWH1312\LIB\FIVEHC.LIB|BMPDRAW ACBP=A9
 0002:0010854C 0000371C C=DATA    S=_DATA    G=DGROUP   M=C:\FWH1312\LIB\FIVEHC.LIB|BMPS ACBP=A9
 0002:0010BC68 00003820 C=DATA    S=_DATA    G=DGROUP   M=C:\FWH1312\LIB\FIVEHC.LIB|BRUSHES ACBP=A9
 0002:0010F488 00000002 C=DATA    S=_DATA    G=DGROUP   M=C:\FWH1312\LIB\FIVEHC.LIB|CALLDLL ACBP=A9
 0002:0010F48C 0000006C C=DATA    S=_DATA    G=DGROUP   M=C:\FWH1312\LIB\FIVEHC.LIB|CALDLL32 ACBP=A9
 0002:0010F4F8 00000004 C=DATA    S=_DATA    G=DGROUP   M=C:\FWH1312\LIB\FIVEHC.LIB|CLPBRD ACBP=A9
 0002:0010F4FC 00000011 C=DATA    S=_DATA    G=DGROUP   M=C:\FWH1312\LIB\FIVEHC.LIB|CODEGTF ACBP=A9
 0002:0010F510 00000008 C=DATA    S=_DATA    G=DGROUP   M=C:\FWH1312\LIB\FIVEHC.LIB|CREATEPA ACBP=A9
 0002:0010F518 00000008 C=DATA    S=_DATA    G=DGROUP   M=C:\FWH1312\LIB\FIVEHC.LIB|CREATESO ACBP=A9
 0002:0010F520 00000098 C=DATA    S=_DATA    G=DGROUP   M=C:\FWH1312\LIB\FIVEHC.LIB|CTL3D ACBP=A9
 0002:0010F5B8 00000008 C=DATA    S=_DATA    G=DGROUP   M=C:\FWH1312\LIB\FIVEHC.LIB|CTRLDRAW ACBP=A9
 0002:0010F5C0 00000004 C=DATA    S=_DATA    G=DGROUP   M=C:\FWH1312\LIB\FIVEHC.LIB|CTRL2CHR ACBP=A9
 0002:0010F5C4 0000065C C=DATA    S=_DATA    G=DGROUP   M=C:\FWH1312\LIB\FIVEHC.LIB|CURSORS ACBP=A9
 0002:0010FC20 00000040 C=DATA    S=_DATA    G=DGROUP   M=C:\FWH1312\LIB\FIVEHC.LIB|DATEPICK ACBP=A9
 0002:0010FC60 0000007C C=DATA    S=_DATA    G=DGROUP   M=C:\FWH1312\LIB\FIVEHC.LIB|DEVICE ACBP=A9
 0002:0010FCDC 00000004 C=DATA    S=_DATA    G=DGROUP   M=C:\FWH1312\LIB\FIVEHC.LIB|DIB ACBP=A9
 0002:0010FCE0 00000004 C=DATA    S=_DATA    G=DGROUP   M=C:\FWH1312\LIB\FIVEHC.LIB|DLOGBOX ACBP=A9
 0002:0010FCE4 00000004 C=DATA    S=_DATA    G=DGROUP   M=C:\FWH1312\LIB\FIVEHC.LIB|DRAWITEM ACBP=A9
 0002:0010FCE8 00000004 C=DATA    S=_DATA    G=DGROUP   M=C:\FWH1312\LIB\FIVEHC.LIB|DRIVES ACBP=A9
 0002:0010FCEC 00000024 C=DATA    S=_DATA    G=DGROUP   M=C:\FWH1312\LIB\FIVEHC.LIB|FGETCLIP ACBP=A9
 0002:0010FD10 00000004 C=DATA    S=_DATA    G=DGROUP   M=C:\FWH1312\LIB\FIVEHC.LIB|FGETLINE ACBP=A9
[...]
 0002:001608B4  __ectbl__ std::locale::locale(std::locale::_Locimp *)
 0002:001608CC  __odtbl__ std::_Fac_node::_Fac_node(std::_Fac_node *, std::locale::facet *)
 0002:001608DC  __ectbl__ std::_Fac_node::_Fac_node(std::_Fac_node *, std::locale::facet *)
 0002:001608F4  __odtbl__ std::_Fac_deletable::~_Fac_deletable()
 0002:00160904  __ectbl__ std::_Fac_deletable::~_Fac_deletable()
 0002:0016091C  @std@_Fac_deletable@3
 0002:0016092C  d2841_1
 0002:0016092C  std::_New_hand
 0002:00160930  d2847_1
 0002:00160A1C  d2856_1
 0002:00160A48  __odtbl__ std::_String_base::_Xlen() const
 0002:00160A74  __ectbl__ std::_String_base::_Xlen() const
 0002:00160A98  __odtbl__ std::_String_base::_Xran() const
 0002:00160AC4  __ectbl__ std::_String_base::_Xran() const
 0002:00160AE8  __odtbl__ std::length_error::length_error(const std::basic_string<char, std::char_traits<char>, std::allocator<char> >&)
 0002:00160AF8  __ectbl__ std::length_error::length_error(const std::basic_string<char, std::char_traits<char>, std::allocator<char> >&)
 0002:00160B10  __odtbl__ std::length_error::~length_error()
 0002:00160B20  __ectbl__ std::length_error::~length_error()
 0002:00160B38  __ectbl__ std::length_error::length_error(const std::length_error&)
 0002:00160B44  __odtbl__ std::out_of_range::out_of_range(const std::basic_string<char, std::char_traits<char>, std::allocator<char> >&)
 0002:00160B54  __ectbl__ std::out_of_range::out_of_range(const std::basic_string<char, std::char_traits<char>, std::allocator<char> >&)
 0002:00160B6C  __odtbl__ std::out_of_range::~out_of_range()
 0002:00160B7C  __ectbl__ std::out_of_range::~out_of_range()
 0002:00160B94  __ectbl__ std::out_of_range::out_of_range(const std::out_of_range&)
 0002:00160BA0  __odtbl__ std::logic_error::logic_error(const std::basic_string<char, std::char_traits<char>, std::allocator<char> >&)
 0002:00160BB0  __ectbl__ std::logic_error::logic_error(const std::basic_string<char, std::char_traits<char>, std::allocator<char> >&)
 0002:00160BD4  __odtbl__ std::logic_error::~logic_error()
 0002:00160BE4  __ectbl__ std::logic_error::~logic_error()
 0002:00160BFC  @std@out_of_range@3
 0002:00160C10  @std@logic_error@3
 0002:00160C24  @std@length_error@3
 0002:00160C38  __thrwl__ std::logic_error::what() const
 0002:00160C3C  __ectbl__ std::logic_error::what() const
 0002:00160C48  d2866_1
 0002:00160CD4  std::_Winit::_Init_cnt
 0002:00160CD8  __odtbl__ std::_Winit::_Winit()
 0002:00160D78  __ectbl__ std::_Winit::_Winit()
 0002:00160E50  __odtbl__ std::_Winit::~_Winit()
 0002:00160E70  __ectbl__ std::_Winit::~_Winit()
 0002:00160E94  __odtbl__ std::basic_filebuf<wchar_t, std::char_traits<wchar_t> >::basic_filebuf<wchar_t, std::char_traits<wchar_t> >(std::FILE *)
 0002:00160EA4  __ectbl__ std::basic_filebuf<wchar_t, std::char_traits<wchar_t> >::basic_filebuf<wchar_t, std::char_traits<wchar_t> >(std::FILE *)
 0002:00160EBC  __odtbl__ std::basic_istream<wchar_t, std::char_traits<wchar_t> >::basic_istream<wchar_t, std::char_traits<wchar_t> >(std::basic_streambuf<wchar_t, std::char_traits<wchar_t> > *, bool, bool)
 0002:00160ECC  __ectbl__ std::basic_istream<wchar_t, std::char_traits<wchar_t> >::basic_istream<wchar_t, std::char_traits<wchar_t> >(std::basic_streambuf<wchar_t, std::char_traits<wchar_t> > *, bool, bool)
 0002:00160EE4  __odtbl__ std::basic_ostream<wchar_t, std::char_traits<wchar_t> >::basic_ostream<wchar_t, std::char_traits<wchar_t> >(std::basic_streambuf<wchar_t, std::char_traits<wchar_t> > *, bool)
 0002:00160EF4  __ectbl__ std::basic_ostream<wchar_t, std::char_traits<wchar_t> >::basic_ostream<wchar_t, std::char_traits<wchar_t> >(std::basic_streambuf<wchar_t, std::char_traits<wchar_t> > *, bool)
 0002:00160F0C  __odtbl__ std::basic_streambuf<wchar_t, std::char_traits<wchar_t> >::basic_streambuf<wchar_t, std::char_traits<wchar_t> >()
 0002:00160F2C  __ectbl__ std::basic_streambuf<wchar_t, std::char_traits<wchar_t> >::basic_streambuf<wchar_t, std::char_traits<wchar_t> >()
 0002:00160F68  __odtbl__ std::basic_ios<wchar_t, std::char_traits<wchar_t> >::basic_ios<wchar_t, std::char_traits<wchar_t> >()
 0002:00160F78  __ectbl__ std::basic_ios<wchar_t, std::char_traits<wchar_t> >::basic_ios<wchar_t, std::char_traits<wchar_t> >()
 0002:00160F90  __odtbl__ std::basic_ios<wchar_t, std::char_traits<wchar_t> >::widen(char) const
 0002:00160FB0  __ectbl__ std::basic_ios<wchar_t, std::char_traits<wchar_t> >::widen(char) const
 0002:00160FD4  __odtbl__ const std::ctype<wchar_t>& std::use_facet<std::ctype<wchar_t> >(const std::locale&)
 0002:00161004  __ectbl__ const std::ctype<wchar_t>& std::use_facet<std::ctype<wchar_t> >(const std::locale&)
 0002:00161034  __odtbl__ std::ctype<wchar_t>::_Getcat(const std::locale::facet * *)
 0002:00161044  __ectbl__ std::ctype<wchar_t>::_Getcat(const std::locale::facet * *)
 0002:00161068  __odtbl__ std::ctype<wchar_t>::ctype<wchar_t>(unsigned int)
 0002:00161088  __ectbl__ std::ctype<wchar_t>::ctype<wchar_t>(unsigned int)
 0002:001610AC  std::_Facetptr<std::ctype<wchar_t> >::_Psave
 0002:001610B0  __odtbl__ std::basic_filebuf<wchar_t, std::char_traits<wchar_t> >::basic_filebuf<wchar_t, std::char_traits<wchar_t> >(std::_Uninitialized)
 0002:001610C0  __ectbl__ std::basic_filebuf<wchar_t, std::char_traits<wchar_t> >::basic_filebuf<wchar_t, std::char_traits<wchar_t> >(std::_Uninitialized)
 0002:001610D8  __odtbl__ std::basic_istream<wchar_t, std::char_traits<wchar_t> >::basic_istream<wchar_t, std::char_traits<wchar_t> >(std::_Uninitialized)
 0002:001610E8  __ectbl__ std::basic_istream<wchar_t, std::char_traits<wchar_t> >::basic_istream<wchar_t, std::char_traits<wchar_t> >(std::_Uninitialized)
 0002:00161100  __odtbl__ std::basic_ostream<wchar_t, std::char_traits<wchar_t> >::basic_ostream<wchar_t, std::char_traits<wchar_t> >(std::_Uninitialized)
 0002:00161110  __ectbl__ std::basic_ostream<wchar_t, std::char_traits<wchar_t> >::basic_ostream<wchar_t, std::char_traits<wchar_t> >(std::_Uninitialized)
 0002:00161128  __odtbl__ std::basic_ostream<wchar_t, std::char_traits<wchar_t> >::~basic_ostream<wchar_t, std::char_traits<wchar_t> >()
 0002:00161138  __ectbl__ std::basic_ostream<wchar_t, std::char_traits<wchar_t> >::~basic_ostream<wchar_t, std::char_traits<wchar_t> >()
 0002:00161150  __odtbl__ std::basic_istream<wchar_t, std::char_traits<wchar_t> >::~basic_istream<wchar_t, std::char_traits<wchar_t> >()
 0002:00161160  __ectbl__ std::basic_istream<wchar_t, std::char_traits<wchar_t> >::~basic_istream<wchar_t, std::char_traits<wchar_t> >()
 0002:00161178  __odtbl__ std::basic_filebuf<wchar_t, std::char_traits<wchar_t> >::~basic_filebuf<wchar_t, std::char_traits<wchar_t> >()
 0002:00161188  __ectbl__ std::basic_filebuf<wchar_t, std::char_traits<wchar_t> >::~basic_filebuf<wchar_t, std::char_traits<wchar_t> >()
 0002:001611A0  __odtbl__ std::basic_streambuf<wchar_t, std::char_traits<wchar_t> >::basic_streambuf<wchar_t, std::char_traits<wchar_t> >(std::_Uninitialized)
 0002:001611B0  __ectbl__ std::basic_streambuf<wchar_t, std::char_traits<wchar_t> >::basic_streambuf<wchar_t, std::char_traits<wchar_t> >(std::_Uninitialized)
 0002:001611C8  __odtbl__ std::basic_ios<wchar_t, std::char_traits<wchar_t> >::~basic_ios<wchar_t, std::char_traits<wchar_t> >()
 0002:001611D8  __ectbl__ std::basic_ios<wchar_t, std::char_traits<wchar_t> >::~basic_ios<wchar_t, std::char_traits<wchar_t> >()
 0002:001611F0  __odtbl__ std::basic_filebuf<wchar_t, std::char_traits<wchar_t> >::_Endwrite()
 0002:00161210  __ectbl__ std::basic_filebuf<wchar_t, std::char_traits<wchar_t> >::_Endwrite()
 0002:00161234  __ectbl__ std::basic_streambuf<wchar_t, std::char_traits<wchar_t> >::~basic_streambuf<wchar_t, std::char_traits<wchar_t> >()
 0002:00161240  @std@%ctype$b%@3
 0002:00161280  @std@%basic_ios$b19std@%char_traits$b%%@3
 0002:00161290  @std@%basic_streambuf$b19std@%char_traits$b%%@3
 0002:001612D8  @std@%basic_ostream$b19std@%char_traits$b%%@3
 0002:001612F4  @std@%basic_istream$b19std@%char_traits$b%%@3
 0002:00161310  @std@%basic_filebuf$b19std@%char_traits$b%%@3
 0002:00161358  __odtbl__ std::ctype<wchar_t>::~ctype<wchar_t>()
 0002:00161368  __ectbl__ std::ctype<wchar_t>::~ctype<wchar_t>()
 0002:00161380  __odtbl__ std::basic_filebuf<wchar_t, std::char_traits<wchar_t> >::overflow(wchar_t)
 0002:001613A0  __ectbl__ std::basic_filebuf<wchar_t, std::char_traits<wchar_t> >::overflow(wchar_t)
 0002:001613C4  __odtbl__ std::basic_filebuf<wchar_t, std::char_traits<wchar_t> >::uflow()
 0002:001613E4  __ectbl__ std::basic_filebuf<wchar_t, std::char_traits<wchar_t> >::uflow()
 0002:00161408  __odtbl__ const std::codecvt<wchar_t, char, int>& std::use_facet<std::codecvt<wchar_t, char, int> >(const std::locale&)
 0002:00161438  __ectbl__ const std::codecvt<wchar_t, char, int>& std::use_facet<std::codecvt<wchar_t, char, int> >(const std::locale&)
 0002:00161468  __odtbl__ std::codecvt<wchar_t, char, int>::_Getcat(const std::locale::facet * *)
 0002:00161478  __ectbl__ std::codecvt<wchar_t, char, int>::_Getcat(const std::locale::facet * *)
 0002:0016149C  __odtbl__ std::codecvt<wchar_t, char, int>::codecvt<wchar_t, char, int>(unsigned int)
 0002:001614BC  __ectbl__ std::codecvt<wchar_t, char, int>::codecvt<wchar_t, char, int>(unsigned int)
 0002:001614E0  @std@%codecvt$bci%@3
 0002:0016150C  std::_Facetptr<std::codecvt<wchar_t, char, int> >::_Psave
 0002:00161510  __odtbl__ std::codecvt<wchar_t, char, int>::~codecvt<wchar_t, char, int>()
 0002:00161520  __ectbl__ std::codecvt<wchar_t, char, int>::~codecvt<wchar_t, char, int>()
 0002:00161538  __thrwl__ std::codecvt<wchar_t, char, int>::do_always_noconv() const
 0002:0016153C  __ectbl__ std::codecvt<wchar_t, char, int>::do_always_noconv() const
 0002:00161548  __thrwl__ std::codecvt<wchar_t, char, int>::do_max_length() const
 0002:0016154C  __ectbl__ std::codecvt<wchar_t, char, int>::do_max_length() const
 0002:00161558  __thrwl__ std::codecvt<wchar_t, char, int>::do_encoding() const
 0002:0016155C  __ectbl__ std::codecvt<wchar_t, char, int>::do_encoding() const
 0002:00161568  std::ctype<wchar_t>::id
 0002:0016156C  __vdflg__ std::ctype<wchar_t>::id
 0002:00161570  time_put<wchar_t, std::ostreambuf_iterator<wchar_t, std::char_traits<wchar_t> > >::id
 0002:00161574  __vdflg__ time_put<wchar_t, std::ostreambuf_iterator<wchar_t, std::char_traits<wchar_t> > >::id
 0002:00161578  std::num_get<wchar_t, std::istreambuf_iterator<wchar_t, std::char_traits<wchar_t> > >::id
 0002:0016157C  __vdflg__ std::num_get<wchar_t, std::istreambuf_iterator<wchar_t, std::char_traits<wchar_t> > >::id
 0002:00161580  std::num_put<wchar_t, std::ostreambuf_iterator<wchar_t, std::char_traits<wchar_t> > >::id
 0002:00161584  __vdflg__ std::num_put<wchar_t, std::ostreambuf_iterator<wchar_t, std::char_traits<wchar_t> > >::id
 0002:00161588  std::numpunct<wchar_t>::id
 0002:0016158C  __vdflg__ std::numpunct<wchar_t>::id
 0002:00161590  std::collate<wchar_t>::id
 0002:00161594  __vdflg__ std::collate<wchar_t>::id
 0002:00161598  std::messages<wchar_t>::id
 0002:0016159C  __vdflg__ std::messages<wchar_t>::id
 0002:001615A0  std::money_get<wchar_t, std::istreambuf_iterator<wchar_t, std::char_traits<wchar_t> > >::id
 0002:001615A4  __vdflg__ std::money_get<wchar_t, std::istreambuf_iterator<wchar_t, std::char_traits<wchar_t> > >::id
 0002:001615A8  std::money_put<wchar_t, std::ostreambuf_iterator<wchar_t, std::char_traits<wchar_t> > >::id
 0002:001615AC  __vdflg__ std::money_put<wchar_t, std::ostreambuf_iterator<wchar_t, std::char_traits<wchar_t> > >::id
 0002:001615B0  std::moneypunct<wchar_t, 0>::id
 0002:001615B4  __vdflg__ std::moneypunct<wchar_t, 0>::id
 0002:001615B8  std::moneypunct<wchar_t, 1>::id
 0002:001615BC  __vdflg__ std::moneypunct<wchar_t, 1>::id
 0002:001615C0  std::time_get<wchar_t, std::istreambuf_iterator<wchar_t, std::char_traits<wchar_t> > >::id
 0002:001615C4  __vdflg__ std::time_get<wchar_t, std::istreambuf_iterator<wchar_t, std::char_traits<wchar_t> > >::id
 0002:001615C8  d2874_1
 0002:001617CC  d2878_1
 0002:00161830  d3020_1
 0002:00161834  d3022_1
 0002:00161944  d3032_1
 0002:00161948  __heap_redirector
 0002:00161964  __virt_heap_size
 0002:00161964  d3036_1
 0002:00161968  __virt_chunk_size
 0002:0016196C  __virt_chunk_size2
 0002:00161970  __nv_heap_size
 0002:00161974  __smalloc_threshold
 0002:00161978  __virt_chunk_free
 0002:0016197C  __virt_chunk_free2
 0002:00161980  __firstHeap
 0002:00161984  __lastHeap
 0002:00161988  __linktable
 0002:0016198C  __freeStart
 0002:00161998  __rover
 0002:001619A0  ___allocated
 0002:001619A4  d3182_1
 0002:001619B8  d3254_0
 0002:001619B8  ___xxPersonality
 0002:001619BC  d3256_1
 0002:00161CE0  @std@bad_typeid@3
 0002:00161CF4  d3258_1
 0002:00161CF4  ___terminatePTR
 0002:00161CF8  ___unexpectdPTR
 0002:00161CFC  d3260_1
 0002:00161CFC  ___CPPexceptionList
 0002:00161D00  ___exceptFlags
 0002:00161D04  ___throwFileName
 0002:00161D08  ___throwLineNumber
 0002:00161D0C  ___throwExceptionName
 0002:00161D10  ___exceptStaticBuffP
 0002:00161D14  ___exceptMemAllocVars
 0002:00161D18  ___ExceptStaticXbuff
 0002:00161D98  __ExceptVarsSize
 0002:00161DAC  __chtbl__ __call_terminate()
 0002:00161DCC  __ectbl__ __call_terminate()
 0002:00161DE4  d3266_1
 0002:00161DE4  __stkchk
 0002:00161DF8  __cfinfo_get
 0002:00161DF8  d3302_1
 0002:00161DFC  d3356_1
 0002:00161DFC  __notUmask
 0002:00161E00  d3382_0
 0002:00161E00  __fileinfo
 0002:00161E04  d3452_0
 0002:00161E04  __streams
 0002:001622B4  d3454_0
 0002:001622B4  __nfile
 0002:001622B8  __openfd
 0002:00162380  __fmode
 0002:00162380  d3464_0
 0002:00162384  d3466_1
 0002:00162384  __fmodeptr
 0002:00162388  d3531_1
 0002:00162388  __dosErrorToSV
 0002:001624B4  d3554_1
 0002:001624C0  __sys_errlist
 0002:001624C0  d3562_1
 0002:00162588  __sys_nerr
 0002:00162954  d3656_1
 0002:001629CC  __chartype
 0002:001629CC  d3736_0
 0002:00162BD0  __localeconvention
 0002:00162BD0  d3738_1
 0002:00162C0C  d3740_1
 0002:00162C5C  d3742_0
 0002:00162C5C  __lower
 0002:00162D5C  __upper
 0002:00162D5C  d3746_0
 0002:00162E5C  d3762_1
 0002:00162E5C  ___mb_cur_max
 0002:00162E60  ___localeLock
 0002:00162F74  d3764_0
 0002:00162F74  _CMonetary
 0002:00162FA8  _CNumeric
 0002:00162FC0  _CTimeDate
 0002:00163084  _CLOCALE
 0002:001630B0  ___locale
 0002:001631D4  d3766_1
 0002:00163260  d3892_1
 0002:00163270  d3898_1
 0002:00163330  d3935_1
 0002:0016333C  d3953_1
 0002:0016333C  __realcvtptr
 0002:00163340  __nextrealptr
 0002:00163344  __scantodptr
 0002:00163348  __scanrsltptr
 0002:001633A4  __realcvtwptr
 0002:001633A4  d3955_1
 0002:001633A8  __nextrealwptr
 0002:001633AC  __scanwtodptr
 0002:001633B0  __scanwrsltptr
 0002:0016340C  d3957_0
 0002:0016340C  __default87
 0002:00163410  d3963_1
 0002:0016341C  d3971_1
 0002:00163430  d3973_1
 0002:00163448  d4011_0
 0002:00163448  __huge_flt
 0002:0016344C  __huge_dble
 0002:00163454  __huge_ldble
 0002:0016345E  __max_flt
 0002:00163462  __max_dble
 0002:0016346A  __max_ldble
 0002:00163474  __indefinite
 0002:00163478  __tiny_ldble
 0002:00163484  ___ieee_64_p_inf
 0002:0016348C  ___ieee_64_n_inf
 0002:00163494  ___ieee_64_p_nanq
 0002:0016349C  ___ieee_64_n_nanq
 0002:001634A4  ___ieee_64_p_nans
 0002:001634AC  ___ieee_64_n_nans
 0002:001634B4  ___ieee_64_p_zero
 0002:001634BC  ___ieee_64_n_zero
 0002:001634C4  d4021_0
 0002:001634C4  __turboFloat
 0002:001634C8  __floatconvert
 0002:001634CC  d4034_1
 0002:001634D8  d4036_1
 0002:001634E8  __pmatherr
 0002:001634E8  d4058_1
 0002:001634EC  __pmatherrl
 0002:001634F0  d4062_0
 0002:001634F0  __mathwhy
 0002:00163534  d4072_1
 0002:00163550  d4086_1
 0002:00163564  d4088_1
 0002:0016358C  d4095_1
 0002:001635B4  d4097_1
 0002:001635DC  d4099_1
 0002:001635E8  d4107_1
 0002:001635F8  __kalpha
 0002:001635F8  d4155_1
 0002:001635FA  __kpunct
 0002:00163640  d4291_1
 0002:00163664  d4305_1
 0002:00163688  _errno
 0002:00163688  d4307_1
 0002:0016368C  __messagefunc
 0002:0016368C  d4309_1
 0002:00163690  __messagefile
 0002:0016369C  d4317_1
 0002:001636C4  d4336_1
 0002:001636E4  ___pCallAtExitProcs
 0002:001636E4  d4338_0
 0002:001636E8  d4374_1
 0002:001636E8  __exitbuf
 0002:001636EC  __exitfopen
 0002:001636F0  __exitopen
 0002:001636F4  __setargv_ptr
 0002:001636F4  d4394_0
 0002:001636F8  __exitargv_ptr
 0002:001636FC  d4396_0
 0002:001636FC  __wsetargv_ptr
 0002:00163700  __wexitargv_ptr
 0002:00163704  d4398_1
 0002:00163704  __setargv__
 0002:00163758  d4400_1
 0002:00163758  __cmdline_escapes
 0002:00163780  d4402_1
 0002:001637A4  d4455_0
 0002:001637A4  __argv_expand_ptr
 0002:001637A8  d4457_0
 0002:001637A8  __wargv_expand_ptr
 0002:001637AC  d4459_1
 0002:001637AC  __argv0
 0002:001637CC  d4473_1
 0002:001637CC  __setenvp__
 0002:00163820  d4477_1
 0002:00163880  d4495_0
 0002:00163880  __isWindows
 0002:00163884  d4496_1
 0002:00163888  d4591_1
 0002:00163888  ___debuggerDisableTerminateCallback
 0002:00164174  d4745_0
 0002:00164174  _GUID_NULL
 0002:00164184  _IID_IUnknown
 0002:00164194  _IID_IRichEditOleCallback
 0002:001641A4  _IID_IEnumVARIANT
 0002:001641B4  _IID_IDispatch
 0002:001641C4  _IID_IDataObject
 0002:001641D4  _IID_IOleObject
 0003:00000000  _pHTMLHELP
 0003:00000000  b153_2
 0003:00000004  b251_2
 0003:00000004  _fp
 0003:00000008  _nDocLen
 0003:0000000C  b563_2
 0003:0000177C  b565_2
 0003:0000190C  b571_2
 0003:00001A18  b607_2
 0003:00001A74  b613_2
 0003:00001ACC  b711_2
 0003:00001B74  b733_2
 0003:00001B78  b749_2
 0003:00001C18  b785_1
 0003:00001C90  b795_1
 0003:00001CE4  b807_2
 0003:00001E24  b829_2
 0003:00001E2C  b839_2
 0003:00001E70  b861_2
 0003:00001E88  _fnIsWow64Process
 0003:00001E88  b919_2
 0003:00001E8C  b1147_2
 0003:0000218C  b1203_2
 0003:0000228C  b1235_2
 0003:00002294  b1281_2
 0003:00002320  b1668_2
 0003:00002324  b1678_2
 0003:00002324  _hb_stack
 0003:00002610  b1680_2
 0003:00002628  b1682_2
 0003:00002818  b1748_2
 0003:00002A10  b1840_2
 0003:00002BA0  b2214_2
 0003:00002D34  b2216_2
 0003:00002EC4  b2220_2
 0003:00003054  b2517_2
 0003:00003060  b2833_2
 0003:00003060  std::_Ios_init
 0003:00003068  std::_Wios_init
 0003:00003120  std::cin
 0003:00003170  std::cout
 0003:00003210  std::cerr
 0003:00003258  std::clog
 0003:000032A4  std::fpos<int>::_Stz
 0003:000032A8  b2837_2
 0003:000032B0  b2839_2
 0003:000032C0  b2847_2
 0003:000032C4  b2866_2
 0003:000033CC  std::wcin
 0003:0000341C  std::wcout
 0003:00003464  std::wcerr
 0003:000034AC  std::wclog
 0003:000034F8  b2878_2
 0003:00003500  b3022_2
 0003:00003500  __bormm_pfn_FreeMem
 0003:00003504  __bormm_pfn_GetMem
 0003:00003508  __bormm_pfn_ReallocMem
 0003:0000350C  __bormm_pfn_HeapAddRef
 0003:00003510  __bormm_pfn_HeapRelease
 0003:00003518  __borlndmm_GetMem
 0003:0000351C  b3182_2
 0003:000035C0  b3256_2
 0003:000039C8  __DestructorCountPtr
 0003:000039C8  b3260_2
 0003:000039D0  b3266_2
 0003:000039D0  __HandlerPtr
 0003:000039D4  __UserHandlerPtr
 0003:000039D8  __pidtab
 0003:000039D8  b3454_1
 0003:00003AA0  __handles
 0003:00003B68  __doserrno
 0003:00003B68  b3531_2
 0003:00003B6C  b3537_1
 0003:00003B70  b3539_1
 0003:00003B74  b3554_2
 0003:00003B74  __tmpnum
 0003:00003B84  __mbctype
 0003:00003B84  b4155_2
 0003:00003C88  __mbcsCodePage
 0003:00003C8C  b4291_2
 0003:00003D8C  b4305_2
 0003:00003DA8  __ostype
 0003:00003DA8  b4317_2
 0003:00003DAC  b4321_1
 0003:00003DB4  __argv
 0003:00003DB4  b4398_2
 0003:00003DC0  b4400_2
 0003:00003DC4  b4402_2
 0003:00003DC8  b4473_2
 0003:00003DC8  __environ
 0003:00003DD0  __envsize
 0003:00003DD4  __env_lock
 0003:00003DD8  b4495_1
 0003:00003DD8  __C0argc
 0003:00003DDC  __C0argv
 0003:00003DE0  __C0environ
 0003:00003DE4  __oscmd
 0003:00003DE8  __osenv
 0003:00003DEC  __argc
 0003:00003DF0  __dll_table
 0003:00003DF8  __ExcRegPtr
 0003:00003DFC  __wosenv
 0003:00003E00  __woscmd
 0003:00003E04  __wC0argv
 0003:00003E08  __wC0environ
 0003:00003E0C  __exe_table
 0003:00003E14  __stkbase
 0003:00003E18  b4591_2
 0003:00003E1C  ___pCPPdebugHook
 0004:00000000  ___xxInfo
 0004:00000000  t3260_3
